###############################################################################
#
# IAR ELF Linker V8.30.1.114/W32 for ARM                  12/May/2022  09:22:16
# Copyright 2007-2018 IAR Systems AB.
#
#    Output file  =  D:\Work\Gerkon\system software\EWARM\config\Exe\config.out
#    Map file     =  
#        D:\Work\Gerkon\system software\EWARM\config\List\config.map
#    Command line =  
#        -f C:\Users\PopovIA\AppData\Local\Temp\EW8E39.tmp
#        ("D:\Work\Gerkon\system software\EWARM\config\Obj\altcp.o"
#        "D:\Work\Gerkon\system software\EWARM\config\Obj\altcp_alloc.o"
#        "D:\Work\Gerkon\system software\EWARM\config\Obj\altcp_tcp.o"
#        "D:\Work\Gerkon\system software\EWARM\config\Obj\analog.o"
#        "D:\Work\Gerkon\system software\EWARM\config\Obj\api_lib.o"
#        "D:\Work\Gerkon\system software\EWARM\config\Obj\api_msg.o"
#        "D:\Work\Gerkon\system software\EWARM\config\Obj\auth.o"
#        "D:\Work\Gerkon\system software\EWARM\config\Obj\autoip.o"
#        "D:\Work\Gerkon\system software\EWARM\config\Obj\bridgeif.o"
#        "D:\Work\Gerkon\system software\EWARM\config\Obj\bridgeif_fdb.o"
#        "D:\Work\Gerkon\system software\EWARM\config\Obj\ccp.o"
#        "D:\Work\Gerkon\system software\EWARM\config\Obj\chap-md5.o"
#        "D:\Work\Gerkon\system software\EWARM\config\Obj\chap-new.o"
#        "D:\Work\Gerkon\system software\EWARM\config\Obj\chap_ms.o"
#        "D:\Work\Gerkon\system software\EWARM\config\Obj\cmsis_os.o"
#        "D:\Work\Gerkon\system software\EWARM\config\Obj\croutine.o"
#        "D:\Work\Gerkon\system software\EWARM\config\Obj\def.o"
#        "D:\Work\Gerkon\system software\EWARM\config\Obj\demand.o"
#        "D:\Work\Gerkon\system software\EWARM\config\Obj\dhcp.o"
#        "D:\Work\Gerkon\system software\EWARM\config\Obj\dhcp6.o"
#        "D:\Work\Gerkon\system software\EWARM\config\Obj\dns.o"
#        "D:\Work\Gerkon\system software\EWARM\config\Obj\eap.o"
#        "D:\Work\Gerkon\system software\EWARM\config\Obj\ecp.o"
#        "D:\Work\Gerkon\system software\EWARM\config\Obj\eeprom.o"
#        "D:\Work\Gerkon\system software\EWARM\config\Obj\err.o"
#        "D:\Work\Gerkon\system software\EWARM\config\Obj\etharp.o"
#        "D:\Work\Gerkon\system software\EWARM\config\Obj\ethernet.o"
#        "D:\Work\Gerkon\system software\EWARM\config\Obj\ethernetif.o"
#        "D:\Work\Gerkon\system software\EWARM\config\Obj\ethip6.o"
#        "D:\Work\Gerkon\system software\EWARM\config\Obj\eui64.o"
#        "D:\Work\Gerkon\system software\EWARM\config\Obj\event_groups.o"
#        "D:\Work\Gerkon\system software\EWARM\config\Obj\freertos.o"
#        "D:\Work\Gerkon\system software\EWARM\config\Obj\fs.o"
#        "D:\Work\Gerkon\system software\EWARM\config\Obj\fsm.o"
#        "D:\Work\Gerkon\system software\EWARM\config\Obj\heap_4.o"
#        "D:\Work\Gerkon\system software\EWARM\config\Obj\httpd.o"
#        "D:\Work\Gerkon\system software\EWARM\config\Obj\httpd_cgi_ssi.o"
#        "D:\Work\Gerkon\system software\EWARM\config\Obj\icmp.o"
#        "D:\Work\Gerkon\system software\EWARM\config\Obj\icmp6.o"
#        "D:\Work\Gerkon\system software\EWARM\config\Obj\if_api.o"
#        "D:\Work\Gerkon\system software\EWARM\config\Obj\igmp.o"
#        "D:\Work\Gerkon\system software\EWARM\config\Obj\inet6.o"
#        "D:\Work\Gerkon\system software\EWARM\config\Obj\inet_chksum.o"
#        "D:\Work\Gerkon\system software\EWARM\config\Obj\init.o"
#        "D:\Work\Gerkon\system software\EWARM\config\Obj\ip.o"
#        "D:\Work\Gerkon\system software\EWARM\config\Obj\ip4.o"
#        "D:\Work\Gerkon\system software\EWARM\config\Obj\ip4_addr.o"
#        "D:\Work\Gerkon\system software\EWARM\config\Obj\ip4_frag.o"
#        "D:\Work\Gerkon\system software\EWARM\config\Obj\ip6.o"
#        "D:\Work\Gerkon\system software\EWARM\config\Obj\ip6_addr.o"
#        "D:\Work\Gerkon\system software\EWARM\config\Obj\ip6_frag.o"
#        "D:\Work\Gerkon\system software\EWARM\config\Obj\ipcp.o"
#        "D:\Work\Gerkon\system software\EWARM\config\Obj\ipv6cp.o"
#        "D:\Work\Gerkon\system software\EWARM\config\Obj\lcp.o"
#        "D:\Work\Gerkon\system software\EWARM\config\Obj\list.o"
#        "D:\Work\Gerkon\system software\EWARM\config\Obj\lowpan6.o"
#        "D:\Work\Gerkon\system software\EWARM\config\Obj\lowpan6_ble.o"
#        "D:\Work\Gerkon\system software\EWARM\config\Obj\lowpan6_common.o"
#        "D:\Work\Gerkon\system software\EWARM\config\Obj\lwip.o"
#        "D:\Work\Gerkon\system software\EWARM\config\Obj\magic.o"
#        "D:\Work\Gerkon\system software\EWARM\config\Obj\main.o"
#        "D:\Work\Gerkon\system software\EWARM\config\Obj\mem.o"
#        "D:\Work\Gerkon\system software\EWARM\config\Obj\memp.o"
#        "D:\Work\Gerkon\system software\EWARM\config\Obj\mld6.o"
#        "D:\Work\Gerkon\system software\EWARM\config\Obj\mppe.o"
#        "D:\Work\Gerkon\system software\EWARM\config\Obj\mqtt.o"
#        "D:\Work\Gerkon\system software\EWARM\config\Obj\multilink.o"
#        "D:\Work\Gerkon\system software\EWARM\config\Obj\nd6.o"
#        "D:\Work\Gerkon\system software\EWARM\config\Obj\netbuf.o"
#        "D:\Work\Gerkon\system software\EWARM\config\Obj\netdb.o"
#        "D:\Work\Gerkon\system software\EWARM\config\Obj\netif.o"
#        "D:\Work\Gerkon\system software\EWARM\config\Obj\netifapi.o"
#        "D:\Work\Gerkon\system software\EWARM\config\Obj\pbuf.o"
#        "D:\Work\Gerkon\system software\EWARM\config\Obj\port.o"
#        "D:\Work\Gerkon\system software\EWARM\config\Obj\portasm.o"
#        "D:\Work\Gerkon\system software\EWARM\config\Obj\ppp.o"
#        "D:\Work\Gerkon\system software\EWARM\config\Obj\pppapi.o"
#        "D:\Work\Gerkon\system software\EWARM\config\Obj\pppcrypt.o"
#        "D:\Work\Gerkon\system software\EWARM\config\Obj\pppoe.o"
#        "D:\Work\Gerkon\system software\EWARM\config\Obj\pppol2tp.o"
#        "D:\Work\Gerkon\system software\EWARM\config\Obj\pppos.o"
#        "D:\Work\Gerkon\system software\EWARM\config\Obj\process.o"
#        "D:\Work\Gerkon\system software\EWARM\config\Obj\queue.o"
#        "D:\Work\Gerkon\system software\EWARM\config\Obj\raw.o"
#        "D:\Work\Gerkon\system software\EWARM\config\Obj\slipif.o"
#        "D:\Work\Gerkon\system software\EWARM\config\Obj\sockets.o"
#        "D:\Work\Gerkon\system
#        software\EWARM\config\Obj\startup_stm32f745xx.o"
#        "D:\Work\Gerkon\system software\EWARM\config\Obj\stats.o"
#        "D:\Work\Gerkon\system software\EWARM\config\Obj\stm32f7xx_hal.o"
#        "D:\Work\Gerkon\system software\EWARM\config\Obj\stm32f7xx_hal_adc.o"
#        "D:\Work\Gerkon\system
#        software\EWARM\config\Obj\stm32f7xx_hal_adc_ex.o"
#        "D:\Work\Gerkon\system
#        software\EWARM\config\Obj\stm32f7xx_hal_cortex.o"
#        "D:\Work\Gerkon\system software\EWARM\config\Obj\stm32f7xx_hal_dac.o"
#        "D:\Work\Gerkon\system
#        software\EWARM\config\Obj\stm32f7xx_hal_dac_ex.o"
#        "D:\Work\Gerkon\system software\EWARM\config\Obj\stm32f7xx_hal_dma.o"
#        "D:\Work\Gerkon\system
#        software\EWARM\config\Obj\stm32f7xx_hal_dma_ex.o"
#        "D:\Work\Gerkon\system software\EWARM\config\Obj\stm32f7xx_hal_eth.o"
#        "D:\Work\Gerkon\system software\EWARM\config\Obj\stm32f7xx_hal_exti.o"
#        "D:\Work\Gerkon\system
#        software\EWARM\config\Obj\stm32f7xx_hal_flash.o"
#        "D:\Work\Gerkon\system
#        software\EWARM\config\Obj\stm32f7xx_hal_flash_ex.o"
#        "D:\Work\Gerkon\system software\EWARM\config\Obj\stm32f7xx_hal_gpio.o"
#        "D:\Work\Gerkon\system software\EWARM\config\Obj\stm32f7xx_hal_i2c.o"
#        "D:\Work\Gerkon\system
#        software\EWARM\config\Obj\stm32f7xx_hal_i2c_ex.o"
#        "D:\Work\Gerkon\system software\EWARM\config\Obj\stm32f7xx_hal_msp.o"
#        "D:\Work\Gerkon\system software\EWARM\config\Obj\stm32f7xx_hal_pwr.o"
#        "D:\Work\Gerkon\system
#        software\EWARM\config\Obj\stm32f7xx_hal_pwr_ex.o"
#        "D:\Work\Gerkon\system software\EWARM\config\Obj\stm32f7xx_hal_rcc.o"
#        "D:\Work\Gerkon\system
#        software\EWARM\config\Obj\stm32f7xx_hal_rcc_ex.o"
#        "D:\Work\Gerkon\system
#        software\EWARM\config\Obj\stm32f7xx_hal_sdram.o"
#        "D:\Work\Gerkon\system software\EWARM\config\Obj\stm32f7xx_hal_spi.o"
#        "D:\Work\Gerkon\system
#        software\EWARM\config\Obj\stm32f7xx_hal_spi_ex.o"
#        "D:\Work\Gerkon\system software\EWARM\config\Obj\stm32f7xx_hal_tim.o"
#        "D:\Work\Gerkon\system
#        software\EWARM\config\Obj\stm32f7xx_hal_tim_ex.o"
#        "D:\Work\Gerkon\system software\EWARM\config\Obj\stm32f7xx_it.o"
#        "D:\Work\Gerkon\system software\EWARM\config\Obj\stm32f7xx_ll_fmc.o"
#        "D:\Work\Gerkon\system software\EWARM\config\Obj\stream_buffer.o"
#        "D:\Work\Gerkon\system software\EWARM\config\Obj\sys.o"
#        "D:\Work\Gerkon\system software\EWARM\config\Obj\sys_arch.o"
#        "D:\Work\Gerkon\system software\EWARM\config\Obj\system_stm32f7xx.o"
#        "D:\Work\Gerkon\system software\EWARM\config\Obj\tasks.o"
#        "D:\Work\Gerkon\system software\EWARM\config\Obj\tcp.o"
#        "D:\Work\Gerkon\system software\EWARM\config\Obj\tcp_in.o"
#        "D:\Work\Gerkon\system software\EWARM\config\Obj\tcp_out.o"
#        "D:\Work\Gerkon\system software\EWARM\config\Obj\tcpip.o"
#        "D:\Work\Gerkon\system software\EWARM\config\Obj\timeouts.o"
#        "D:\Work\Gerkon\system software\EWARM\config\Obj\timers.o"
#        "D:\Work\Gerkon\system software\EWARM\config\Obj\udp.o"
#        "D:\Work\Gerkon\system software\EWARM\config\Obj\upap.o"
#        "D:\Work\Gerkon\system software\EWARM\config\Obj\utils.o"
#        "D:\Work\Gerkon\system software\EWARM\config\Obj\vj.o"
#        "D:\Work\Gerkon\system software\EWARM\config\Obj\zepif.o" --redirect
#        _Printf=_PrintfFull --redirect _Scanf=_ScanfFull --no_out_extension -o
#        "D:\Work\Gerkon\system software\EWARM\config\Exe\config.out" --map
#        "D:\Work\Gerkon\system software\EWARM\config\List\config.map" --config
#        "D:\Work\Gerkon\system software\EWARM/stm32f745xx_flash.icf"
#        --semihosting --entry __iar_program_start --vfe --text_out locale)
#
###############################################################################

*******************************************************************************
*** RUNTIME MODEL ATTRIBUTES
***

CppFlavor       = *
__Heap_Handler  = Basic
__SystemLibrary = DLib
__dlib_version  = 6


*******************************************************************************
*** HEAP SELECTION
***

The basic heap was selected because no calls to memory allocation
functions were found in the application outside of system library
functions, and there are calls to deallocation functions in the
application.


*******************************************************************************
*** PLACEMENT SUMMARY
***

"A0":  place at 0x800'0000 { ro section .intvec };
"P1":  place in [from 0x800'0000 to 0x80f'ffff] { ro };
define block CSTACK with size = 1K, alignment = 8 { };
define block HEAP with size = 512, alignment = 8 { };
"P2":  place in [from 0x2000'0000 to 0x2004'afff] {
          rw, block CSTACK, block HEAP };
"P3":  place in [from 0x2004'b000 to 0x2004'ffff] { rw section VARIABLE_MASS };
initialize by copy { rw };

  Section            Kind         Address     Size  Object
  -------            ----         -------     ----  ------
"A0":                                        0x1c8
  .intvec            ro code   0x800'0000    0x1c8  startup_stm32f745xx.o [1]
                             - 0x800'01c8    0x1c8

"P1":                                      0x22baf
  .rodata            const     0x800'01c8   0x2aac  fs.o [1]
  .rodata            const     0x800'2c74   0x1e4c  fs.o [1]
  .text              ro code   0x800'4ac0   0x1c14  tcp_in.o [1]
  .text              ro code   0x800'66d4     0x28  printf.o [2]
  .text              ro code   0x800'66fc     0x50  ip4_addr.o [1]
  .text              ro code   0x800'674c     0x2c  def.o [1]
  .text              ro code   0x800'6778    0x9f0  pbuf.o [1]
  .text              ro code   0x800'7168   0x1536  tcp.o [1]
  .text              ro code   0x800'869e     0x7a  lz77_init_single.o [4]
  .text              ro code   0x800'8718   0x19a4  tcp_out.o [1]
  .text              ro code   0x800'a0bc    0x218  timeouts.o [1]
  .text              ro code   0x800'a2d4    0x448  ip4.o [1]
  .text              ro code   0x800'a71c    0xf7a  xprintffull.o [2]
  .text              ro code   0x800'b696     0x3a  zero_init3.o [4]
  .text              ro code   0x800'b6d0    0x164  sys_arch.o [1]
  .text              ro code   0x800'b834    0x268  tcpip.o [1]
  .text              ro code   0x800'ba9c    0x144  memp.o [1]
  .text              ro code   0x800'bbe0    0x6b8  mem.o [1]
  .text              ro code   0x800'c298     0xa6  ABImemcpy.o [4]
  .text              ro code   0x800'c33e     0x1e  xencoding_8859_1.o [2]
  .text              ro code   0x800'c35c     0xa4  rand.o [2]
  .text              ro code   0x800'c400     0x66  ABImemset.o [4]
  .text              ro code   0x800'c466      0xa  xsprout.o [2]
  .text              ro code   0x800'c470    0x45c  netif.o [1]
  .text              ro code   0x800'c8cc    0x682  ethernetif.o [1]
  .rodata            const     0x800'cf4e      0x2  httpd_cgi_ssi.o [1]
  .text              ro code   0x800'cf50    0xa80  ip4_frag.o [1]
  .text              ro code   0x800'd9d0    0x7bc  udp.o [1]
  .text              ro code   0x800'e18c    0x2c0  icmp.o [1]
  .text              ro code   0x800'e44c     0xa4  xlocale_c.o [2]
  .text              ro code   0x800'e4f0     0x16  strchr.o [4]
  .text              ro code   0x800'e508     0x40  xfail_s.o [2]
  .text              ro code   0x800'e548     0x36  strlen.o [4]
  .text              ro code   0x800'e580     0x58  memchr.o [4]
  .text              ro code   0x800'e5d8      0xa  xmbcurmax.o [2]
  .text              ro code   0x800'e5e4    0x230  I64DivMod.o [4]
  .text              ro code   0x800'e814    0x1a2  DblMul.o [3]
  .text              ro code   0x800'e9b8     0x70  frexp.o [3]
  .text              ro code   0x800'ea28     0x2e  DblCmpLe.o [3]
  .text              ro code   0x800'ea58     0x2e  DblCmpGe.o [3]
  .text              ro code   0x800'ea88    0x13a  ldexp.o [3]
  .text              ro code   0x800'ebc4     0x3a  DblToS32.o [3]
  .text              ro code   0x800'ec00     0x22  S32ToDbl.o [3]
  .text              ro code   0x800'ec24     0xe2  DblSub.o [3]
  .text              ro code   0x800'ed08    0x246  DblDiv.o [3]
  .text              ro code   0x800'ef50     0x28  DblToU32.o [3]
  .text              ro code   0x800'ef78     0x1a  U32ToDbl.o [3]
  .text              ro code   0x800'ef94    0x738  cmsis_os.o [1]
  .text              ro code   0x800'f6cc      0x6  ABImemclr4.o [4]
  .text              ro code   0x800'f6d4     0x48  init.o [1]
  .text              ro code   0x800'f71c    0xb30  etharp.o [1]
  .text              ro code   0x801'024c   0x167a  dhcp.o [1]
  .text              ro code   0x801'18c8    0x2b8  stm32f7xx_hal_gpio.o [1]
  .text              ro code   0x801'1b80    0x158  stm32f7xx_hal_cortex.o [1]
  .text              ro code   0x801'1cd8     0xa0  eeprom.o [1]
  .text              ro code   0x801'1d78    0xccc  stm32f7xx_hal_eth.o [1]
  .text              ro code   0x801'2a44      0xc  stm32f7xx_hal.o [1]
  .text              ro code   0x801'2a50      0x6  abort.o [2]
  .text              ro code   0x801'2a58      0x2  I64DivZer.o [4]
  .text              ro code   0x801'2a5c    0x17a  DblAdd.o [3]
  .text              ro code   0x801'2bd8    0xc58  tasks.o [1]
  .text              ro code   0x801'3830    0xb64  queue.o [1]
  .text              ro code   0x801'4394    0x288  heap_4.o [1]
  .text              ro code   0x801'461c    0x244  port.o [1]
  .text              ro code   0x801'4860     0x32  ABImemset48.o [4]
  .text              ro code   0x801'4894    0x158  ethernet.o [1]
  .text              ro code   0x801'49ec    0x7e4  stm32f7xx_hal_i2c.o [1]
  .text              ro code   0x801'51d0    0x66c  stm32f7xx_hal_rcc.o [1]
  .text              ro code   0x801'583c     0x28  stm32f7xx_hal.o [1]
  .text              ro code   0x801'5864      0x2  stm32f7xx_hal_eth.o [1]
  .text              ro code   0x801'5866      0x2  stm32f7xx_hal_eth.o [1]
  .text              ro code   0x801'5868     0x14  exit.o [5]
  .text              ro code   0x801'587c     0x9a  list.o [1]
  .text              ro code   0x801'5918     0x18  freertos.o [1]
  CODE               ro code   0x801'5930     0xb4  portasm.o [1]
  .text              ro code   0x801'59e4     0x68  memcmp.o [4]
  .text              ro code   0x801'5a4c    0x3dc  stm32f7xx_hal_msp.o [1]
  .text              ro code   0x801'5e28     0x4c  stm32f7xx_hal.o [1]
  .text              ro code   0x801'5e74     0x80  iarttio.o [5]
  .text              ro code   0x801'5ef4    0x588  stm32f7xx_hal_dma.o [1]
  .text              ro code   0x801'647c    0x9fa  main.o [1]
  .text              ro code   0x801'6e78     0x3c  XShttio.o [2]
  .text              ro code   0x801'6eb4     0x24  stm32f7xx_hal.o [1]
  .text              ro code   0x801'6ed8    0x12a  stm32f7xx_hal_dac.o [1]
  .text              ro code   0x801'7004     0x78  stm32f7xx_hal_pwr_ex.o [1]
  .text              ro code   0x801'707c    0x56c  stm32f7xx_hal_rcc_ex.o [1]
  .text              ro code   0x801'75e8    0x4b8  stm32f7xx_hal_adc.o [1]
  .text              ro code   0x801'7aa0    0x27a  stm32f7xx_hal_adc_ex.o [1]
  .text              ro code   0x801'7d1c     0xc6  stm32f7xx_hal_i2c_ex.o [1]
  .text              ro code   0x801'7de4    0x84a  stm32f7xx_hal_tim.o [1]
  .text              ro code   0x801'8630    0x158  stm32f7xx_hal_tim_ex.o [1]
  .text              ro code   0x801'8788     0x80  stm32f7xx_hal_sdram.o [1]
  .text              ro code   0x801'8808    0x51e  stm32f7xx_hal_spi.o [1]
  .text              ro code   0x801'8d28    0x1b0  lwip.o [1]
  .text              ro code   0x801'8ed8   0x101c  httpd.o [1]
  .text              ro code   0x801'9ef4      0x2  stm32f7xx_hal_adc.o [1]
  .text              ro code   0x801'9ef6      0x2  stm32f7xx_hal_adc.o [1]
  .text              ro code   0x801'9ef8      0x2  stm32f7xx_hal_adc.o [1]
  .text              ro code   0x801'9efa      0x2  stm32f7xx_hal_tim.o [1]
  .text              ro code   0x801'9efc      0x2  stm32f7xx_hal_tim.o [1]
  .text              ro code   0x801'9efe      0x2  stm32f7xx_hal_tim.o [1]
  .text              ro code   0x801'9f00      0x2  stm32f7xx_hal_tim.o [1]
  .text              ro code   0x801'9f02      0x2  stm32f7xx_hal_tim.o [1]
  .text              ro code   0x801'9f04      0x2  stm32f7xx_hal_tim_ex.o [1]
  .text              ro code   0x801'9f06      0x2  stm32f7xx_hal_tim_ex.o [1]
  .text              ro code   0x801'9f08      0x2  stm32f7xx_hal_tim.o [1]
  .text              ro code   0x801'9f0a      0x2  stm32f7xx_hal_tim_ex.o [1]
  .text              ro code   0x801'9f0c    0x150  stm32f7xx_ll_fmc.o [1]
  .text              ro code   0x801'a05c     0x28  strncmp.o [2]
  .text              ro code   0x801'a084    0x10c  fs.o [1]
  .text              ro code   0x801'a190     0x4a  strcmp.o [4]
  .text              ro code   0x801'a1da     0x30  strstr.o [2]
  .text              ro code   0x801'a20c   0x1060  httpd_cgi_ssi.o [1]
  .text              ro code   0x801'b26c    0xbb4  process.o [1]
  .text              ro code   0x801'be20     0x40  sprintf.o [2]
  .text              ro code   0x801'be60     0x4c  strcpy.o [4]
  .text              ro code   0x801'beac    0xcec  analog.o [1]
  .text              ro code   0x801'cb98    0x174  iar_Stoulx.o [2]
  .text              ro code   0x801'cd0c      0x8  abs.o [2]
  .text              ro code   0x801'cd14    0x102  sqrt.o [3]
  .text              ro code   0x801'ce16     0x14  isspace.o [2]
  .text              ro code   0x801'ce2a     0x14  tolower.o [2]
  .rodata            const     0x801'ce40    0xfe8  fs.o [1]
  .rodata            const     0x801'de28    0xde4  fs.o [1]
  .text              ro code   0x801'ec0c    0x140  heap0.o [2]
  .text              ro code   0x801'ed4c     0x2c  xgetmemchunk.o [2]
  .text              ro code   0x801'ed78     0xd8  xfspos.o [2]
  .text              ro code   0x801'ee50     0xac  fflush.o [2]
  .text              ro code   0x801'eefc      0xc  xfgpos.o [2]
  .text              ro code   0x801'ef08     0x4a  lseek.o [5]
  .text              ro code   0x801'ef52     0x10  write.o [5]
  .text              ro code   0x801'ef64     0xcc  XShHandles.o [2]
  .text              ro code   0x801'f030     0x1e  dwrite.o [5]
  .text              ro code   0x801'f04e     0x20  iarwstd.o [5]
  .text              ro code   0x801'f06e     0x22  iarwrite.o [5]
  .text              ro code   0x801'f090     0xb4  xfwprep.o [2]
  .text              ro code   0x801'f144     0x24  fseek.o [2]
  .text              ro code   0x801'f168     0x8c  xfofind.o [2]
  .text              ro code   0x801'f1f4      0x4  heaptramp0.o [2]
  .text              ro code   0x801'f1f8     0x7e  fclose.o [2]
  .text              ro code   0x801'f276     0x18  close.o [5]
  .text              ro code   0x801'f28e     0x14  remove.o [5]
  .rodata            const     0x801'f2a4     0x58  ip4_frag.o [1]
  .rodata            const     0x801'f2fc     0x58  tcp_out.o [1]
  .rodata            const     0x801'f354     0x54  dhcp.o [1]
  .rodata            const     0x801'f3a8     0x54  etharp.o [1]
  .rodata            const     0x801'f3fc     0x54  ethernet.o [1]
  .rodata            const     0x801'f450     0x54  icmp.o [1]
  .text              ro code   0x801'f4a4     0x54  fputc.o [2]
  .rodata            const     0x801'f4f8     0x50  ip4.o [1]
  .rodata            const     0x801'f548     0x50  netif.o [1]
  .rodata            const     0x801'f598     0x50  tcp_in.o [1]
  .rodata            const     0x801'f5e8     0x50  tcp_out.o [1]
  .rodata            const     0x801'f638     0x50  timeouts.o [1]
  .rodata            const     0x801'f688     0x4c  init.o [1]
  .rodata            const     0x801'f6d4     0x4c  mem.o [1]
  .rodata            const     0x801'f720     0x4c  memp.o [1]
  .rodata            const     0x801'f76c     0x4c  pbuf.o [1]
  .rodata            const     0x801'f7b8     0x4c  tcp.o [1]
  .rodata            const     0x801'f804     0x4c  tcpip.o [1]
  .rodata            const     0x801'f850     0x4c  udp.o [1]
  .rodata            const     0x801'f89c     0x44  dhcp.o [1]
  .rodata            const     0x801'f8e0     0x44  etharp.o [1]
  .rodata            const     0x801'f924     0x44  init.o [1]
  .rodata            const     0x801'f968     0x40  dhcp.o [1]
  .rodata            const     0x801'f9a8     0x40  etharp.o [1]
  .rodata            const     0x801'f9e8     0x40  tcp_out.o [1]
  .rodata            const     0x801'fa28     0x40  timeouts.o [1]
  .rodata            const     0x801'fa68     0x3c  dhcp.o [1]
  .rodata            const     0x801'faa4     0x3c  dhcp.o [1]
  .rodata            const     0x801'fae0     0x3c  tcp_in.o [1]
  .rodata            const     0x801'fb1c     0x3c  tcp_out.o [1]
  .rodata            const     0x801'fb58     0x3c  tcp_out.o [1]
  .text              ro code   0x801'fb94     0x3c  stm32f7xx_it.o [1]
  .text              ro code   0x801'fbd0     0x18  stm32f7xx_hal.o [1]
  .text              ro code   0x801'fbe8     0x3c  xcloseall.o [2]
  .rodata            const     0x801'fc24     0x38  dhcp.o [1]
  .rodata            const     0x801'fc5c     0x38  ethernetif.o [1]
  .rodata            const     0x801'fc94     0x38  icmp.o [1]
  .rodata            const     0x801'fccc     0x38  ip4_frag.o [1]
  .rodata            const     0x801'fd04     0x38  pbuf.o [1]
  .rodata            const     0x801'fd3c     0x38  tcp.o [1]
  .rodata            const     0x801'fd74     0x38  tcp.o [1]
  .rodata            const     0x801'fdac     0x38  tcp_in.o [1]
  .rodata            const     0x801'fde4     0x38  tcp_out.o [1]
  .rodata            const     0x801'fe1c     0x38  tcp_out.o [1]
  .rodata            const     0x801'fe54     0x38  timeouts.o [1]
  .rodata            const     0x801'fe8c     0x34  etharp.o [1]
  .rodata            const     0x801'fec0     0x34  ethernet.o [1]
  .rodata            const     0x801'fef4     0x34  icmp.o [1]
  .rodata            const     0x801'ff28     0x34  mem.o [1]
  .rodata            const     0x801'ff5c     0x34  memp.o [1]
  .rodata            const     0x801'ff90     0x34  pbuf.o [1]
  .rodata            const     0x801'ffc4     0x34  tcp.o [1]
  .rodata            const     0x801'fff8     0x34  tcp.o [1]
  .rodata            const     0x802'002c     0x34  tcp.o [1]
  .rodata            const     0x802'0060     0x34  tcp_out.o [1]
  .rodata            const     0x802'0094     0x34  tcp_out.o [1]
  .rodata            const     0x802'00c8     0x30  etharp.o [1]
  .rodata            const     0x802'00f8     0x30  ip4.o [1]
  .rodata            const     0x802'0128     0x30  mem.o [1]
  .rodata            const     0x802'0158     0x30  mem.o [1]
  .rodata            const     0x802'0188     0x30  netif.o [1]
  .rodata            const     0x802'01b8     0x30  pbuf.o [1]
  .rodata            const     0x802'01e8     0x30  pbuf.o [1]
  .rodata            const     0x802'0218     0x30  pbuf.o [1]
  .rodata            const     0x802'0248     0x30  tcp.o [1]
  .rodata            const     0x802'0278     0x30  tcp.o [1]
  .rodata            const     0x802'02a8     0x30  tcp.o [1]
  .rodata            const     0x802'02d8     0x30  tcp_in.o [1]
  .rodata            const     0x802'0308     0x30  tcp_out.o [1]
  .rodata            const     0x802'0338     0x30  tcp_out.o [1]
  .rodata            const     0x802'0368     0x30  udp.o [1]
  .rodata            const     0x802'0398     0x2c  etharp.o [1]
  .rodata            const     0x802'03c4     0x2c  httpd.o [1]
  .rodata            const     0x802'03f0     0x2c  httpd.o [1]
  .rodata            const     0x802'041c     0x2c  httpd.o [1]
  .rodata            const     0x802'0448     0x2c  icmp.o [1]
  .rodata            const     0x802'0474     0x2c  mem.o [1]
  .rodata            const     0x802'04a0     0x2c  pbuf.o [1]
  .rodata            const     0x802'04cc     0x2c  pbuf.o [1]
  .rodata            const     0x802'04f8     0x2c  tcp.o [1]
  .rodata            const     0x802'0524     0x2c  tcp.o [1]
  .rodata            const     0x802'0550     0x2c  tcp.o [1]
  .rodata            const     0x802'057c     0x2c  tcp.o [1]
  .rodata            const     0x802'05a8     0x2c  tcp_in.o [1]
  .rodata            const     0x802'05d4     0x2c  tcp_in.o [1]
  .rodata            const     0x802'0600     0x2c  tcp_in.o [1]
  .rodata            const     0x802'062c     0x2c  tcp_out.o [1]
  .rodata            const     0x802'0658     0x2c  tcp_out.o [1]
  .rodata            const     0x802'0684     0x2c  tcp_out.o [1]
  .rodata            const     0x802'06b0     0x28  dhcp.o [1]
  .rodata            const     0x802'06d8     0x28  dhcp.o [1]
  .rodata            const     0x802'0700     0x28  etharp.o [1]
  .rodata            const     0x802'0728     0x28  etharp.o [1]
  .rodata            const     0x802'0750     0x28  ethernet.o [1]
  .rodata            const     0x802'0778     0x28  ethernetif.o [1]
  .rodata            const     0x802'07a0     0x28  httpd.o [1]
  .rodata            const     0x802'07c8     0x28  httpd.o [1]
  .rodata            const     0x802'07f0     0x28  icmp.o [1]
  .rodata            const     0x802'0818     0x28  init.o [1]
  .rodata            const     0x802'0840     0x28  ip4.o [1]
  .rodata            const     0x802'0868     0x28  ip4_frag.o [1]
  .rodata            const     0x802'0890     0x28  mem.o [1]
  .rodata            const     0x802'08b8     0x28  mem.o [1]
  .rodata            const     0x802'08e0     0x28  memp.o [1]
  .rodata            const     0x802'0908     0x28  netif.o [1]
  .rodata            const     0x802'0930     0x28  pbuf.o [1]
  .rodata            const     0x802'0958     0x28  tcp.o [1]
  .rodata            const     0x802'0980     0x28  tcp.o [1]
  .rodata            const     0x802'09a8     0x28  tcp.o [1]
  .rodata            const     0x802'09d0     0x28  tcp.o [1]
  .rodata            const     0x802'09f8     0x28  tcp.o [1]
  .rodata            const     0x802'0a20     0x28  tcp.o [1]
  .rodata            const     0x802'0a48     0x28  tcp.o [1]
  .rodata            const     0x802'0a70     0x28  tcp.o [1]
  .rodata            const     0x802'0a98     0x28  tcp.o [1]
  .rodata            const     0x802'0ac0     0x28  tcp.o [1]
  .rodata            const     0x802'0ae8     0x28  tcp.o [1]
  .rodata            const     0x802'0b10     0x28  tcp_in.o [1]
  .rodata            const     0x802'0b38     0x28  tcp_in.o [1]
  .rodata            const     0x802'0b60     0x28  tcp_in.o [1]
  .rodata            const     0x802'0b88     0x28  tcp_in.o [1]
  .rodata            const     0x802'0bb0     0x28  tcp_in.o [1]
  .rodata            const     0x802'0bd8     0x28  tcp_in.o [1]
  .rodata            const     0x802'0c00     0x28  tcp_in.o [1]
  .rodata            const     0x802'0c28     0x28  tcp_out.o [1]
  .rodata            const     0x802'0c50     0x28  tcp_out.o [1]
  .rodata            const     0x802'0c78     0x28  tcp_out.o [1]
  .rodata            const     0x802'0ca0     0x28  tcp_out.o [1]
  .rodata            const     0x802'0cc8     0x28  tcp_out.o [1]
  .rodata            const     0x802'0cf0     0x28  tcp_out.o [1]
  .rodata            const     0x802'0d18     0x28  tcpip.o [1]
  .rodata            const     0x802'0d40     0x28  timeouts.o [1]
  .rodata            const     0x802'0d68     0x28  timeouts.o [1]
  .rodata            const     0x802'0d90     0x28  udp.o [1]
  .rodata            const     0x802'0db8     0x28  udp.o [1]
  .text              ro code   0x802'0de0     0x28  data_init.o [4]
  .rodata            const     0x802'0e08     0x24  dhcp.o [1]
  .rodata            const     0x802'0e2c     0x24  dhcp.o [1]
  .rodata            const     0x802'0e50     0x24  etharp.o [1]
  .rodata            const     0x802'0e74     0x24  httpd.o [1]
  .rodata            const     0x802'0e98     0x24  httpd.o [1]
  .rodata            const     0x802'0ebc     0x24  ip4_frag.o [1]
  .rodata            const     0x802'0ee0     0x24  ip4_frag.o [1]
  .rodata            const     0x802'0f04     0x24  mem.o [1]
  .rodata            const     0x802'0f28     0x24  mem.o [1]
  .rodata            const     0x802'0f4c     0x24  memp.o [1]
  .rodata            const     0x802'0f70     0x24  netif.o [1]
  .rodata            const     0x802'0f94     0x24  netif.o [1]
  .rodata            const     0x802'0fb8     0x24  netif.o [1]
  .rodata            const     0x802'0fdc     0x24  netif.o [1]
  .rodata            const     0x802'1000     0x24  pbuf.o [1]
  .rodata            const     0x802'1024     0x24  pbuf.o [1]
  .rodata            const     0x802'1048     0x24  tcp.o [1]
  .rodata            const     0x802'106c     0x24  tcp_out.o [1]
  .rodata            const     0x802'1090     0x24  tcp_out.o [1]
  .rodata            const     0x802'10b4     0x24  tcp_out.o [1]
  .rodata            const     0x802'10d8     0x24  tcp_out.o [1]
  .rodata            const     0x802'10fc     0x24  tcp_out.o [1]
  .rodata            const     0x802'1120     0x24  tcp_out.o [1]
  .rodata            const     0x802'1144     0x24  tcp_out.o [1]
  .rodata            const     0x802'1168     0x24  tcp_out.o [1]
  .rodata            const     0x802'118c     0x24  tcpip.o [1]
  .rodata            const     0x802'11b0     0x24  tcpip.o [1]
  .rodata            const     0x802'11d4     0x24  udp.o [1]
  .rodata            const     0x802'11f8     0x24  udp.o [1]
  .rodata            const     0x802'121c     0x24  udp.o [1]
  .rodata            const     0x802'1240     0x24  udp.o [1]
  .text              ro code   0x802'1264     0x22  fpinit_M.o [3]
  .iar.init_table    const     0x802'1288     0x28  - Linker created -
  .rodata            const     0x802'12b0     0x20  dhcp.o [1]
  .rodata            const     0x802'12d0     0x20  dhcp.o [1]
  .rodata            const     0x802'12f0     0x20  httpd.o [1]
  .rodata            const     0x802'1310     0x20  httpd.o [1]
  .rodata            const     0x802'1330     0x20  ip4_frag.o [1]
  .rodata            const     0x802'1350     0x20  ip4_frag.o [1]
  .rodata            const     0x802'1370     0x20  ip4_frag.o [1]
  .rodata            const     0x802'1390     0x20  ip4_frag.o [1]
  .rodata            const     0x802'13b0     0x20  mem.o [1]
  .rodata            const     0x802'13d0     0x20  memp.o [1]
  .rodata            const     0x802'13f0     0x20  memp.o [1]
  .rodata            const     0x802'1410     0x20  netif.o [1]
  .rodata            const     0x802'1430     0x20  pbuf.o [1]
  .rodata            const     0x802'1450     0x20  pbuf.o [1]
  .rodata            const     0x802'1470     0x20  tcp.o [1]
  .rodata            const     0x802'1490     0x20  tcp.o [1]
  .rodata            const     0x802'14b0     0x20  tcp.o [1]
  .rodata            const     0x802'14d0     0x20  tcp.o [1]
  .rodata            const     0x802'14f0     0x20  tcp_in.o [1]
  .rodata            const     0x802'1510     0x20  tcp_in.o [1]
  .rodata            const     0x802'1530     0x20  tcp_in.o [1]
  .rodata            const     0x802'1550     0x20  tcp_in.o [1]
  .rodata            const     0x802'1570     0x20  tcp_in.o [1]
  .rodata            const     0x802'1590     0x20  tcp_in.o [1]
  .rodata            const     0x802'15b0     0x20  tcp_in.o [1]
  .rodata            const     0x802'15d0     0x20  tcp_out.o [1]
  .rodata            const     0x802'15f0     0x20  tcp_out.o [1]
  .rodata            const     0x802'1610     0x20  tcp_out.o [1]
  .rodata            const     0x802'1630     0x20  tcp_out.o [1]
  .rodata            const     0x802'1650     0x20  tcp_out.o [1]
  .rodata            const     0x802'1670     0x20  tcp_out.o [1]
  .rodata            const     0x802'1690     0x20  tcp_out.o [1]
  .rodata            const     0x802'16b0     0x20  tcp_out.o [1]
  .rodata            const     0x802'16d0     0x20  tcp_out.o [1]
  .rodata            const     0x802'16f0     0x20  tcp_out.o [1]
  .rodata            const     0x802'1710     0x20  tcp_out.o [1]
  .rodata            const     0x802'1730     0x20  tcpip.o [1]
  .rodata            const     0x802'1750     0x20  udp.o [1]
  .rodata            const     0x802'1770     0x20  udp.o [1]
  .rodata            const     0x802'1790     0x20  udp.o [1]
  .rodata            const     0x802'17b0     0x20  udp.o [1]
  .text              ro code   0x802'17d0     0x1e  cmain.o [4]
  .text              ro code   0x802'17ee      0x4  low_level_init.o [2]
  .text              ro code   0x802'17f2      0x4  exit.o [2]
  .text              ro code   0x802'17f8      0xe  cexit.o [4]
  .rodata            const     0x802'1808     0x1c  dhcp.o [1]
  .rodata            const     0x802'1824     0x1c  dhcp.o [1]
  .rodata            const     0x802'1840     0x1c  dhcp.o [1]
  .rodata            const     0x802'185c     0x1c  etharp.o [1]
  .rodata            const     0x802'1878     0x1c  ethernetif.o [1]
  .rodata            const     0x802'1894     0x1c  httpd.o [1]
  .rodata            const     0x802'18b0     0x1c  httpd.o [1]
  .rodata            const     0x802'18cc     0x1c  httpd.o [1]
  .rodata            const     0x802'18e8     0x1c  ip4_frag.o [1]
  .rodata            const     0x802'1904     0x1c  ip4_frag.o [1]
  .rodata            const     0x802'1920     0x1c  ip4_frag.o [1]
  .rodata            const     0x802'193c     0x1c  lwip.o [1]
  .rodata            const     0x802'1958     0x1c  main.o [1]
  .rodata            const     0x802'1974     0x1c  main.o [1]
  .rodata            const     0x802'1990     0x1c  main.o [1]
  .rodata            const     0x802'19ac     0x1c  mem.o [1]
  .rodata            const     0x802'19c8     0x1c  mem.o [1]
  .rodata            const     0x802'19e4     0x1c  mem.o [1]
  .rodata            const     0x802'1a00     0x1c  mem.o [1]
  .rodata            const     0x802'1a1c     0x1c  mem.o [1]
  .rodata            const     0x802'1a38     0x1c  memp.o [1]
  .rodata            const     0x802'1a54     0x1c  netif.o [1]
  .rodata            const     0x802'1a70     0x1c  netif.o [1]
  .rodata            const     0x802'1a8c     0x1c  pbuf.o [1]
  .rodata            const     0x802'1aa8     0x1c  pbuf.o [1]
  .rodata            const     0x802'1ac4     0x1c  pbuf.o [1]
  .rodata            const     0x802'1ae0     0x1c  tcp.o [1]
  .rodata            const     0x802'1afc     0x1c  tcp.o [1]
  .rodata            const     0x802'1b18     0x1c  tcp.o [1]
  .rodata            const     0x802'1b34     0x1c  tcp.o [1]
  .rodata            const     0x802'1b50     0x1c  tcp.o [1]
  .rodata            const     0x802'1b6c     0x1c  tcp.o [1]
  .rodata            const     0x802'1b88     0x1c  tcp.o [1]
  .rodata            const     0x802'1ba4     0x1c  tcp.o [1]
  .rodata            const     0x802'1bc0     0x1c  tcp.o [1]
  .rodata            const     0x802'1bdc     0x1c  tcp.o [1]
  .rodata            const     0x802'1bf8     0x1c  tcp.o [1]
  .rodata            const     0x802'1c14     0x1c  tcp_in.o [1]
  .rodata            const     0x802'1c30     0x1c  tcp_in.o [1]
  .rodata            const     0x802'1c4c     0x1c  tcp_in.o [1]
  .rodata            const     0x802'1c68     0x1c  tcp_in.o [1]
  .rodata            const     0x802'1c84     0x1c  tcp_in.o [1]
  .rodata            const     0x802'1ca0     0x1c  tcp_out.o [1]
  .rodata            const     0x802'1cbc     0x1c  tcp_out.o [1]
  .rodata            const     0x802'1cd8     0x1c  tcp_out.o [1]
  .rodata            const     0x802'1cf4     0x1c  tcp_out.o [1]
  .rodata            const     0x802'1d10     0x1c  tcp_out.o [1]
  .rodata            const     0x802'1d2c     0x1c  udp.o [1]
  .rodata            const     0x802'1d48     0x1c  udp.o [1]
  .rodata            const     0x802'1d64     0x1c  udp.o [1]
  .rodata            const     0x802'1d80     0x1c  udp.o [1]
  .rodata            const     0x802'1d9c     0x1c  udp.o [1]
  .rodata            const     0x802'1db8     0x1c  udp.o [1]
  .rodata            const     0x802'1dd4     0x18  dhcp.o [1]
  .rodata            const     0x802'1dec     0x18  dhcp.o [1]
  .rodata            const     0x802'1e04     0x18  dhcp.o [1]
  .rodata            const     0x802'1e1c     0x18  etharp.o [1]
  .rodata            const     0x802'1e34     0x18  httpd.o [1]
  .rodata            const     0x802'1e4c     0x18  httpd.o [1]
  .rodata            const     0x802'1e64     0x18  httpd.o [1]
  .rodata            const     0x802'1e7c     0x18  mem.o [1]
  .rodata            const     0x802'1e94     0x18  mem.o [1]
  .rodata            const     0x802'1eac     0x18  pbuf.o [1]
  .rodata            const     0x802'1ec4     0x18  pbuf.o [1]
  .rodata            const     0x802'1edc     0x18  pbuf.o [1]
  .rodata            const     0x802'1ef4     0x18  pbuf.o [1]
  .rodata            const     0x802'1f0c     0x18  tcp.o [1]
  .rodata            const     0x802'1f24     0x18  tcp.o [1]
  .rodata            const     0x802'1f3c     0x18  tcp.o [1]
  .rodata            const     0x802'1f54     0x18  tcp.o [1]
  .rodata            const     0x802'1f6c     0x18  tcp.o [1]
  .rodata            const     0x802'1f84     0x18  tcp.o [1]
  .rodata            const     0x802'1f9c     0x18  tcp.o [1]
  .rodata            const     0x802'1fb4     0x18  tcp_in.o [1]
  .rodata            const     0x802'1fcc     0x18  tcp_in.o [1]
  .rodata            const     0x802'1fe4     0x18  tcp_out.o [1]
  .rodata            const     0x802'1ffc     0x18  tcp_out.o [1]
  .rodata            const     0x802'2014     0x18  tcp_out.o [1]
  .rodata            const     0x802'202c     0x18  tcp_out.o [1]
  .rodata            const     0x802'2044     0x18  tcp_out.o [1]
  .rodata            const     0x802'205c     0x18  tcp_out.o [1]
  .rodata            const     0x802'2074     0x18  tcp_out.o [1]
  .rodata            const     0x802'208c     0x18  udp.o [1]
  .rodata            const     0x802'20a4     0x18  udp.o [1]
  .rodata            const     0x802'20bc     0x18  udp.o [1]
  .rodata            const     0x802'20d4     0x18  udp.o [1]
  .text              ro code   0x802'20ec     0x16  xprout.o [2]
  .text              ro code   0x802'2104      0xc  putchar.o [2]
  .rodata            const     0x802'2110     0x14  dhcp.o [1]
  .rodata            const     0x802'2124     0x14  dhcp.o [1]
  .rodata            const     0x802'2138     0x14  dhcp.o [1]
  .rodata            const     0x802'214c     0x14  dhcp.o [1]
  .rodata            const     0x802'2160     0x14  dhcp.o [1]
  .rodata            const     0x802'2174     0x14  etharp.o [1]
  .rodata            const     0x802'2188     0x14  fs.o [1]
  .rodata            const     0x802'219c     0x14  fs.o [1]
  .rodata            const     0x802'21b0     0x14  fs.o [1]
  .rodata            const     0x802'21c4     0x14  fs.o [1]
  .rodata            const     0x802'21d8     0x14  httpd.o [1]
  .rodata            const     0x802'21ec     0x14  httpd_cgi_ssi.o [1]
  .rodata            const     0x802'2200     0x14  httpd_cgi_ssi.o [1]
  .rodata            const     0x802'2214     0x14  httpd_cgi_ssi.o [1]
  .rodata            const     0x802'2228     0x14  httpd_cgi_ssi.o [1]
  .rodata            const     0x802'223c     0x14  ip4_frag.o [1]
  .rodata            const     0x802'2250     0x14  main.o [1]
  .rodata            const     0x802'2264     0x14  mem.o [1]
  .rodata            const     0x802'2278     0x14  netif.o [1]
  .rodata            const     0x802'228c     0x14  pbuf.o [1]
  .rodata            const     0x802'22a0     0x14  pbuf.o [1]
  .rodata            const     0x802'22b4     0x14  pbuf.o [1]
  .rodata            const     0x802'22c8     0x14  pbuf.o [1]
  .rodata            const     0x802'22dc     0x14  tcp.o [1]
  .rodata            const     0x802'22f0     0x14  tcp_in.o [1]
  .rodata            const     0x802'2304     0x14  tcp_out.o [1]
  .rodata            const     0x802'2318     0x14  tcp_out.o [1]
  .rodata            const     0x802'232c     0x14  tcp_out.o [1]
  .rodata            const     0x802'2340     0x14  timeouts.o [1]
  .rodata            const     0x802'2354     0x10  dhcp.o [1]
  .rodata            const     0x802'2364     0x10  etharp.o [1]
  .rodata            const     0x802'2374     0x10  etharp.o [1]
  .rodata            const     0x802'2384     0x10  etharp.o [1]
  .rodata            const     0x802'2394     0x10  ethernetif.o [1]
  .rodata            const     0x802'23a4     0x10  httpd.o [1]
  .rodata            const     0x802'23b4     0x10  httpd.o [1]
  .rodata            const     0x802'23c4     0x10  httpd.o [1]
  .rodata            const     0x802'23d4     0x10  httpd.o [1]
  .rodata            const     0x802'23e4     0x10  httpd.o [1]
  .rodata            const     0x802'23f4     0x10  httpd_cgi_ssi.o [1]
  .rodata            const     0x802'2404     0x10  httpd_cgi_ssi.o [1]
  .rodata            const     0x802'2414     0x10  httpd_cgi_ssi.o [1]
  .rodata            const     0x802'2424     0x10  httpd_cgi_ssi.o [1]
  .rodata            const     0x802'2434     0x10  httpd_cgi_ssi.o [1]
  .rodata            const     0x802'2444     0x10  httpd_cgi_ssi.o [1]
  .rodata            const     0x802'2454     0x10  httpd_cgi_ssi.o [1]
  .rodata            const     0x802'2464     0x10  ip4_frag.o [1]
  .rodata            const     0x802'2474     0x10  ip4_frag.o [1]
  .rodata            const     0x802'2484     0x10  main.o [1]
  .rodata            const     0x802'2494     0x10  netif.o [1]
  .rodata            const     0x802'24a4     0x10  pbuf.o [1]
  .rodata            const     0x802'24b4     0x10  pbuf.o [1]
  .rodata            const     0x802'24c4     0x10  sys_arch.o [1]
  .rodata            const     0x802'24d4     0x10  system_stm32f7xx.o [1]
  .rodata            const     0x802'24e4     0x10  tcp.o [1]
  .rodata            const     0x802'24f4     0x10  tcp.o [1]
  .rodata            const     0x802'2504     0x10  tcp.o [1]
  .rodata            const     0x802'2514     0x10  tcp_in.o [1]
  .rodata            const     0x802'2524     0x10  tcp_in.o [1]
  .rodata            const     0x802'2534     0x10  tcp_in.o [1]
  .rodata            const     0x802'2544     0x10  tcp_in.o [1]
  .rodata            const     0x802'2554     0x10  tcp_out.o [1]
  .rodata            const     0x802'2564     0x10  tcp_out.o [1]
  .rodata            const     0x802'2574     0x10  tcp_out.o [1]
  .rodata            const     0x802'2584     0x10  tcpip.o [1]
  .rodata            const     0x802'2594     0x10  tcpip.o [1]
  .text              ro code   0x802'25a4     0x10  startup_stm32f745xx.o [1]
  .text              ro code   0x802'25b4     0x10  system_stm32f7xx.o [1]
  .rodata            const     0x802'25c4      0xc  analog.o [1]
  .rodata            const     0x802'25d0      0xc  dhcp.o [1]
  .rodata            const     0x802'25dc      0xc  dhcp.o [1]
  .rodata            const     0x802'25e8      0xc  etharp.o [1]
  .rodata            const     0x802'25f4      0xc  httpd.o [1]
  .rodata            const     0x802'2600      0xc  httpd.o [1]
  .rodata            const     0x802'260c      0xc  httpd.o [1]
  .rodata            const     0x802'2618      0xc  httpd.o [1]
  .rodata            const     0x802'2624      0xc  httpd.o [1]
  .rodata            const     0x802'2630      0xc  httpd.o [1]
  .rodata            const     0x802'263c      0xc  httpd.o [1]
  .rodata            const     0x802'2648      0xc  httpd.o [1]
  .rodata            const     0x802'2654      0xc  httpd.o [1]
  .rodata            const     0x802'2660      0xc  httpd_cgi_ssi.o [1]
  .rodata            const     0x802'266c      0xc  httpd_cgi_ssi.o [1]
  .rodata            const     0x802'2678      0xc  httpd_cgi_ssi.o [1]
  .rodata            const     0x802'2684      0xc  httpd_cgi_ssi.o [1]
  .rodata            const     0x802'2690      0xc  httpd_cgi_ssi.o [1]
  .rodata            const     0x802'269c      0xc  httpd_cgi_ssi.o [1]
  .rodata            const     0x802'26a8      0xc  httpd_cgi_ssi.o [1]
  .rodata            const     0x802'26b4      0xc  httpd_cgi_ssi.o [1]
  .rodata            const     0x802'26c0      0xc  httpd_cgi_ssi.o [1]
  .rodata            const     0x802'26cc      0xc  httpd_cgi_ssi.o [1]
  .rodata            const     0x802'26d8      0xc  httpd_cgi_ssi.o [1]
  .rodata            const     0x802'26e4      0xc  httpd_cgi_ssi.o [1]
  .rodata            const     0x802'26f0      0xc  httpd_cgi_ssi.o [1]
  .rodata            const     0x802'26fc      0xc  httpd_cgi_ssi.o [1]
  .rodata            const     0x802'2708      0xc  httpd_cgi_ssi.o [1]
  .rodata            const     0x802'2714      0xc  httpd_cgi_ssi.o [1]
  .rodata            const     0x802'2720      0xc  httpd_cgi_ssi.o [1]
  .rodata            const     0x802'272c      0xc  httpd_cgi_ssi.o [1]
  .rodata            const     0x802'2738      0xc  httpd_cgi_ssi.o [1]
  .rodata            const     0x802'2744      0xc  httpd_cgi_ssi.o [1]
  .rodata            const     0x802'2750      0xc  httpd_cgi_ssi.o [1]
  .rodata            const     0x802'275c      0xc  httpd_cgi_ssi.o [1]
  .rodata            const     0x802'2768      0xc  httpd_cgi_ssi.o [1]
  .rodata            const     0x802'2774      0xc  httpd_cgi_ssi.o [1]
  .rodata            const     0x802'2780      0xc  httpd_cgi_ssi.o [1]
  .rodata            const     0x802'278c      0xc  httpd_cgi_ssi.o [1]
  .rodata            const     0x802'2798      0xc  httpd_cgi_ssi.o [1]
  .rodata            const     0x802'27a4      0xc  httpd_cgi_ssi.o [1]
  .rodata            const     0x802'27b0      0xc  httpd_cgi_ssi.o [1]
  .rodata            const     0x802'27bc      0xc  httpd_cgi_ssi.o [1]
  .rodata            const     0x802'27c8      0xc  httpd_cgi_ssi.o [1]
  .rodata            const     0x802'27d4      0xc  httpd_cgi_ssi.o [1]
  .rodata            const     0x802'27e0      0xc  ip4.o [1]
  .rodata            const     0x802'27ec      0xc  ip4_frag.o [1]
  .rodata            const     0x802'27f8      0xc  ip4_frag.o [1]
  .rodata            const     0x802'2804      0xc  ip4_frag.o [1]
  .rodata            const     0x802'2810      0xc  ip4_frag.o [1]
  .rodata            const     0x802'281c      0xc  ip4_frag.o [1]
  .rodata            const     0x802'2828      0xc  main.o [1]
  .rodata            const     0x802'2834      0xc  memp.o [1]
  .rodata            const     0x802'2840      0xc  memp.o [1]
  .rodata            const     0x802'284c      0xc  memp.o [1]
  .rodata            const     0x802'2858      0xc  memp.o [1]
  .rodata            const     0x802'2864      0xc  memp.o [1]
  .rodata            const     0x802'2870      0xc  memp.o [1]
  .rodata            const     0x802'287c      0xc  memp.o [1]
  .rodata            const     0x802'2888      0xc  memp.o [1]
  .rodata            const     0x802'2894      0xc  memp.o [1]
  .rodata            const     0x802'28a0      0xc  memp.o [1]
  .rodata            const     0x802'28ac      0xc  memp.o [1]
  .rodata            const     0x802'28b8      0xc  memp.o [1]
  .rodata            const     0x802'28c4      0xc  memp.o [1]
  .rodata            const     0x802'28d0      0xc  pbuf.o [1]
  .rodata            const     0x802'28dc      0xc  tcp.o [1]
  .rodata            const     0x802'28e8      0xc  tcp_in.o [1]
  .rodata            const     0x802'28f4      0xc  tcp_out.o [1]
  .text              ro code   0x802'2900      0xc  cstartup_M.o [4]
  .rodata            const     0x802'290c      0x8  eeprom.o [1]
  .rodata            const     0x802'2914      0x8  ethernet.o [1]
  .rodata            const     0x802'291c      0x8  ethernet.o [1]
  .rodata            const     0x802'2924      0x8  ethernetif.o [1]
  .rodata            const     0x802'292c      0x8  ethernetif.o [1]
  .rodata            const     0x802'2934      0x8  httpd.o [1]
  .rodata            const     0x802'293c      0x8  httpd.o [1]
  .rodata            const     0x802'2944      0x8  httpd.o [1]
  .rodata            const     0x802'294c      0x8  httpd.o [1]
  .rodata            const     0x802'2954      0x8  httpd.o [1]
  .rodata            const     0x802'295c      0x8  httpd.o [1]
  .rodata            const     0x802'2964      0x8  httpd.o [1]
  .rodata            const     0x802'296c      0x8  httpd.o [1]
  .rodata            const     0x802'2974      0x8  httpd_cgi_ssi.o [1]
  .rodata            const     0x802'297c      0x8  httpd_cgi_ssi.o [1]
  .rodata            const     0x802'2984      0x8  httpd_cgi_ssi.o [1]
  .rodata            const     0x802'298c      0x8  httpd_cgi_ssi.o [1]
  .rodata            const     0x802'2994      0x8  httpd_cgi_ssi.o [1]
  .rodata            const     0x802'299c      0x8  httpd_cgi_ssi.o [1]
  .rodata            const     0x802'29a4      0x8  httpd_cgi_ssi.o [1]
  .rodata            const     0x802'29ac      0x8  httpd_cgi_ssi.o [1]
  .rodata            const     0x802'29b4      0x8  httpd_cgi_ssi.o [1]
  .rodata            const     0x802'29bc      0x8  httpd_cgi_ssi.o [1]
  .rodata            const     0x802'29c4      0x8  httpd_cgi_ssi.o [1]
  .rodata            const     0x802'29cc      0x8  httpd_cgi_ssi.o [1]
  .rodata            const     0x802'29d4      0x8  httpd_cgi_ssi.o [1]
  .rodata            const     0x802'29dc      0x8  httpd_cgi_ssi.o [1]
  .rodata            const     0x802'29e4      0x8  httpd_cgi_ssi.o [1]
  .rodata            const     0x802'29ec      0x8  httpd_cgi_ssi.o [1]
  .rodata            const     0x802'29f4      0x8  httpd_cgi_ssi.o [1]
  .rodata            const     0x802'29fc      0x8  httpd_cgi_ssi.o [1]
  .rodata            const     0x802'2a04      0x8  httpd_cgi_ssi.o [1]
  .rodata            const     0x802'2a0c      0x8  httpd_cgi_ssi.o [1]
  .rodata            const     0x802'2a14      0x8  httpd_cgi_ssi.o [1]
  .rodata            const     0x802'2a1c      0x8  lwip.o [1]
  .rodata            const     0x802'2a24      0x8  lwip.o [1]
  .rodata            const     0x802'2a2c      0x8  main.o [1]
  .rodata            const     0x802'2a34      0x8  stm32f7xx_hal_dma.o [1]
  .rodata            const     0x802'2a3c      0x8  sys_arch.o [1]
  .rodata            const     0x802'2a44      0x8  sys_arch.o [1]
  .rodata            const     0x802'2a4c      0x8  tasks.o [1]
  .rodata            const     0x802'2a54      0x8  tcp.o [1]
  .rodata            const     0x802'2a5c      0x8  tcp_in.o [1]
  .rodata            const     0x802'2a64      0x8  tcp_in.o [1]
  .rodata            const     0x802'2a6c      0x6  xlocale_c.o [2]
  .rodata            const     0x802'2a74      0x4  heap_4.o [1]
  .rodata            const     0x802'2a78      0x4  httpd.o [1]
  .rodata            const     0x802'2a7c      0x4  httpd.o [1]
  .rodata            const     0x802'2a80      0x4  httpd.o [1]
  .rodata            const     0x802'2a84      0x4  ip4_addr.o [1]
  .rodata            const     0x802'2a88      0x4  ip4_addr.o [1]
  .rodata            const     0x802'2a8c      0x4  port.o [1]
  .text              ro code   0x802'2a90      0x4  startup_stm32f745xx.o [1]
  .text              ro code   0x802'2a94      0x4  startup_stm32f745xx.o [1]
  .text              ro code   0x802'2a98      0x4  startup_stm32f745xx.o [1]
  .text              ro code   0x802'2a9c      0x4  startup_stm32f745xx.o [1]
  .text              ro code   0x802'2aa0      0x4  startup_stm32f745xx.o [1]
  .text              ro code   0x802'2aa4      0x4  startup_stm32f745xx.o [1]
  .text              ro code   0x802'2aa8      0x4  startup_stm32f745xx.o [1]
  .text              ro code   0x802'2aac      0x4  startup_stm32f745xx.o [1]
  .text              ro code   0x802'2ab0      0x4  startup_stm32f745xx.o [1]
  .text              ro code   0x802'2ab4      0x4  startup_stm32f745xx.o [1]
  .text              ro code   0x802'2ab8      0x4  startup_stm32f745xx.o [1]
  .text              ro code   0x802'2abc      0x4  startup_stm32f745xx.o [1]
  .text              ro code   0x802'2ac0      0x4  startup_stm32f745xx.o [1]
  .text              ro code   0x802'2ac4      0x4  startup_stm32f745xx.o [1]
  .text              ro code   0x802'2ac8      0x4  startup_stm32f745xx.o [1]
  .text              ro code   0x802'2acc      0x4  startup_stm32f745xx.o [1]
  .text              ro code   0x802'2ad0      0x4  startup_stm32f745xx.o [1]
  .text              ro code   0x802'2ad4      0x4  startup_stm32f745xx.o [1]
  .text              ro code   0x802'2ad8      0x4  startup_stm32f745xx.o [1]
  .text              ro code   0x802'2adc      0x4  startup_stm32f745xx.o [1]
  .text              ro code   0x802'2ae0      0x4  startup_stm32f745xx.o [1]
  .text              ro code   0x802'2ae4      0x4  startup_stm32f745xx.o [1]
  .text              ro code   0x802'2ae8      0x4  startup_stm32f745xx.o [1]
  .text              ro code   0x802'2aec      0x4  startup_stm32f745xx.o [1]
  .text              ro code   0x802'2af0      0x4  startup_stm32f745xx.o [1]
  .text              ro code   0x802'2af4      0x4  startup_stm32f745xx.o [1]
  .text              ro code   0x802'2af8      0x4  startup_stm32f745xx.o [1]
  .text              ro code   0x802'2afc      0x4  startup_stm32f745xx.o [1]
  .text              ro code   0x802'2b00      0x4  startup_stm32f745xx.o [1]
  .text              ro code   0x802'2b04      0x4  startup_stm32f745xx.o [1]
  .text              ro code   0x802'2b08      0x4  startup_stm32f745xx.o [1]
  .text              ro code   0x802'2b0c      0x4  startup_stm32f745xx.o [1]
  .text              ro code   0x802'2b10      0x4  startup_stm32f745xx.o [1]
  .text              ro code   0x802'2b14      0x4  startup_stm32f745xx.o [1]
  .text              ro code   0x802'2b18      0x4  startup_stm32f745xx.o [1]
  .text              ro code   0x802'2b1c      0x4  startup_stm32f745xx.o [1]
  .text              ro code   0x802'2b20      0x4  startup_stm32f745xx.o [1]
  .text              ro code   0x802'2b24      0x4  startup_stm32f745xx.o [1]
  .text              ro code   0x802'2b28      0x4  startup_stm32f745xx.o [1]
  .text              ro code   0x802'2b2c      0x4  startup_stm32f745xx.o [1]
  .text              ro code   0x802'2b30      0x4  startup_stm32f745xx.o [1]
  .text              ro code   0x802'2b34      0x4  startup_stm32f745xx.o [1]
  .text              ro code   0x802'2b38      0x4  startup_stm32f745xx.o [1]
  .text              ro code   0x802'2b3c      0x4  startup_stm32f745xx.o [1]
  .text              ro code   0x802'2b40      0x4  startup_stm32f745xx.o [1]
  .text              ro code   0x802'2b44      0x4  startup_stm32f745xx.o [1]
  .text              ro code   0x802'2b48      0x4  startup_stm32f745xx.o [1]
  .text              ro code   0x802'2b4c      0x4  startup_stm32f745xx.o [1]
  .text              ro code   0x802'2b50      0x4  startup_stm32f745xx.o [1]
  .text              ro code   0x802'2b54      0x4  startup_stm32f745xx.o [1]
  .text              ro code   0x802'2b58      0x4  startup_stm32f745xx.o [1]
  .text              ro code   0x802'2b5c      0x4  startup_stm32f745xx.o [1]
  .text              ro code   0x802'2b60      0x4  startup_stm32f745xx.o [1]
  .text              ro code   0x802'2b64      0x4  startup_stm32f745xx.o [1]
  .text              ro code   0x802'2b68      0x4  startup_stm32f745xx.o [1]
  .text              ro code   0x802'2b6c      0x4  startup_stm32f745xx.o [1]
  .text              ro code   0x802'2b70      0x4  startup_stm32f745xx.o [1]
  .text              ro code   0x802'2b74      0x4  startup_stm32f745xx.o [1]
  .text              ro code   0x802'2b78      0x4  startup_stm32f745xx.o [1]
  .text              ro code   0x802'2b7c      0x4  startup_stm32f745xx.o [1]
  .text              ro code   0x802'2b80      0x4  startup_stm32f745xx.o [1]
  .text              ro code   0x802'2b84      0x4  startup_stm32f745xx.o [1]
  .text              ro code   0x802'2b88      0x4  startup_stm32f745xx.o [1]
  .text              ro code   0x802'2b8c      0x4  startup_stm32f745xx.o [1]
  .text              ro code   0x802'2b90      0x4  startup_stm32f745xx.o [1]
  .text              ro code   0x802'2b94      0x4  startup_stm32f745xx.o [1]
  .text              ro code   0x802'2b98      0x4  startup_stm32f745xx.o [1]
  .text              ro code   0x802'2b9c      0x4  startup_stm32f745xx.o [1]
  .text              ro code   0x802'2ba0      0x4  startup_stm32f745xx.o [1]
  .text              ro code   0x802'2ba4      0x4  startup_stm32f745xx.o [1]
  .text              ro code   0x802'2ba8      0x4  startup_stm32f745xx.o [1]
  .text              ro code   0x802'2bac      0x4  startup_stm32f745xx.o [1]
  .text              ro code   0x802'2bb0      0x4  startup_stm32f745xx.o [1]
  .text              ro code   0x802'2bb4      0x4  startup_stm32f745xx.o [1]
  .text              ro code   0x802'2bb8      0x4  startup_stm32f745xx.o [1]
  .text              ro code   0x802'2bbc      0x4  startup_stm32f745xx.o [1]
  .text              ro code   0x802'2bc0      0x4  startup_stm32f745xx.o [1]
  .text              ro code   0x802'2bc4      0x4  startup_stm32f745xx.o [1]
  .text              ro code   0x802'2bc8      0x4  startup_stm32f745xx.o [1]
  .text              ro code   0x802'2bcc      0x4  startup_stm32f745xx.o [1]
  .text              ro code   0x802'2bd0      0x4  startup_stm32f745xx.o [1]
  .text              ro code   0x802'2bd4      0x4  startup_stm32f745xx.o [1]
  .text              ro code   0x802'2bd8      0x4  startup_stm32f745xx.o [1]
  .text              ro code   0x802'2bdc      0x4  startup_stm32f745xx.o [1]
  .text              ro code   0x802'2be0      0x4  startup_stm32f745xx.o [1]
  .text              ro code   0x802'2be4      0x4  startup_stm32f745xx.o [1]
  .text              ro code   0x802'2be8      0x4  startup_stm32f745xx.o [1]
  .text              ro code   0x802'2bec      0x4  startup_stm32f745xx.o [1]
  .text              ro code   0x802'2bf0      0x4  startup_stm32f745xx.o [1]
  .text              ro code   0x802'2bf4      0x4  startup_stm32f745xx.o [1]
  .text              ro code   0x802'2bf8      0x4  startup_stm32f745xx.o [1]
  .text              ro code   0x802'2bfc      0x4  startup_stm32f745xx.o [1]
  .text              ro code   0x802'2c00      0x0  cstart_closeall.o [4]
  .rodata            const     0x802'2c00      0x0  zero_init3.o [4]
  .rodata            const     0x802'2c00      0x0  lz77_init_single.o [4]
  Initializer bytes  const     0x802'2c00    0x177  <for P2-1>
                             - 0x802'2d77  0x22baf

"P2", part 1 of 3:                           0x292
  P2-1                        0x2000'0000    0x292  <Init block>
    .data            inited   0x2000'0000      0x4  analog.o [1]
    .data            inited   0x2000'0004      0x4  analog.o [1]
    .data            inited   0x2000'0008      0x4  dhcp.o [1]
    .data            inited   0x2000'000c     0x10  httpd.o [1]
    .data            inited   0x2000'001c     0x2c  httpd_cgi_ssi.o [1]
    .data            inited   0x2000'0048      0x4  httpd_cgi_ssi.o [1]
    .data            inited   0x2000'004c      0x4  httpd_cgi_ssi.o [1]
    .data            inited   0x2000'0050      0x4  port.o [1]
    .data            inited   0x2000'0054     0x94  process.o [1]
    .data            inited   0x2000'00e8      0x4  process.o [1]
    .data            inited   0x2000'00ec      0x4  process.o [1]
    .data            inited   0x2000'00f0      0x4  process.o [1]
    .data            inited   0x2000'00f4      0x4  process.o [1]
    .data            inited   0x2000'00f8      0x4  stm32f7xx_hal.o [1]
    .data            inited   0x2000'00fc      0x4  system_stm32f7xx.o [1]
    .data            inited   0x2000'0100      0x4  tcp.o [1]
    .data            inited   0x2000'0104      0x8  rand.o [2]
    .data            inited   0x2000'010c     0x38  xlocale_c.o [2]
    .data            inited   0x2000'0144     0x48  xlocale_c.o [2]
    .data            inited   0x2000'018c     0x48  xfiles.o [2]
    .data            inited   0x2000'01d4     0x48  xfiles.o [2]
    .data            inited   0x2000'021c     0x48  xfiles.o [2]
    .data            inited   0x2000'0264     0x20  xfiles.o [2]
    .data            inited   0x2000'0284      0x8  XShttio.o [2]
    .data            inited   0x2000'028c      0x2  tcp.o [1]
    .data            inited   0x2000'028e      0x2  udp.o [1]
    .data            inited   0x2000'0290      0x1  process.o [1]
    .data            inited   0x2000'0291      0x1  stm32f7xx_hal.o [1]
                            - 0x2000'0292    0x292

"P2", part 2 of 3:                         0x10534
  .bss               zero     0x2000'0294   0x8c00  heap_4.o [1]
  .bss               zero     0x2000'8e94   0x2604  memp.o [1]
  .bss               zero     0x2000'b498   0x17d0  ethernetif.o [1]
  .bss               zero     0x2000'cc68   0x17d0  ethernetif.o [1]
  .bss               zero     0x2000'e438    0x654  mem.o [1]
  .bss               zero     0x2000'ea8c    0x400  httpd.o [1]
  .bss               zero     0x2000'ee8c    0x310  memp.o [1]
  .bss               zero     0x2000'f19c    0x200  freertos.o [1]
  .bss               zero     0x2000'f39c    0x16c  memp.o [1]
  .bss               zero     0x2000'f508    0x104  memp.o [1]
  .bss               zero     0x2000'f60c    0x104  memp.o [1]
  .bss               zero     0x2000'f710     0xf0  etharp.o [1]
  .bss               zero     0x2000'f800     0xf0  fs.o [1]
  .bss               zero     0x2000'f8f0     0xe4  memp.o [1]
  .bss               zero     0x2000'f9d4     0xcc  process.o [1]
  .bss               zero     0x2000'faa0     0xa4  memp.o [1]
  .bss               zero     0x2000'fb44     0xa4  memp.o [1]
  .bss               zero     0x2000'fbe8     0x8c  tasks.o [1]
  .bss               zero     0x2000'fc74     0x84  memp.o [1]
  .bss               zero     0x2000'fcf8     0x84  memp.o [1]
  .bss               zero     0x2000'fd7c     0x84  memp.o [1]
  .bss               zero     0x2000'fe00     0x84  rand.o [2]
  .bss               zero     0x2000'fe84     0x80  ethernetif.o [1]
  .bss               zero     0x2000'ff04     0x80  ethernetif.o [1]
  .bss               zero     0x2000'ff84     0x80  XShHandles.o [2]
  .bss               zero     0x2001'0004     0x64  main.o [1]
  .bss               zero     0x2001'0068     0x60  main.o [1]
  .bss               zero     0x2001'00c8     0x54  freertos.o [1]
  .bss               zero     0x2001'011c     0x54  memp.o [1]
  .bss               zero     0x2001'0170     0x50  xfiles.o [2]
  .bss               zero     0x2001'01c0     0x50  xfiles.o [2]
  .bss               zero     0x2001'0210     0x4c  main.o [1]
  .bss               zero     0x2001'025c     0x4c  main.o [1]
  .bss               zero     0x2001'02a8     0x4c  main.o [1]
  .bss               zero     0x2001'02f4     0x48  ethernetif.o [1]
  .bss               zero     0x2001'033c     0x48  main.o [1]
  .bss               zero     0x2001'0384     0x48  main.o [1]
  .bss               zero     0x2001'03d0     0x38  httpd_cgi_ssi.o [1]
  .bss               zero     0x2001'0408     0x38  lwip.o [1]
  .bss               zero     0x2001'0440     0x38  process.o [1]
  .bss               zero     0x2001'0478     0x34  main.o [1]
  .bss               zero     0x2001'04ac     0x24  memp.o [1]
  .bss               zero     0x2001'04d0     0x28  analog.o [1]
  .bss               zero     0x2001'04f8     0x20  dhcp.o [1]
  .bss               zero     0x2001'0518     0x20  httpd_cgi_ssi.o [1]
  .bss               zero     0x2001'0538     0x18  ip.o [1]
  .bss               zero     0x2001'0550     0x14  main.o [1]
  .bss               zero     0x2001'0564     0x14  tasks.o [1]
  .bss               zero     0x2001'0578     0x14  tasks.o [1]
  .bss               zero     0x2001'058c     0x14  tasks.o [1]
  .bss               zero     0x2001'05a0     0x14  tasks.o [1]
  .bss               zero     0x2001'05b4     0x14  tasks.o [1]
  .bss               zero     0x2001'05c8     0x10  tcp_in.o [1]
  .bss               zero     0x2001'05d8      0x8  dhcp.o [1]
  .bss               zero     0x2001'05e0      0x8  heap_4.o [1]
  .bss               zero     0x2001'05e8      0x8  lwip.o [1]
  .bss               zero     0x2001'05f0      0x8  heap0.o [2]
  .bss               zero     0x2001'05f8      0x4  analog.o [1]
  .bss               zero     0x2001'05fc      0x4  analog.o [1]
  .bss               zero     0x2001'0600      0x4  analog.o [1]
  .bss               zero     0x2001'0604      0x4  analog.o [1]
  .bss               zero     0x2001'0608      0x4  analog.o [1]
  .bss               zero     0x2001'060c      0x4  analog.o [1]
  .bss               zero     0x2001'0610      0x4  analog.o [1]
  .bss               zero     0x2001'0614      0x4  analog.o [1]
  .bss               zero     0x2001'0618      0x4  analog.o [1]
  .bss               zero     0x2001'061c      0x4  analog.o [1]
  .bss               zero     0x2001'0620      0x4  analog.o [1]
  .bss               zero     0x2001'0624      0x4  analog.o [1]
  .bss               zero     0x2001'0628      0x4  analog.o [1]
  .bss               zero     0x2001'062c      0x4  analog.o [1]
  .bss               zero     0x2001'0630      0x4  analog.o [1]
  .bss               zero     0x2001'0634      0x4  dhcp.o [1]
  .bss               zero     0x2001'0638      0x4  dhcp.o [1]
  .bss               zero     0x2001'063c      0x4  eeprom.o [1]
  .bss               zero     0x2001'0640      0x4  ethernetif.o [1]
  .bss               zero     0x2001'0644      0x4  heap_4.o [1]
  .bss               zero     0x2001'0648      0x4  heap_4.o [1]
  .bss               zero     0x2001'064c      0x4  heap_4.o [1]
  .bss               zero     0x2001'0650      0x4  heap_4.o [1]
  .bss               zero     0x2001'0654      0x4  httpd.o [1]
  .bss               zero     0x2001'0658      0x4  httpd.o [1]
  .bss               zero     0x2001'065c      0x4  httpd.o [1]
  .bss               zero     0x2001'0660      0x4  httpd.o [1]
  .bss               zero     0x2001'0664      0x4  httpd.o [1]
  .bss               zero     0x2001'0668      0x4  ip4_frag.o [1]
  .bss               zero     0x2001'066c      0x4  lwip.o [1]
  .bss               zero     0x2001'0670      0x4  lwip.o [1]
  .bss               zero     0x2001'0674      0x4  lwip.o [1]
  .bss               zero     0x2001'0678      0x4  lwip.o [1]
  .bss               zero     0x2001'067c      0x4  lwip.o [1]
  .bss               zero     0x2001'0680      0x4  lwip.o [1]
  .bss               zero     0x2001'0684      0x4  lwip.o [1]
  .bss               zero     0x2001'0688      0x4  main.o [1]
  .bss               zero     0x2001'068c      0x4  main.o [1]
  .bss               zero     0x2001'0690      0x4  main.o [1]
  .bss               zero     0x2001'0694      0x4  mem.o [1]
  .bss               zero     0x2001'0698      0x4  mem.o [1]
  .bss               zero     0x2001'069c      0x4  mem.o [1]
  .bss               zero     0x2001'06a0      0x4  mem.o [1]
  .bss               zero     0x2001'06a4      0x4  memp.o [1]
  .bss               zero     0x2001'06a8      0x4  memp.o [1]
  .bss               zero     0x2001'06ac      0x4  memp.o [1]
  .bss               zero     0x2001'06b0      0x4  memp.o [1]
  .bss               zero     0x2001'06b4      0x4  memp.o [1]
  .bss               zero     0x2001'06b8      0x4  memp.o [1]
  .bss               zero     0x2001'06bc      0x4  memp.o [1]
  .bss               zero     0x2001'06c0      0x4  memp.o [1]
  .bss               zero     0x2001'06c4      0x4  memp.o [1]
  .bss               zero     0x2001'06c8      0x4  memp.o [1]
  .bss               zero     0x2001'06cc      0x4  memp.o [1]
  .bss               zero     0x2001'06d0      0x4  memp.o [1]
  .bss               zero     0x2001'06d4      0x4  memp.o [1]
  .bss               zero     0x2001'06d8      0x4  netif.o [1]
  .bss               zero     0x2001'06dc      0x4  netif.o [1]
  .bss               zero     0x2001'06e0      0x4  port.o [1]
  .bss               zero     0x2001'06e4      0x4  process.o [1]
  .bss               zero     0x2001'06e8      0x4  process.o [1]
  .bss               zero     0x2001'06ec      0x4  process.o [1]
  .bss               zero     0x2001'06f0      0x4  process.o [1]
  .bss               zero     0x2001'06f4      0x4  process.o [1]
  .bss               zero     0x2001'06f8      0x4  process.o [1]
  .bss               zero     0x2001'06fc      0x4  stm32f7xx_hal.o [1]
  .bss               zero     0x2001'0700      0x4  stm32f7xx_hal_msp.o [1]
  .bss               zero     0x2001'0704      0x4  sys_arch.o [1]
  .bss               zero     0x2001'0708      0x4  tasks.o [1]
  .bss               zero     0x2001'070c      0x4  tasks.o [1]
  .bss               zero     0x2001'0710      0x4  tasks.o [1]
  .bss               zero     0x2001'0714      0x4  tasks.o [1]
  .bss               zero     0x2001'0718      0x4  tasks.o [1]
  .bss               zero     0x2001'071c      0x4  tasks.o [1]
  .bss               zero     0x2001'0720      0x4  tasks.o [1]
  .bss               zero     0x2001'0724      0x4  tasks.o [1]
  .bss               zero     0x2001'0728      0x4  tasks.o [1]
  .bss               zero     0x2001'072c      0x4  tasks.o [1]
  .bss               zero     0x2001'0730      0x4  tasks.o [1]
  .bss               zero     0x2001'0734      0x4  tasks.o [1]
  .bss               zero     0x2001'0738      0x4  tasks.o [1]
  .bss               zero     0x2001'073c      0x4  tasks.o [1]
  .bss               zero     0x2001'0740      0x4  tasks.o [1]
  .bss               zero     0x2001'0744      0x4  tcp.o [1]
  .bss               zero     0x2001'0748      0x4  tcp.o [1]
  .bss               zero     0x2001'074c      0x4  tcp.o [1]
  .bss               zero     0x2001'0750      0x4  tcp.o [1]
  .bss               zero     0x2001'0754      0x4  tcp.o [1]
  .bss               zero     0x2001'0758      0x4  tcp_in.o [1]
  .bss               zero     0x2001'075c      0x4  tcp_in.o [1]
  .bss               zero     0x2001'0760      0x4  tcp_in.o [1]
  .bss               zero     0x2001'0764      0x4  tcp_in.o [1]
  .bss               zero     0x2001'0768      0x4  tcp_in.o [1]
  .bss               zero     0x2001'076c      0x4  tcp_in.o [1]
  .bss               zero     0x2001'0770      0x4  tcpip.o [1]
  .bss               zero     0x2001'0774      0x4  tcpip.o [1]
  .bss               zero     0x2001'0778      0x4  tcpip.o [1]
  .bss               zero     0x2001'077c      0x4  tcpip.o [1]
  .bss               zero     0x2001'0780      0x4  timeouts.o [1]
  .bss               zero     0x2001'0784      0x4  timeouts.o [1]
  .bss               zero     0x2001'0788      0x4  timeouts.o [1]
  .bss               zero     0x2001'078c      0x4  udp.o [1]
  .bss               zero     0x2001'0790      0x4  xfail_s.o [2]
  .bss               zero     0x2001'0794      0x4  xgetmemchunk.o [2]
  .bss               zero     0x2001'0798      0x2  analog.o [1]
  .bss               zero     0x2001'079a      0x2  analog.o [1]
  .bss               zero     0x2001'079c      0x2  analog.o [1]
  .bss               zero     0x2001'079e      0x2  analog.o [1]
  .bss               zero     0x2001'07a0      0x2  analog.o [1]
  .bss               zero     0x2001'07a2      0x2  analog.o [1]
  .bss               zero     0x2001'07a4      0x2  ip4.o [1]
  .bss               zero     0x2001'07a6      0x2  ip4_frag.o [1]
  .bss               zero     0x2001'07a8      0x2  process.o [1]
  .bss               zero     0x2001'07aa      0x2  tcp_in.o [1]
  .bss               zero     0x2001'07ac      0x2  tcp_in.o [1]
  .bss               zero     0x2001'07ae      0x2  tcp_in.o [1]
  .bss               zero     0x2001'07b0      0x2  tcp_in.o [1]
  .bss               zero     0x2001'07b2      0x2  tcp_in.o [1]
  .bss               zero     0x2001'07b4      0x1  analog.o [1]
  .bss               zero     0x2001'07b5      0x1  analog.o [1]
  .bss               zero     0x2001'07b6      0x1  dhcp.o [1]
  .bss               zero     0x2001'07b7      0x1  etharp.o [1]
  .bss               zero     0x2001'07b8      0x1  netif.o [1]
  .bss               zero     0x2001'07b9      0x1  pbuf.o [1]
  .bss               zero     0x2001'07ba      0x1  port.o [1]
  .bss               zero     0x2001'07bb      0x1  process.o [1]
  .bss               zero     0x2001'07bc      0x1  process.o [1]
  .bss               zero     0x2001'07bd      0x1  process.o [1]
  .bss               zero     0x2001'07be      0x1  process.o [1]
  .bss               zero     0x2001'07bf      0x1  process.o [1]
  .bss               zero     0x2001'07c0      0x1  process.o [1]
  .bss               zero     0x2001'07c1      0x1  tcp.o [1]
  .bss               zero     0x2001'07c2      0x1  tcp.o [1]
  .bss               zero     0x2001'07c3      0x1  tcp.o [1]
  .bss               zero     0x2001'07c4      0x1  tcp_in.o [1]
  .bss               zero     0x2001'07c5      0x1  tcp_in.o [1]
  .bss               zero     0x2001'07c6      0x1  XShttio.o [2]
                            - 0x2001'07c7  0x10533

"P2", part 3 of 3:                           0x600
  CSTACK                      0x2001'07c8    0x400  <Block>
    CSTACK           uninit   0x2001'07c8    0x400  <Block tail>
  HEAP                        0x2001'0bc8    0x200  <Block>
    HEAP             uninit   0x2001'0bc8    0x200  <Block tail>
                            - 0x2001'0dc8    0x600

"P3":                                       0x4e20
  VARIABLE_MASS      zero     0x2004'b000   0x3e80  analog.o [1]
  VARIABLE_MASS      zero     0x2004'ee80    0x7d0  analog.o [1]
  VARIABLE_MASS      zero     0x2004'f650    0x7d0  analog.o [1]
                            - 0x2004'fe20   0x4e20

Unused ranges:

         From           To      Size
         ----           --      ----
   0x802'2d77   0x80f'ffff  0xd'd289
  0x2000'0292  0x2000'0293       0x2
  0x2001'0dc8  0x2004'afff  0x3'a238
  0x2004'fe20  0x2004'ffff     0x1e0


*******************************************************************************
*** INIT TABLE
***

          Address      Size
          -------      ----
Zero (__iar_zero_init3)
    2 destination ranges, total size 0x15353:
          0x2000'0294  0x10533
          0x2004'b000   0x4e20

Copy/lz77 (__iar_lz77_init_single3)
    1 source range, total size 0x177 (56% of destination):
           0x802'2c00    0x177
    1 destination range, total size 0x292:
          0x2000'0000    0x292



*******************************************************************************
*** MODULE SUMMARY
***

    Module                  ro code  ro data  rw data
    ------                  -------  -------  -------
command line/config:
    -------------------------------------------------
    Total:

D:\Work\Gerkon\system software\EWARM\config\Obj: [1]
    analog.o                  3 308       16   20 122
    cmsis_os.o                1 848
    def.o                        44
    dhcp.o                    5 754      906       53
    eeprom.o                    160        8        4
    etharp.o                  2 864      608      241
    ethernet.o                  344      192
    ethernetif.o              1 666      156   12 524
    freertos.o                   24               596
    fs.o                        268   26 388      240
    heap_4.o                    648        4   35 864
    httpd.o                   4 124      797    1 060
    httpd_cgi_ssi.o           4 192      776      140
    icmp.o                      704      276
    init.o                       72      184
    ip.o                                           24
    ip4.o                     1 096      180        2
    ip4_addr.o                   80        8
    ip4_frag.o                2 688      580        6
    list.o                      154
    lwip.o                      432       44       92
    main.o                    2 554      140      652
    mem.o                     1 720      660    1 636
    memp.o                      324      452   12 524
    netif.o                   1 116      436        9
    pbuf.o                    2 544      896        1
    port.o                      580        6        9
    portasm.o                   180
    process.o                 2 996       95      457
    queue.o                   2 916
    startup_stm32f745xx.o       840
    stm32f7xx_hal.o             188        3        9
    stm32f7xx_hal_adc.o       1 214
    stm32f7xx_hal_adc_ex.o      634
    stm32f7xx_hal_cortex.o      344
    stm32f7xx_hal_dac.o         298
    stm32f7xx_hal_dma.o       1 416        8
    stm32f7xx_hal_eth.o       3 280
    stm32f7xx_hal_gpio.o        696
    stm32f7xx_hal_i2c.o       2 020
    stm32f7xx_hal_i2c_ex.o      198
    stm32f7xx_hal_msp.o         988                 4
    stm32f7xx_hal_pwr_ex.o      120
    stm32f7xx_hal_rcc.o       1 644
    stm32f7xx_hal_rcc_ex.o    1 388
    stm32f7xx_hal_sdram.o       128
    stm32f7xx_hal_spi.o       1 310
    stm32f7xx_hal_tim.o       2 134
    stm32f7xx_hal_tim_ex.o      350
    stm32f7xx_it.o               60
    stm32f7xx_ll_fmc.o          336
    sys_arch.o                  356       32        4
    system_stm32f7xx.o           16       18        4
    tasks.o                   3 160        8      300
    tcp.o                     5 430    1 836       29
    tcp_in.o                  7 188    1 180       52
    tcp_out.o                 6 564    2 104
[...]
prvCopyDataToQueue       0x801'421b    0x9c  Code  Lc  queue.o [1]
prvDeleteTCB             0x801'3427    0x48  Code  Lc  tasks.o [1]
prvGetDisinheritPriorityAfterTimeout
                         0x801'4205    0x16  Code  Lc  queue.o [1]
prvHeapInit              0x801'453d    0x62  Code  Lc  heap_4.o [1]
prvIdleTask              0x801'336d    0x24  Code  Lc  tasks.o [1]
prvInitialiseMutex       0x801'3a31    0x22  Code  Lc  queue.o [1]
prvInitialiseNewQueue    0x801'39ff    0x32  Code  Lc  queue.o [1]
prvInitialiseNewTask     0x801'2cfd    0xd6  Code  Lc  tasks.o [1]
prvInitialiseTaskLists   0x801'3391    0x54  Code  Lc  tasks.o [1]
prvInsertBlockIntoFreeList
                         0x801'459f    0x5e  Code  Lc  heap_4.o [1]
prvIsQueueEmpty          0x801'435b    0x1c  Code  Lc  queue.o [1]
prvIsQueueFull           0x801'4377    0x1e  Code  Lc  queue.o [1]
prvResetNextTaskUnblockTime
                         0x801'346f    0x2a  Code  Lc  tasks.o [1]
prvTaskExitError         0x801'4645    0x32  Code  Lc  port.o [1]
prvUnlockQueue           0x801'42ed    0x6e  Code  Lc  queue.o [1]
ptr_to_mem               0x800'bbe1     0xc  Code  Lc  mem.o [1]
putchar                  0x802'2105     0xc  Code  Gb  putchar.o [2]
pvPortMalloc             0x801'4395   0x12c  Code  Gb  heap_4.o [1]
pvTaskIncrementMutexHeldCount
                         0x801'3733    0x16  Code  Gb  tasks.o [1]
pxCurrentTCB            0x2001'0708     0x4  Data  Gb  tasks.o [1]
pxDelayedTaskList       0x2001'070c     0x4  Data  Lc  tasks.o [1]
pxEnd                   0x2001'0644     0x4  Data  Lc  heap_4.o [1]
pxOverflowDelayedTaskList
                        0x2001'0710     0x4  Data  Lc  tasks.o [1]
pxPortInitialiseStack    0x801'461d    0x28  Code  Gb  port.o [1]
pxReadyTasksLists       0x2000'fbe8    0x8c  Data  Lc  tasks.o [1]
ram                     0x2001'0694     0x4  Data  Lc  mem.o [1]
ram_end                 0x2001'0698     0x4  Data  Lc  mem.o [1]
ram_heap                0x2000'e438   0x654  Data  Gb  mem.o [1]
rand                     0x800'c35d    0x94  Code  Gb  rand.o [2]
reassdatagrams          0x2001'0668     0x4  Data  Lc  ip4_frag.o [1]
recv_acked              0x2001'07b0     0x2  Data  Lc  tcp_in.o [1]
recv_data               0x2001'0768     0x4  Data  Lc  tcp_in.o [1]
recv_flags              0x2001'07c5     0x1  Data  Lc  tcp_in.o [1]
remove                   0x801'f28f    0x14  Code  Gb  remove.o [5]
rs_current              0x2001'0600     0x4  Data  Lc  analog.o [1]
sFileInfo               0x2000'ff84    0x80  Data  Lc  XShHandles.o [2]
s_xSemaphore            0x2001'0640     0x4  Data  Gb  ethernetif.o [1]
scalbln                  0x800'ea89          Code  Gb  ldexp.o [3]
scalblnl                 0x800'ea89          Code  Gb  ldexp.o [3]
scalbn                   0x800'ea89          Code  Gb  ldexp.o [3]
scalbnl                  0x800'ea89          Code  Gb  ldexp.o [3]
scale                    0x800'aeff    0x46  Code  Lc  xprintffull.o [2]
sec_hand                0x2001'0790     0x4  Data  Lc  xfail_s.o [2]
semaphoreId             0x2001'063c     0x4  Data  Gb  eeprom.o [1]
seqno                   0x2001'0760     0x4  Data  Lc  tcp_in.o [1]
sprintf                  0x801'be21    0x40  Code  Gb  sprintf.o [2]
sqrt                     0x801'cd25          Code  Gb  sqrt.o [3]
sqrtl                    0x801'cd25          Code  Gb  sqrt.o [3]
strchr                   0x800'e4f1          Code  Gb  strchr.o [4]
strcmp                   0x801'a191          Code  Gb  strcmp.o [4]
strcpy                   0x801'be61          Code  Gb  strcpy.o [4]
strlen                   0x800'e549          Code  Gb  strlen.o [4]
strncmp                  0x801'a05d    0x28  Code  Gb  strncmp.o [2]
strnstr                  0x801'8ed9    0x58  Code  Lc  httpd.o [1]
strstr                   0x801'a1db    0x30  Code  Gb  strstr.o [2]
sys_arch_mbox_fetch      0x800'b721    0x50  Code  Gb  sys_arch.o [1]
sys_arch_protect         0x800'b805    0x12  Code  Gb  sys_arch.o [1]
sys_arch_unprotect       0x800'b817     0xe  Code  Gb  sys_arch.o [1]
sys_check_timeouts       0x800'a21d    0x3e  Code  Gb  timeouts.o [1]
sys_init                 0x800'b781     0xe  Code  Gb  sys_arch.o [1]
sys_mbox_new             0x800'b6d1    0x30  Code  Gb  sys_arch.o [1]
sys_mbox_trypost         0x800'b701    0x20  Code  Gb  sys_arch.o [1]
sys_mbox_valid           0x800'b771    0x10  Code  Gb  sys_arch.o [1]
sys_mutex_lock           0x800'b7b5    0x10  Code  Gb  sys_arch.o [1]
sys_mutex_new            0x800'b78f    0x26  Code  Gb  sys_arch.o [1]
sys_mutex_unlock         0x800'b7c5     0xc  Code  Gb  sys_arch.o [1]
sys_now                  0x800'cdef     0x8  Code  Gb  ethernetif.o [1]
sys_thread_new           0x800'b7d1    0x34  Code  Gb  sys_arch.o [1]
sys_timeout              0x800'a1ed    0x30  Code  Gb  timeouts.o [1]
sys_timeout_abs          0x800'a113    0x82  Code  Lc  timeouts.o [1]
sys_timeouts_init        0x800'a1cf    0x1e  Code  Gb  timeouts.o [1]
sys_timeouts_sleeptime   0x800'a25b    0x44  Code  Gb  timeouts.o [1]
tcp_abandon              0x800'7491   0x120  Code  Gb  tcp.o [1]
tcp_abort                0x800'75b1     0xe  Code  Gb  tcp.o [1]
tcp_accept               0x800'834d    0x10  Code  Gb  tcp.o [1]
tcp_accept_null          0x800'76ab    0x2c  Code  Lc  tcp.o [1]
tcp_active_pcbs         0x2001'0750     0x4  Data  Gb  tcp.o [1]
tcp_active_pcbs_changed
                        0x2001'07c1     0x1  Data  Gb  tcp.o [1]
tcp_alloc                0x800'8201    0xc8  Code  Gb  tcp.o [1]
tcp_arg                  0x800'82d3     0x8  Code  Gb  tcp.o [1]
tcp_backoff              0x802'24f4    0x10  Data  Lc  tcp.o [1]
tcp_bind                 0x800'75bf    0xec  Code  Gb  tcp.o [1]
tcp_bound_pcbs          0x2001'0748     0x4  Data  Gb  tcp.o [1]
tcp_close                0x800'7457    0x3a  Code  Gb  tcp.o [1]
tcp_close_shutdown       0x800'726b   0x14c  Code  Lc  tcp.o [1]
tcp_close_shutdown_fin   0x800'73b7    0xa0  Code  Lc  tcp.o [1]
tcp_create_segment       0x800'873b   0x11c  Code  Lc  tcp_out.o [1]
tcp_eff_send_mss_netif   0x800'8511    0x56  Code  Gb  tcp.o [1]
tcp_enqueue_flags        0x800'931d   0x196  Code  Gb  tcp_out.o [1]
tcp_err                  0x800'8327    0x26  Code  Gb  tcp.o [1]
tcp_fasttmr              0x800'7e73    0x7e  Code  Gb  tcp.o [1]
tcp_free                 0x800'717f    0x26  Code  Gb  tcp.o [1]
tcp_free_acked_segments
                         0x800'5a15    0xb6  Code  Lc  tcp_in.o [1]
tcp_free_listen          0x800'71a5    0x26  Code  Lc  tcp.o [1]
tcp_free_ooseq           0x800'8689    0x16  Code  Gb  tcp.o [1]
tcp_get_next_optbyte     0x800'655b    0x3a  Code  Lc  tcp_in.o [1]
tcp_handle_closepend     0x800'81cd    0x2a  Code  Lc  tcp.o [1]
tcp_init                 0x800'7169    0x16  Code  Gb  tcp.o [1]
tcp_input                0x800'4ac1   0x646  Code  Gb  tcp_in.o [1]
tcp_input_delayed_close
                         0x800'5107    0x54  Code  Lc  tcp_in.o [1]
tcp_input_pcb           0x2001'076c     0x4  Data  Gb  tcp_in.o [1]
tcp_keepalive            0x800'9ee5    0x5a  Code  Gb  tcp_out.o [1]
tcp_kill_prio            0x800'80b1    0x70  Code  Lc  tcp.o [1]
tcp_kill_state           0x800'8129    0x68  Code  Lc  tcp.o [1]
tcp_kill_timewait        0x800'8191    0x36  Code  Lc  tcp.o [1]
tcp_listen_closed        0x800'7219    0x52  Code  Lc  tcp.o [1]
tcp_listen_input         0x800'515b   0x150  Code  Lc  tcp_in.o [1]
tcp_listen_pcbs         0x2001'074c     0x4  Data  Gb  tcp.o [1]
tcp_listen_with_backlog
                         0x800'76d7    0x14  Code  Gb  tcp.o [1]
tcp_listen_with_backlog_and_err
                         0x800'76eb    0xe4  Code  Gb  tcp.o [1]
tcp_netif_ip_addr_changed
                         0x800'85a9    0x4a  Code  Gb  tcp.o [1]
tcp_netif_ip_addr_changed_pcblist
                         0x800'8567    0x38  Code  Lc  tcp.o [1]
tcp_new                  0x800'82c9     0xa  Code  Gb  tcp.o [1]
tcp_new_port             0x800'78bb    0x62  Code  Lc  tcp.o [1]
tcp_next_iss             0x800'84e1    0x26  Code  Gb  tcp.o [1]
tcp_next_iss::iss       0x2000'0100     0x4  Data  Lc  tcp.o [1]
tcp_oos_insert_segment   0x800'5969    0xa2  Code  Lc  tcp_in.o [1]
tcp_optidx              0x2001'07ae     0x2  Data  Lc  tcp_in.o [1]
tcp_output               0x800'94d5   0x2d0  Code  Gb  tcp_out.o [1]
tcp_output_alloc_header
                         0x800'9c35    0x50  Code  Lc  tcp_out.o [1]
tcp_output_alloc_header_common
                         0x800'9b79    0xb4  Code  Lc  tcp_out.o [1]
tcp_output_control_segment
                         0x800'9d0d    0x76  Code  Lc  tcp_out.o [1]
tcp_output_fill_options
                         0x800'9c8d    0x80  Code  Lc  tcp_out.o [1]
tcp_output_segment       0x800'97dd   0x16e  Code  Lc  tcp_out.o [1]
tcp_output_segment_busy
                         0x800'97a9    0x2c  Code  Lc  tcp_out.o [1]
tcp_parseopt             0x800'659d    0xbc  Code  Lc  tcp_in.o [1]
tcp_pbuf_prealloc        0x800'8857    0xde  Code  Lc  tcp_out.o [1]
tcp_pcb_lists            0x802'2504    0x10  Data  Gb  tcp.o [1]
tcp_pcb_purge            0x800'8395    0x68  Code  Gb  tcp.o [1]
tcp_pcb_remove           0x800'8415    0xc4  Code  Gb  tcp.o [1]
tcp_persist_backoff      0x802'2a54     0x8  Data  Lc  tcp.o [1]
tcp_poll                 0x800'835d    0x38  Code  Gb  tcp.o [1]
tcp_port                0x2000'028c     0x2  Data  Lc  tcp.o [1]
tcp_process              0x800'538d   0x5ce  Code  Lc  tcp_in.o [1]
tcp_process_refused_data
                         0x800'7efd    0xb4  Code  Gb  tcp.o [1]
tcp_receive              0x800'5b15   0xa46  Code  Lc  tcp_in.o [1]
tcp_recv                 0x800'82db    0x26  Code  Gb  tcp.o [1]
tcp_recv_null            0x800'8061    0x50  Code  Gb  tcp.o [1]
tcp_recved               0x800'7847    0x74  Code  Gb  tcp.o [1]
tcp_remove_listener      0x800'71e7    0x32  Code  Lc  tcp.o [1]
tcp_rexmit               0x800'9a59    0x92  Code  Gb  tcp_out.o [1]
tcp_rexmit_fast          0x800'9af1    0x84  Code  Gb  tcp_out.o [1]
tcp_rexmit_rto           0x800'9a21    0x2e  Code  Gb  tcp_out.o [1]
tcp_rexmit_rto_commit    0x800'99eb    0x36  Code  Gb  tcp_out.o [1]
tcp_rexmit_rto_prepare   0x800'9955    0x96  Code  Gb  tcp_out.o [1]
tcp_route                0x800'8719    0x22  Code  Lc  tcp_out.o [1]
tcp_rst                  0x800'9d89    0x90  Code  Gb  tcp_out.o [1]
tcp_seg_copy             0x800'800d    0x4a  Code  Gb  tcp.o [1]
tcp_seg_free             0x800'7fc7    0x1e  Code  Gb  tcp.o [1]
tcp_segs_free            0x800'7fb1    0x16  Code  Gb  tcp.o [1]
tcp_send_empty_ack       0x800'9e29    0xbc  Code  Gb  tcp_out.o [1]
tcp_send_fin             0x800'92a3    0x5e  Code  Gb  tcp_out.o [1]
tcp_sent                 0x800'8301    0x26  Code  Gb  tcp.o [1]
tcp_setprio              0x800'7fe5    0x24  Code  Gb  tcp.o [1]
tcp_slowtmr              0x800'7971   0x502  Code  Gb  tcp.o [1]
tcp_split_unsent_seg     0x800'9095   0x20e  Code  Gb  tcp_out.o [1]
tcp_ticks               0x2001'0744     0x4  Data  Gb  tcp.o [1]
tcp_timer               0x2001'07c2     0x1  Data  Lc  tcp.o [1]
tcp_timer_ctr           0x2001'07c3     0x1  Data  Lc  tcp.o [1]
tcp_timer_needed         0x800'a0e9    0x2a  Code  Gb  timeouts.o [1]
tcp_timewait_input       0x800'52ab    0x9a  Code  Lc  tcp_in.o [1]
tcp_tmr                  0x800'71cb    0x1c  Code  Gb  tcp.o [1]
tcp_trigger_input_pcb_close
                         0x800'665d     0xc  Code  Gb  tcp_in.o [1]
tcp_tw_pcbs             0x2001'0754     0x4  Data  Gb  tcp.o [1]
tcp_update_rcv_ann_wnd   0x800'77cf    0x78  Code  Gb  tcp.o [1]
tcp_write                0x800'89fb   0x69a  Code  Gb  tcp_out.o [1]
tcp_write_checks         0x800'8935    0xc6  Code  Lc  tcp_out.o [1]
tcp_zero_window_probe    0x800'9f55    0xfe  Code  Gb  tcp_out.o [1]
tcphdr                  0x2001'0758     0x4  Data  Lc  tcp_in.o [1]
tcphdr_opt1len          0x2001'07ac     0x2  Data  Lc  tcp_in.o [1]
tcphdr_opt2             0x2001'075c     0x4  Data  Lc  tcp_in.o [1]
tcphdr_optlen           0x2001'07aa     0x2  Data  Lc  tcp_in.o [1]
tcpip_init               0x800'ba0d    0x58  Code  Gb  tcpip.o [1]
tcpip_init_done         0x2001'0770     0x4  Data  Lc  tcpip.o [1]
tcpip_init_done_arg     0x2001'0774     0x4  Data  Lc  tcpip.o [1]
tcpip_inpkt              0x800'b92d    0x60  Code  Gb  tcpip.o [1]
tcpip_input              0x800'b98d    0x28  Code  Gb  tcpip.o [1]
tcpip_mbox              0x2001'0778     0x4  Data  Lc  tcpip.o [1]
tcpip_tcp_timer          0x800'a0bd    0x2c  Code  Lc  timeouts.o [1]
tcpip_tcp_timer_active  0x2001'0788     0x4  Data  Lc  timeouts.o [1]
tcpip_thread             0x800'b89b    0x3e  Code  Lc  tcpip.o [1]
tcpip_thread_handle_msg
                         0x800'b8d9    0x54  Code  Lc  tcpip.o [1]
tcpip_timeouts_mbox_fetch
                         0x800'b835    0x66  Code  Lc  tcpip.o [1]
tcpip_try_callback       0x800'b9b5    0x58  Code  Gb  tcpip.o [1]
tcplen                  0x2001'07b2     0x2  Data  Lc  tcp_in.o [1]
timerLed1               0x2001'06e4     0x4  Data  Gb  process.o [1]
timerLed2               0x2001'06e8     0x4  Data  Gb  process.o [1]
tolower                  0x801'ce2b    0x14  Code  Gb  tolower.o [2]
transient_time          0x2001'0630     0x4  Data  Lc  analog.o [1]
ttio_guard              0x2001'07c6     0x1  Data  Lc  XShttio.o [2]
ucHeap                  0x2000'0294  0x8c00  Data  Lc  heap_4.o [1]
ucMaxSysCallPriority    0x2001'07ba     0x1  Data  Lc  port.o [1]
udp_bind                 0x800'df09    0xc8  Code  Gb  udp.o [1]
udp_connect              0x800'dfd1    0x88  Code  Gb  udp.o [1]
udp_init                 0x800'd9d1    0x16  Code  Gb  udp.o [1]
udp_input                0x800'dad7   0x1ce  Code  Gb  udp.o [1]
udp_input_local_match    0x800'da35    0xa2  Code  Lc  udp.o [1]
udp_netif_ip_addr_changed
                         0x800'e0f1    0x34  Code  Gb  udp.o [1]
udp_new                  0x800'e0cb    0x26  Code  Gb  udp.o [1]
udp_new_port             0x800'd9e7    0x4e  Code  Lc  udp.o [1]
udp_pcbs                0x2001'078c     0x4  Data  Gb  udp.o [1]
udp_port                0x2000'028e     0x2  Data  Lc  udp.o [1]
udp_recv                 0x800'e059    0x22  Code  Gb  udp.o [1]
udp_remove               0x800'e07b    0x50  Code  Gb  udp.o [1]
udp_sendto_if            0x800'dca5    0xc8  Code  Gb  udp.o [1]
udp_sendto_if_src        0x800'dd6d   0x19c  Code  Gb  udp.o [1]
ulMaxPRIGROUPValue      0x2001'06e0     0x4  Data  Lc  port.o [1]
uwTick                  0x2001'06fc     0x4  Data  Gb  stm32f7xx_hal.o [1]
uwTickFreq              0x2000'0291     0x1  Data  Gb  stm32f7xx_hal.o [1]
uwTickPrio              0x2000'00f8     0x4  Data  Gb  stm32f7xx_hal.o [1]
uxCriticalNesting       0x2000'0050     0x4  Data  Lc  port.o [1]
uxCurrentNumberOfTasks  0x2001'0718     0x4  Data  Lc  tasks.o [1]
uxDeletedTasksWaitingCleanUp
                        0x2001'0714     0x4  Data  Lc  tasks.o [1]
uxListRemove             0x801'58ef    0x28  Code  Gb  list.o [1]
uxPendedTicks           0x2001'0728     0x4  Data  Lc  tasks.o [1]
uxSchedulerSuspended    0x2001'0740     0x4  Data  Lc  tasks.o [1]
uxTaskNumber            0x2001'0734     0x4  Data  Lc  tasks.o [1]
uxTopReadyPriority      0x2001'0720     0x4  Data  Lc  tasks.o [1]
vApplicationGetIdleTaskMemory
                         0x801'5919    0x18  Code  Gb  freertos.o [1]
vListInitialise          0x801'587d    0x1e  Code  Gb  list.o [1]
vListInitialiseItem      0x801'589b     0x6  Code  Gb  list.o [1]
vListInsert              0x801'58b9    0x36  Code  Gb  list.o [1]
vListInsertEnd           0x801'58a1    0x18  Code  Gb  list.o [1]
vPortEnableVFP           0x801'59c9          Code  Gb  portasm.o [1]
vPortEnterCritical       0x801'4717    0x3c  Code  Gb  port.o [1]
vPortExitCritical        0x801'4753    0x30  Code  Gb  port.o [1]
vPortFree                0x801'44c1    0x7c  Code  Gb  heap_4.o [1]
vPortStartFirstTask      0x801'59a9          Code  Gb  portasm.o [1]
vPortValidateInterruptPriority
                         0x801'47b1    0x56  Code  Gb  port.o [1]
vTaskDelay               0x801'2e6d    0x52  Code  Gb  tasks.o [1]
vTaskInternalSetTimeOutState
                         0x801'32a5    0x12  Code  Gb  tasks.o [1]
vTaskMissedYield         0x801'3363     0xa  Code  Gb  tasks.o [1]
vTaskPlaceOnEventList    0x801'31e9    0x38  Code  Gb  tasks.o [1]
vTaskPriorityDisinheritAfterTimeout
                         0x801'363d    0xf6  Code  Gb  tasks.o [1]
vTaskStartScheduler      0x801'2ebf    0x98  Code  Gb  tasks.o [1]
vTaskSuspendAll          0x801'2f57     0xc  Code  Gb  tasks.o [1]
vTaskSwitchContext       0x801'3177    0x72  Code  Gb  tasks.o [1]
xBlockAllocatedBit      0x2001'0650     0x4  Data  Lc  heap_4.o [1]
xDelayedTaskList1       0x2001'0564    0x14  Data  Lc  tasks.o [1]
xDelayedTaskList2       0x2001'0578    0x14  Data  Lc  tasks.o [1]
xFreeBytesRemaining     0x2001'0648     0x4  Data  Lc  heap_4.o [1]
xHeapStructSize          0x802'2a74     0x4  Data  Lc  heap_4.o [1]
xIdleStack              0x2000'f19c   0x200  Data  Lc  freertos.o [1]
xIdleTaskHandle         0x2001'073c     0x4  Data  Lc  tasks.o [1]
xIdleTaskTCBBuffer      0x2001'00c8    0x54  Data  Lc  freertos.o [1]
xMinimumEverFreeBytesRemaining
                        0x2001'064c     0x4  Data  Lc  heap_4.o [1]
xNextTaskUnblockTime    0x2001'0738     0x4  Data  Lc  tasks.o [1]
xNumOfOverflows         0x2001'0730     0x4  Data  Lc  tasks.o [1]
xPendingReadyList       0x2001'058c    0x14  Data  Lc  tasks.o [1]
xPortStartScheduler      0x801'4677    0xa0  Code  Gb  port.o [1]
xPortSysTickHandler      0x801'4783    0x2c  Code  Gb  port.o [1]
xQueueCreateMutex        0x801'3a53    0x20  Code  Gb  queue.o [1]
xQueueCreateMutexStatic
                         0x801'3a73    0x2e  Code  Gb  queue.o [1]
xQueueGenericCreate      0x801'399f    0x60  Code  Gb  queue.o [1]
xQueueGenericCreateStatic
                         0x801'38c9    0xd6  Code  Gb  queue.o [1]
xQueueGenericReset       0x801'3831    0x98  Code  Gb  queue.o [1]
xQueueGenericSend        0x801'3aa1   0x1b6  Code  Gb  queue.o [1]
xQueueGenericSendFromISR
                         0x801'3c57    0xf0  Code  Gb  queue.o [1]
xQueueGiveFromISR        0x801'3d47    0xd4  Code  Gb  queue.o [1]
xQueueReceive            0x801'3e1b   0x176  Code  Gb  queue.o [1]
xQueueReceiveFromISR     0x801'4149    0xbc  Code  Gb  queue.o [1]
xQueueSemaphoreTake      0x801'3f91   0x1b2  Code  Gb  queue.o [1]
xSchedulerRunning       0x2001'0724     0x4  Data  Lc  tasks.o [1]
xStart                  0x2001'05e0     0x8  Data  Lc  heap_4.o [1]
xSuspendedTaskList      0x2001'05b4    0x14  Data  Lc  tasks.o [1]
xTaskCheckForTimeOut     0x801'32cd    0x96  Code  Gb  tasks.o [1]
xTaskCreate              0x801'2c83    0x7a  Code  Gb  tasks.o [1]
xTaskCreateStatic        0x801'2bd9    0xaa  Code  Gb  tasks.o [1]
xTaskGetSchedulerState   0x801'3499    0x20  Code  Gb  tasks.o [1]
xTaskGetTickCount        0x801'304f     0x8  Code  Gb  tasks.o [1]
xTaskGetTickCountFromISR
                         0x801'3057    0x10  Code  Gb  tasks.o [1]
xTaskIncrementTick       0x801'3067   0x110  Code  Gb  tasks.o [1]
xTaskPriorityDisinherit
                         0x801'357d    0xba  Code  Gb  tasks.o [1]
xTaskPriorityInherit     0x801'34bd    0xba  Code  Gb  tasks.o [1]
xTaskRemoveFromEventList
                         0x801'3221    0x80  Code  Gb  tasks.o [1]
xTaskResumeAll           0x801'2f63    0xec  Code  Gb  tasks.o [1]
xTasksWaitingTermination
                        0x2001'05a0    0x14  Data  Lc  tasks.o [1]
xTickCount              0x2001'071c     0x4  Data  Lc  tasks.o [1]
xYieldPending           0x2001'072c     0x4  Data  Lc  tasks.o [1]


[1] = D:\Work\Gerkon\system software\EWARM\config\Obj
[2] = dl7M_tlf.a
[3] = m7M_tls.a
[4] = rt7M_tl.a
[5] = shb_l.a

  102 142 bytes of readonly  code memory
   40 569 bytes of readonly  data memory
   89 061 bytes of readwrite data memory

Errors: none
Warnings: none
