###############################################################################
#
# IAR ELF Linker V8.30.1.114/W32 for ARM                  12/Jul/2022  13:19:07
# Copyright 2007-2018 IAR Systems AB.
#
#    Output file  =  D:\Work\Gerkon\system software\EWARM\config\Exe\config.out
#    Map file     =  
#        D:\Work\Gerkon\system software\EWARM\config\List\config.map
#    Command line =  
#        -f C:\Users\PopovIA\AppData\Local\Temp\EW163D.tmp
#        ("D:\Work\Gerkon\system software\EWARM\config\Obj\altcp.o"
#        "D:\Work\Gerkon\system software\EWARM\config\Obj\altcp_alloc.o"
#        "D:\Work\Gerkon\system software\EWARM\config\Obj\altcp_tcp.o"
#        "D:\Work\Gerkon\system software\EWARM\config\Obj\analog.o"
#        "D:\Work\Gerkon\system software\EWARM\config\Obj\api_lib.o"
#        "D:\Work\Gerkon\system software\EWARM\config\Obj\api_msg.o"
#        "D:\Work\Gerkon\system software\EWARM\config\Obj\auth.o"
#        "D:\Work\Gerkon\system software\EWARM\config\Obj\autoip.o"
#        "D:\Work\Gerkon\system software\EWARM\config\Obj\bridgeif.o"
#        "D:\Work\Gerkon\system software\EWARM\config\Obj\bridgeif_fdb.o"
#        "D:\Work\Gerkon\system software\EWARM\config\Obj\ccp.o"
#        "D:\Work\Gerkon\system software\EWARM\config\Obj\chap-md5.o"
#        "D:\Work\Gerkon\system software\EWARM\config\Obj\chap-new.o"
#        "D:\Work\Gerkon\system software\EWARM\config\Obj\chap_ms.o"
#        "D:\Work\Gerkon\system software\EWARM\config\Obj\cmsis_os.o"
#        "D:\Work\Gerkon\system software\EWARM\config\Obj\croutine.o"
#        "D:\Work\Gerkon\system software\EWARM\config\Obj\def.o"
#        "D:\Work\Gerkon\system software\EWARM\config\Obj\demand.o"
#        "D:\Work\Gerkon\system software\EWARM\config\Obj\dhcp.o"
#        "D:\Work\Gerkon\system software\EWARM\config\Obj\dhcp6.o"
#        "D:\Work\Gerkon\system software\EWARM\config\Obj\dns.o"
#        "D:\Work\Gerkon\system software\EWARM\config\Obj\eap.o"
#        "D:\Work\Gerkon\system software\EWARM\config\Obj\ecp.o"
#        "D:\Work\Gerkon\system software\EWARM\config\Obj\eeprom.o"
#        "D:\Work\Gerkon\system software\EWARM\config\Obj\err.o"
#        "D:\Work\Gerkon\system software\EWARM\config\Obj\etharp.o"
#        "D:\Work\Gerkon\system software\EWARM\config\Obj\ethernet.o"
#        "D:\Work\Gerkon\system software\EWARM\config\Obj\ethernetif.o"
#        "D:\Work\Gerkon\system software\EWARM\config\Obj\ethip6.o"
#        "D:\Work\Gerkon\system software\EWARM\config\Obj\eui64.o"
#        "D:\Work\Gerkon\system software\EWARM\config\Obj\event_groups.o"
#        "D:\Work\Gerkon\system software\EWARM\config\Obj\freertos.o"
#        "D:\Work\Gerkon\system software\EWARM\config\Obj\fs.o"
#        "D:\Work\Gerkon\system software\EWARM\config\Obj\fsm.o"
#        "D:\Work\Gerkon\system software\EWARM\config\Obj\heap_4.o"
#        "D:\Work\Gerkon\system software\EWARM\config\Obj\httpd.o"
#        "D:\Work\Gerkon\system software\EWARM\config\Obj\httpd_cgi_ssi.o"
#        "D:\Work\Gerkon\system software\EWARM\config\Obj\icmp.o"
#        "D:\Work\Gerkon\system software\EWARM\config\Obj\icmp6.o"
#        "D:\Work\Gerkon\system software\EWARM\config\Obj\if_api.o"
#        "D:\Work\Gerkon\system software\EWARM\config\Obj\igmp.o"
#        "D:\Work\Gerkon\system software\EWARM\config\Obj\inet6.o"
#        "D:\Work\Gerkon\system software\EWARM\config\Obj\inet_chksum.o"
#        "D:\Work\Gerkon\system software\EWARM\config\Obj\init.o"
#        "D:\Work\Gerkon\system software\EWARM\config\Obj\ip.o"
#        "D:\Work\Gerkon\system software\EWARM\config\Obj\ip4.o"
#        "D:\Work\Gerkon\system software\EWARM\config\Obj\ip4_addr.o"
#        "D:\Work\Gerkon\system software\EWARM\config\Obj\ip4_frag.o"
#        "D:\Work\Gerkon\system software\EWARM\config\Obj\ip6.o"
#        "D:\Work\Gerkon\system software\EWARM\config\Obj\ip6_addr.o"
#        "D:\Work\Gerkon\system software\EWARM\config\Obj\ip6_frag.o"
#        "D:\Work\Gerkon\system software\EWARM\config\Obj\ipcp.o"
#        "D:\Work\Gerkon\system software\EWARM\config\Obj\ipv6cp.o"
#        "D:\Work\Gerkon\system software\EWARM\config\Obj\lcp.o"
#        "D:\Work\Gerkon\system software\EWARM\config\Obj\list.o"
#        "D:\Work\Gerkon\system software\EWARM\config\Obj\lowpan6.o"
#        "D:\Work\Gerkon\system software\EWARM\config\Obj\lowpan6_ble.o"
#        "D:\Work\Gerkon\system software\EWARM\config\Obj\lowpan6_common.o"
#        "D:\Work\Gerkon\system software\EWARM\config\Obj\lwip.o"
#        "D:\Work\Gerkon\system software\EWARM\config\Obj\magic.o"
#        "D:\Work\Gerkon\system software\EWARM\config\Obj\main.o"
#        "D:\Work\Gerkon\system software\EWARM\config\Obj\mem.o"
#        "D:\Work\Gerkon\system software\EWARM\config\Obj\memp.o"
#        "D:\Work\Gerkon\system software\EWARM\config\Obj\mld6.o"
#        "D:\Work\Gerkon\system software\EWARM\config\Obj\mppe.o"
#        "D:\Work\Gerkon\system software\EWARM\config\Obj\mqtt.o"
#        "D:\Work\Gerkon\system software\EWARM\config\Obj\multilink.o"
#        "D:\Work\Gerkon\system software\EWARM\config\Obj\nd6.o"
#        "D:\Work\Gerkon\system software\EWARM\config\Obj\netbuf.o"
#        "D:\Work\Gerkon\system software\EWARM\config\Obj\netdb.o"
#        "D:\Work\Gerkon\system software\EWARM\config\Obj\netif.o"
#        "D:\Work\Gerkon\system software\EWARM\config\Obj\netifapi.o"
#        "D:\Work\Gerkon\system software\EWARM\config\Obj\pbuf.o"
#        "D:\Work\Gerkon\system software\EWARM\config\Obj\port.o"
#        "D:\Work\Gerkon\system software\EWARM\config\Obj\portasm.o"
#        "D:\Work\Gerkon\system software\EWARM\config\Obj\ppp.o"
#        "D:\Work\Gerkon\system software\EWARM\config\Obj\pppapi.o"
#        "D:\Work\Gerkon\system software\EWARM\config\Obj\pppcrypt.o"
#        "D:\Work\Gerkon\system software\EWARM\config\Obj\pppoe.o"
#        "D:\Work\Gerkon\system software\EWARM\config\Obj\pppol2tp.o"
#        "D:\Work\Gerkon\system software\EWARM\config\Obj\pppos.o"
#        "D:\Work\Gerkon\system software\EWARM\config\Obj\process.o"
#        "D:\Work\Gerkon\system software\EWARM\config\Obj\queue.o"
#        "D:\Work\Gerkon\system software\EWARM\config\Obj\raw.o"
#        "D:\Work\Gerkon\system software\EWARM\config\Obj\slipif.o"
#        "D:\Work\Gerkon\system software\EWARM\config\Obj\sockets.o"
#        "D:\Work\Gerkon\system
#        software\EWARM\config\Obj\startup_stm32f745xx.o"
#        "D:\Work\Gerkon\system software\EWARM\config\Obj\stats.o"
#        "D:\Work\Gerkon\system software\EWARM\config\Obj\stm32f7xx_hal.o"
#        "D:\Work\Gerkon\system software\EWARM\config\Obj\stm32f7xx_hal_adc.o"
#        "D:\Work\Gerkon\system
#        software\EWARM\config\Obj\stm32f7xx_hal_adc_ex.o"
#        "D:\Work\Gerkon\system
#        software\EWARM\config\Obj\stm32f7xx_hal_cortex.o"
#        "D:\Work\Gerkon\system software\EWARM\config\Obj\stm32f7xx_hal_dac.o"
#        "D:\Work\Gerkon\system
#        software\EWARM\config\Obj\stm32f7xx_hal_dac_ex.o"
#        "D:\Work\Gerkon\system software\EWARM\config\Obj\stm32f7xx_hal_dma.o"
#        "D:\Work\Gerkon\system
#        software\EWARM\config\Obj\stm32f7xx_hal_dma_ex.o"
#        "D:\Work\Gerkon\system software\EWARM\config\Obj\stm32f7xx_hal_eth.o"
#        "D:\Work\Gerkon\system software\EWARM\config\Obj\stm32f7xx_hal_exti.o"
#        "D:\Work\Gerkon\system
#        software\EWARM\config\Obj\stm32f7xx_hal_flash.o"
#        "D:\Work\Gerkon\system
#        software\EWARM\config\Obj\stm32f7xx_hal_flash_ex.o"
#        "D:\Work\Gerkon\system software\EWARM\config\Obj\stm32f7xx_hal_gpio.o"
#        "D:\Work\Gerkon\system software\EWARM\config\Obj\stm32f7xx_hal_i2c.o"
#        "D:\Work\Gerkon\system
#        software\EWARM\config\Obj\stm32f7xx_hal_i2c_ex.o"
#        "D:\Work\Gerkon\system software\EWARM\config\Obj\stm32f7xx_hal_msp.o"
#        "D:\Work\Gerkon\system software\EWARM\config\Obj\stm32f7xx_hal_pwr.o"
#        "D:\Work\Gerkon\system
#        software\EWARM\config\Obj\stm32f7xx_hal_pwr_ex.o"
#        "D:\Work\Gerkon\system software\EWARM\config\Obj\stm32f7xx_hal_rcc.o"
#        "D:\Work\Gerkon\system
#        software\EWARM\config\Obj\stm32f7xx_hal_rcc_ex.o"
#        "D:\Work\Gerkon\system
#        software\EWARM\config\Obj\stm32f7xx_hal_sdram.o"
#        "D:\Work\Gerkon\system software\EWARM\config\Obj\stm32f7xx_hal_spi.o"
#        "D:\Work\Gerkon\system
#        software\EWARM\config\Obj\stm32f7xx_hal_spi_ex.o"
#        "D:\Work\Gerkon\system software\EWARM\config\Obj\stm32f7xx_hal_tim.o"
#        "D:\Work\Gerkon\system
#        software\EWARM\config\Obj\stm32f7xx_hal_tim_ex.o"
#        "D:\Work\Gerkon\system software\EWARM\config\Obj\stm32f7xx_it.o"
#        "D:\Work\Gerkon\system software\EWARM\config\Obj\stm32f7xx_ll_fmc.o"
#        "D:\Work\Gerkon\system software\EWARM\config\Obj\stream_buffer.o"
#        "D:\Work\Gerkon\system software\EWARM\config\Obj\sys.o"
#        "D:\Work\Gerkon\system software\EWARM\config\Obj\sys_arch.o"
#        "D:\Work\Gerkon\system software\EWARM\config\Obj\system_stm32f7xx.o"
#        "D:\Work\Gerkon\system software\EWARM\config\Obj\tasks.o"
#        "D:\Work\Gerkon\system software\EWARM\config\Obj\tcp.o"
#        "D:\Work\Gerkon\system software\EWARM\config\Obj\tcp_in.o"
#        "D:\Work\Gerkon\system software\EWARM\config\Obj\tcp_out.o"
#        "D:\Work\Gerkon\system software\EWARM\config\Obj\tcpip.o"
#        "D:\Work\Gerkon\system software\EWARM\config\Obj\timeouts.o"
#        "D:\Work\Gerkon\system software\EWARM\config\Obj\timers.o"
#        "D:\Work\Gerkon\system software\EWARM\config\Obj\udp.o"
#        "D:\Work\Gerkon\system software\EWARM\config\Obj\upap.o"
#        "D:\Work\Gerkon\system software\EWARM\config\Obj\utils.o"
#        "D:\Work\Gerkon\system software\EWARM\config\Obj\vj.o"
#        "D:\Work\Gerkon\system software\EWARM\config\Obj\zepif.o" --redirect
#        _Printf=_PrintfFull --redirect _Scanf=_ScanfFull --no_out_extension -o
#        "D:\Work\Gerkon\system software\EWARM\config\Exe\config.out" --map
#        "D:\Work\Gerkon\system software\EWARM\config\List\config.map" --config
#        "D:\Work\Gerkon\system software\EWARM/stm32f745xx_flash.icf"
#        --semihosting --entry __iar_program_start --vfe --text_out locale)
#
###############################################################################

*******************************************************************************
*** RUNTIME MODEL ATTRIBUTES
***

CppFlavor       = *
__Heap_Handler  = Basic
__SystemLibrary = DLib
__dlib_version  = 6


*******************************************************************************
*** HEAP SELECTION
***

The basic heap was selected because no calls to memory allocation
functions were found in the application outside of system library
functions, and there are calls to deallocation functions in the
application.


*******************************************************************************
*** PLACEMENT SUMMARY
***

"A0":  place at 0x800'0000 { ro section .intvec };
"P1":  place in [from 0x800'0000 to 0x80f'ffff] { ro };
define block CSTACK with size = 1K, alignment = 8 { };
define block HEAP with size = 512, alignment = 8 { };
"P2":  place in [from 0x2000'0000 to 0x2004'afff] {
          rw, block CSTACK, block HEAP };
"P3":  place in [from 0x2004'b000 to 0x2004'ffff] { rw section VARIABLE_MASS };
initialize by copy { rw };

  Section            Kind         Address     Size  Object
  -------            ----         -------     ----  ------
"A0":                                        0x1c8
  .intvec            ro code   0x800'0000    0x1c8  startup_stm32f745xx.o [1]
                             - 0x800'01c8    0x1c8

"P1":                                      0x2331b
  .rodata            const     0x800'01c8   0x2bb4  fs.o [1]
  .rodata            const     0x800'2d7c   0x21a0  fs.o [1]
  .text              ro code   0x800'4f1c   0x1c14  tcp_in.o [1]
  .text              ro code   0x800'6b30     0x28  printf.o [2]
  .text              ro code   0x800'6b58     0x50  ip4_addr.o [1]
  .text              ro code   0x800'6ba8     0x2c  def.o [1]
  .text              ro code   0x800'6bd4    0x9f0  pbuf.o [1]
  .text              ro code   0x800'75c4   0x1536  tcp.o [1]
  .text              ro code   0x800'8afa     0x7a  lz77_init_single.o [4]
  .text              ro code   0x800'8b74   0x19a4  tcp_out.o [1]
  .text              ro code   0x800'a518    0x218  timeouts.o [1]
  .text              ro code   0x800'a730    0x448  ip4.o [1]
  .text              ro code   0x800'ab78    0xf7a  xprintffull.o [2]
  .text              ro code   0x800'baf2     0x3a  zero_init3.o [4]
  .text              ro code   0x800'bb2c    0x164  sys_arch.o [1]
  .text              ro code   0x800'bc90    0x268  tcpip.o [1]
  .text              ro code   0x800'bef8    0x144  memp.o [1]
  .text              ro code   0x800'c03c    0x6b8  mem.o [1]
  .text              ro code   0x800'c6f4     0xa6  ABImemcpy.o [4]
  .text              ro code   0x800'c79a     0x1e  xencoding_8859_1.o [2]
  .text              ro code   0x800'c7b8     0xa4  rand.o [2]
  .text              ro code   0x800'c85c     0x66  ABImemset.o [4]
  .text              ro code   0x800'c8c2      0xa  xsprout.o [2]
  .text              ro code   0x800'c8cc    0x45c  netif.o [1]
  .text              ro code   0x800'cd28    0x682  ethernetif.o [1]
  .rodata            const     0x800'd3aa      0x2  httpd_cgi_ssi.o [1]
  .text              ro code   0x800'd3ac    0xa80  ip4_frag.o [1]
  .text              ro code   0x800'de2c    0x7bc  udp.o [1]
  .text              ro code   0x800'e5e8    0x2c0  icmp.o [1]
  .text              ro code   0x800'e8a8     0xa4  xlocale_c.o [2]
  .text              ro code   0x800'e94c     0x16  strchr.o [4]
  .text              ro code   0x800'e964     0x40  xfail_s.o [2]
  .text              ro code   0x800'e9a4     0x36  strlen.o [4]
  .text              ro code   0x800'e9dc     0x58  memchr.o [4]
  .text              ro code   0x800'ea34      0xa  xmbcurmax.o [2]
  .text              ro code   0x800'ea40    0x230  I64DivMod.o [4]
  .text              ro code   0x800'ec70    0x1a2  DblMul.o [3]
  .text              ro code   0x800'ee14     0x70  frexp.o [3]
  .text              ro code   0x800'ee84     0x2e  DblCmpLe.o [3]
  .text              ro code   0x800'eeb4     0x2e  DblCmpGe.o [3]
  .text              ro code   0x800'eee4    0x13a  ldexp.o [3]
  .text              ro code   0x800'f020     0x3a  DblToS32.o [3]
  .text              ro code   0x800'f05c     0x22  S32ToDbl.o [3]
  .text              ro code   0x800'f080     0xe2  DblSub.o [3]
  .text              ro code   0x800'f164    0x246  DblDiv.o [3]
  .text              ro code   0x800'f3ac     0x28  DblToU32.o [3]
  .text              ro code   0x800'f3d4     0x1a  U32ToDbl.o [3]
  .text              ro code   0x800'f3f0    0x738  cmsis_os.o [1]
  .text              ro code   0x800'fb28      0x6  ABImemclr4.o [4]
  .text              ro code   0x800'fb30     0x48  init.o [1]
  .text              ro code   0x800'fb78    0xb30  etharp.o [1]
  .text              ro code   0x801'06a8   0x167a  dhcp.o [1]
  .text              ro code   0x801'1d24    0x2b8  stm32f7xx_hal_gpio.o [1]
  .text              ro code   0x801'1fdc    0x158  stm32f7xx_hal_cortex.o [1]
  .text              ro code   0x801'2134     0xa0  eeprom.o [1]
  .text              ro code   0x801'21d4    0xccc  stm32f7xx_hal_eth.o [1]
  .text              ro code   0x801'2ea0      0xc  stm32f7xx_hal.o [1]
  .text              ro code   0x801'2eac      0x6  abort.o [2]
  .text              ro code   0x801'2eb4      0x2  I64DivZer.o [4]
  .text              ro code   0x801'2eb8    0x17a  DblAdd.o [3]
  .text              ro code   0x801'3034    0xc58  tasks.o [1]
  .text              ro code   0x801'3c8c    0xb64  queue.o [1]
  .text              ro code   0x801'47f0    0x288  heap_4.o [1]
  .text              ro code   0x801'4a78    0x244  port.o [1]
  .text              ro code   0x801'4cbc     0x32  ABImemset48.o [4]
  .text              ro code   0x801'4cf0    0x158  ethernet.o [1]
  .text              ro code   0x801'4e48    0x7e4  stm32f7xx_hal_i2c.o [1]
  .text              ro code   0x801'562c    0x66c  stm32f7xx_hal_rcc.o [1]
  .text              ro code   0x801'5c98     0x28  stm32f7xx_hal.o [1]
  .text              ro code   0x801'5cc0      0x2  stm32f7xx_hal_eth.o [1]
  .text              ro code   0x801'5cc2      0x2  stm32f7xx_hal_eth.o [1]
  .text              ro code   0x801'5cc4     0x14  exit.o [5]
  .text              ro code   0x801'5cd8     0x9a  list.o [1]
  .text              ro code   0x801'5d74     0x18  freertos.o [1]
  CODE               ro code   0x801'5d8c     0xb4  portasm.o [1]
  .text              ro code   0x801'5e40     0x68  memcmp.o [4]
  .text              ro code   0x801'5ea8    0x3dc  stm32f7xx_hal_msp.o [1]
  .text              ro code   0x801'6284     0x4c  stm32f7xx_hal.o [1]
  .text              ro code   0x801'62d0     0x80  iarttio.o [5]
  .text              ro code   0x801'6350    0x588  stm32f7xx_hal_dma.o [1]
  .text              ro code   0x801'68d8    0x9fa  main.o [1]
  .text              ro code   0x801'72d4     0x3c  XShttio.o [2]
  .text              ro code   0x801'7310     0x24  stm32f7xx_hal.o [1]
  .text              ro code   0x801'7334    0x12a  stm32f7xx_hal_dac.o [1]
  .text              ro code   0x801'7460     0x78  stm32f7xx_hal_pwr_ex.o [1]
  .text              ro code   0x801'74d8    0x56c  stm32f7xx_hal_rcc_ex.o [1]
  .text              ro code   0x801'7a44    0x4b8  stm32f7xx_hal_adc.o [1]
  .text              ro code   0x801'7efc    0x27a  stm32f7xx_hal_adc_ex.o [1]
  .text              ro code   0x801'8178     0xc6  stm32f7xx_hal_i2c_ex.o [1]
  .text              ro code   0x801'8240    0x84a  stm32f7xx_hal_tim.o [1]
  .text              ro code   0x801'8a8c    0x158  stm32f7xx_hal_tim_ex.o [1]
  .text              ro code   0x801'8be4     0x80  stm32f7xx_hal_sdram.o [1]
  .text              ro code   0x801'8c64    0x51e  stm32f7xx_hal_spi.o [1]
  .text              ro code   0x801'9184    0x1b0  lwip.o [1]
  .text              ro code   0x801'9334   0x101c  httpd.o [1]
  .text              ro code   0x801'a350      0x2  stm32f7xx_hal_adc.o [1]
  .text              ro code   0x801'a352      0x2  stm32f7xx_hal_adc.o [1]
  .text              ro code   0x801'a354      0x2  stm32f7xx_hal_adc.o [1]
  .text              ro code   0x801'a356      0x2  stm32f7xx_hal_tim.o [1]
  .text              ro code   0x801'a358      0x2  stm32f7xx_hal_tim.o [1]
  .text              ro code   0x801'a35a      0x2  stm32f7xx_hal_tim.o [1]
  .text              ro code   0x801'a35c      0x2  stm32f7xx_hal_tim.o [1]
  .text              ro code   0x801'a35e      0x2  stm32f7xx_hal_tim.o [1]
  .text              ro code   0x801'a360      0x2  stm32f7xx_hal_tim_ex.o [1]
  .text              ro code   0x801'a362      0x2  stm32f7xx_hal_tim_ex.o [1]
  .text              ro code   0x801'a364      0x2  stm32f7xx_hal_tim.o [1]
  .text              ro code   0x801'a366      0x2  stm32f7xx_hal_tim_ex.o [1]
  .text              ro code   0x801'a368    0x150  stm32f7xx_ll_fmc.o [1]
  .text              ro code   0x801'a4b8     0x28  strncmp.o [2]
  .text              ro code   0x801'a4e0    0x10c  fs.o [1]
  .text              ro code   0x801'a5ec     0x4a  strcmp.o [4]
  .text              ro code   0x801'a636     0x30  strstr.o [2]
  .text              ro code   0x801'a668   0x1060  httpd_cgi_ssi.o [1]
  .text              ro code   0x801'b6c8    0xbb4  process.o [1]
  .text              ro code   0x801'c27c     0x40  sprintf.o [2]
  .text              ro code   0x801'c2bc     0x4c  strcpy.o [4]
  .text              ro code   0x801'c308    0xd00  analog.o [1]
  .text              ro code   0x801'd008    0x174  iar_Stoulx.o [2]
  .text              ro code   0x801'd17c      0x8  abs.o [2]
  .text              ro code   0x801'd184    0x102  sqrt.o [3]
  .text              ro code   0x801'd286     0x14  isspace.o [2]
  .text              ro code   0x801'd29a     0x14  tolower.o [2]
  .rodata            const     0x801'd2b0   0x115c  fs.o [1]
  .rodata            const     0x801'e40c    0xf6c  fs.o [1]
  .text              ro code   0x801'f378    0x140  heap0.o [2]
  .text              ro code   0x801'f4b8     0x2c  xgetmemchunk.o [2]
  .text              ro code   0x801'f4e4     0xd8  xfspos.o [2]
  .text              ro code   0x801'f5bc     0xac  fflush.o [2]
  .text              ro code   0x801'f668      0xc  xfgpos.o [2]
  .text              ro code   0x801'f674     0x4a  lseek.o [5]
  .text              ro code   0x801'f6be     0x10  write.o [5]
  .text              ro code   0x801'f6d0     0xcc  XShHandles.o [2]
  .text              ro code   0x801'f79c     0x1e  dwrite.o [5]
  .text              ro code   0x801'f7ba     0x20  iarwstd.o [5]
  .text              ro code   0x801'f7da     0x22  iarwrite.o [5]
  .text              ro code   0x801'f7fc     0xb4  xfwprep.o [2]
  .text              ro code   0x801'f8b0     0x24  fseek.o [2]
  .text              ro code   0x801'f8d4     0x8c  xfofind.o [2]
  .text              ro code   0x801'f960      0x4  heaptramp0.o [2]
  .text              ro code   0x801'f964     0x7e  fclose.o [2]
  .text              ro code   0x801'f9e2     0x18  close.o [5]
  .text              ro code   0x801'f9fa     0x14  remove.o [5]
  .rodata            const     0x801'fa10     0x58  ip4_frag.o [1]
  .rodata            const     0x801'fa68     0x58  tcp_out.o [1]
  .rodata            const     0x801'fac0     0x54  dhcp.o [1]
  .rodata            const     0x801'fb14     0x54  etharp.o [1]
  .rodata            const     0x801'fb68     0x54  ethernet.o [1]
  .rodata            const     0x801'fbbc     0x54  icmp.o [1]
  .text              ro code   0x801'fc10     0x54  fputc.o [2]
  .rodata            const     0x801'fc64     0x50  ip4.o [1]
  .rodata            const     0x801'fcb4     0x50  netif.o [1]
  .rodata            const     0x801'fd04     0x50  tcp_in.o [1]
  .rodata            const     0x801'fd54     0x50  tcp_out.o [1]
  .rodata            const     0x801'fda4     0x50  timeouts.o [1]
  .rodata            const     0x801'fdf4     0x4c  init.o [1]
  .rodata            const     0x801'fe40     0x4c  mem.o [1]
  .rodata            const     0x801'fe8c     0x4c  memp.o [1]
  .rodata            const     0x801'fed8     0x4c  pbuf.o [1]
  .rodata            const     0x801'ff24     0x4c  tcp.o [1]
  .rodata            const     0x801'ff70     0x4c  tcpip.o [1]
  .rodata            const     0x801'ffbc     0x4c  udp.o [1]
  .rodata            const     0x802'0008     0x44  dhcp.o [1]
  .rodata            const     0x802'004c     0x44  etharp.o [1]
  .rodata            const     0x802'0090     0x44  init.o [1]
  .rodata            const     0x802'00d4     0x40  dhcp.o [1]
  .rodata            const     0x802'0114     0x40  etharp.o [1]
  .rodata            const     0x802'0154     0x40  tcp_out.o [1]
  .rodata            const     0x802'0194     0x40  timeouts.o [1]
  .rodata            const     0x802'01d4     0x3c  dhcp.o [1]
  .rodata            const     0x802'0210     0x3c  dhcp.o [1]
  .rodata            const     0x802'024c     0x3c  tcp_in.o [1]
  .rodata            const     0x802'0288     0x3c  tcp_out.o [1]
  .rodata            const     0x802'02c4     0x3c  tcp_out.o [1]
  .text              ro code   0x802'0300     0x3c  stm32f7xx_it.o [1]
  .text              ro code   0x802'033c     0x18  stm32f7xx_hal.o [1]
  .text              ro code   0x802'0354     0x3c  xcloseall.o [2]
  .rodata            const     0x802'0390     0x38  dhcp.o [1]
  .rodata            const     0x802'03c8     0x38  ethernetif.o [1]
  .rodata            const     0x802'0400     0x38  icmp.o [1]
  .rodata            const     0x802'0438     0x38  ip4_frag.o [1]
  .rodata            const     0x802'0470     0x38  pbuf.o [1]
  .rodata            const     0x802'04a8     0x38  tcp.o [1]
  .rodata            const     0x802'04e0     0x38  tcp.o [1]
  .rodata            const     0x802'0518     0x38  tcp_in.o [1]
  .rodata            const     0x802'0550     0x38  tcp_out.o [1]
  .rodata            const     0x802'0588     0x38  tcp_out.o [1]
  .rodata            const     0x802'05c0     0x38  timeouts.o [1]
  .rodata            const     0x802'05f8     0x34  etharp.o [1]
  .rodata            const     0x802'062c     0x34  ethernet.o [1]
  .rodata            const     0x802'0660     0x34  icmp.o [1]
  .rodata            const     0x802'0694     0x34  mem.o [1]
  .rodata            const     0x802'06c8     0x34  memp.o [1]
  .rodata            const     0x802'06fc     0x34  pbuf.o [1]
  .rodata            const     0x802'0730     0x34  tcp.o [1]
  .rodata            const     0x802'0764     0x34  tcp.o [1]
  .rodata            const     0x802'0798     0x34  tcp.o [1]
  .rodata            const     0x802'07cc     0x34  tcp_out.o [1]
  .rodata            const     0x802'0800     0x34  tcp_out.o [1]
  .rodata            const     0x802'0834     0x30  etharp.o [1]
  .rodata            const     0x802'0864     0x30  ip4.o [1]
  .rodata            const     0x802'0894     0x30  mem.o [1]
  .rodata            const     0x802'08c4     0x30  mem.o [1]
  .rodata            const     0x802'08f4     0x30  netif.o [1]
  .rodata            const     0x802'0924     0x30  pbuf.o [1]
  .rodata            const     0x802'0954     0x30  pbuf.o [1]
  .rodata            const     0x802'0984     0x30  pbuf.o [1]
  .rodata            const     0x802'09b4     0x30  tcp.o [1]
  .rodata            const     0x802'09e4     0x30  tcp.o [1]
  .rodata            const     0x802'0a14     0x30  tcp.o [1]
  .rodata            const     0x802'0a44     0x30  tcp_in.o [1]
  .rodata            const     0x802'0a74     0x30  tcp_out.o [1]
  .rodata            const     0x802'0aa4     0x30  tcp_out.o [1]
  .rodata            const     0x802'0ad4     0x30  udp.o [1]
  .rodata            const     0x802'0b04     0x2c  etharp.o [1]
  .rodata            const     0x802'0b30     0x2c  httpd.o [1]
  .rodata            const     0x802'0b5c     0x2c  httpd.o [1]
  .rodata            const     0x802'0b88     0x2c  httpd.o [1]
  .rodata            const     0x802'0bb4     0x2c  icmp.o [1]
  .rodata            const     0x802'0be0     0x2c  mem.o [1]
  .rodata            const     0x802'0c0c     0x2c  pbuf.o [1]
  .rodata            const     0x802'0c38     0x2c  pbuf.o [1]
  .rodata            const     0x802'0c64     0x2c  tcp.o [1]
  .rodata            const     0x802'0c90     0x2c  tcp.o [1]
  .rodata            const     0x802'0cbc     0x2c  tcp.o [1]
  .rodata            const     0x802'0ce8     0x2c  tcp.o [1]
  .rodata            const     0x802'0d14     0x2c  tcp_in.o [1]
  .rodata            const     0x802'0d40     0x2c  tcp_in.o [1]
  .rodata            const     0x802'0d6c     0x2c  tcp_in.o [1]
  .rodata            const     0x802'0d98     0x2c  tcp_out.o [1]
  .rodata            const     0x802'0dc4     0x2c  tcp_out.o [1]
  .rodata            const     0x802'0df0     0x2c  tcp_out.o [1]
  .rodata            const     0x802'0e1c     0x28  dhcp.o [1]
  .rodata            const     0x802'0e44     0x28  dhcp.o [1]
  .rodata            const     0x802'0e6c     0x28  etharp.o [1]
  .rodata            const     0x802'0e94     0x28  etharp.o [1]
  .rodata            const     0x802'0ebc     0x28  ethernet.o [1]
  .rodata            const     0x802'0ee4     0x28  ethernetif.o [1]
  .rodata            const     0x802'0f0c     0x28  httpd.o [1]
  .rodata            const     0x802'0f34     0x28  httpd.o [1]
  .rodata            const     0x802'0f5c     0x28  icmp.o [1]
  .rodata            const     0x802'0f84     0x28  init.o [1]
  .rodata            const     0x802'0fac     0x28  ip4.o [1]
  .rodata            const     0x802'0fd4     0x28  ip4_frag.o [1]
  .rodata            const     0x802'0ffc     0x28  mem.o [1]
  .rodata            const     0x802'1024     0x28  mem.o [1]
  .rodata            const     0x802'104c     0x28  memp.o [1]
  .rodata            const     0x802'1074     0x28  netif.o [1]
  .rodata            const     0x802'109c     0x28  pbuf.o [1]
  .rodata            const     0x802'10c4     0x28  tcp.o [1]
  .rodata            const     0x802'10ec     0x28  tcp.o [1]
  .rodata            const     0x802'1114     0x28  tcp.o [1]
  .rodata            const     0x802'113c     0x28  tcp.o [1]
  .rodata            const     0x802'1164     0x28  tcp.o [1]
  .rodata            const     0x802'118c     0x28  tcp.o [1]
  .rodata            const     0x802'11b4     0x28  tcp.o [1]
  .rodata            const     0x802'11dc     0x28  tcp.o [1]
  .rodata            const     0x802'1204     0x28  tcp.o [1]
  .rodata            const     0x802'122c     0x28  tcp.o [1]
  .rodata            const     0x802'1254     0x28  tcp.o [1]
  .rodata            const     0x802'127c     0x28  tcp_in.o [1]
  .rodata            const     0x802'12a4     0x28  tcp_in.o [1]
  .rodata            const     0x802'12cc     0x28  tcp_in.o [1]
  .rodata            const     0x802'12f4     0x28  tcp_in.o [1]
  .rodata            const     0x802'131c     0x28  tcp_in.o [1]
  .rodata            const     0x802'1344     0x28  tcp_in.o [1]
  .rodata            const     0x802'136c     0x28  tcp_in.o [1]
  .rodata            const     0x802'1394     0x28  tcp_out.o [1]
  .rodata            const     0x802'13bc     0x28  tcp_out.o [1]
  .rodata            const     0x802'13e4     0x28  tcp_out.o [1]
  .rodata            const     0x802'140c     0x28  tcp_out.o [1]
  .rodata            const     0x802'1434     0x28  tcp_out.o [1]
  .rodata            const     0x802'145c     0x28  tcp_out.o [1]
  .rodata            const     0x802'1484     0x28  tcpip.o [1]
  .rodata            const     0x802'14ac     0x28  timeouts.o [1]
  .rodata            const     0x802'14d4     0x28  timeouts.o [1]
  .rodata            const     0x802'14fc     0x28  udp.o [1]
  .rodata            const     0x802'1524     0x28  udp.o [1]
  .text              ro code   0x802'154c     0x28  data_init.o [4]
  .rodata            const     0x802'1574     0x24  dhcp.o [1]
  .rodata            const     0x802'1598     0x24  dhcp.o [1]
  .rodata            const     0x802'15bc     0x24  etharp.o [1]
  .rodata            const     0x802'15e0     0x24  httpd.o [1]
  .rodata            const     0x802'1604     0x24  httpd.o [1]
  .rodata            const     0x802'1628     0x24  ip4_frag.o [1]
  .rodata            const     0x802'164c     0x24  ip4_frag.o [1]
  .rodata            const     0x802'1670     0x24  mem.o [1]
  .rodata            const     0x802'1694     0x24  mem.o [1]
  .rodata            const     0x802'16b8     0x24  memp.o [1]
  .rodata            const     0x802'16dc     0x24  netif.o [1]
  .rodata            const     0x802'1700     0x24  netif.o [1]
  .rodata            const     0x802'1724     0x24  netif.o [1]
  .rodata            const     0x802'1748     0x24  netif.o [1]
  .rodata            const     0x802'176c     0x24  pbuf.o [1]
  .rodata            const     0x802'1790     0x24  pbuf.o [1]
  .rodata            const     0x802'17b4     0x24  tcp.o [1]
  .rodata            const     0x802'17d8     0x24  tcp_out.o [1]
  .rodata            const     0x802'17fc     0x24  tcp_out.o [1]
  .rodata            const     0x802'1820     0x24  tcp_out.o [1]
  .rodata            const     0x802'1844     0x24  tcp_out.o [1]
  .rodata            const     0x802'1868     0x24  tcp_out.o [1]
  .rodata            const     0x802'188c     0x24  tcp_out.o [1]
  .rodata            const     0x802'18b0     0x24  tcp_out.o [1]
  .rodata            const     0x802'18d4     0x24  tcp_out.o [1]
  .rodata            const     0x802'18f8     0x24  tcpip.o [1]
  .rodata            const     0x802'191c     0x24  tcpip.o [1]
  .rodata            const     0x802'1940     0x24  udp.o [1]
  .rodata            const     0x802'1964     0x24  udp.o [1]
  .rodata            const     0x802'1988     0x24  udp.o [1]
  .rodata            const     0x802'19ac     0x24  udp.o [1]
  .text              ro code   0x802'19d0     0x22  fpinit_M.o [3]
  .iar.init_table    const     0x802'19f4     0x28  - Linker created -
  .rodata            const     0x802'1a1c     0x20  dhcp.o [1]
  .rodata            const     0x802'1a3c     0x20  dhcp.o [1]
  .rodata            const     0x802'1a5c     0x20  httpd.o [1]
  .rodata            const     0x802'1a7c     0x20  httpd.o [1]
  .rodata            const     0x802'1a9c     0x20  ip4_frag.o [1]
  .rodata            const     0x802'1abc     0x20  ip4_frag.o [1]
  .rodata            const     0x802'1adc     0x20  ip4_frag.o [1]
  .rodata            const     0x802'1afc     0x20  ip4_frag.o [1]
  .rodata            const     0x802'1b1c     0x20  mem.o [1]
  .rodata            const     0x802'1b3c     0x20  memp.o [1]
  .rodata            const     0x802'1b5c     0x20  memp.o [1]
  .rodata            const     0x802'1b7c     0x20  netif.o [1]
  .rodata            const     0x802'1b9c     0x20  pbuf.o [1]
  .rodata            const     0x802'1bbc     0x20  pbuf.o [1]
  .rodata            const     0x802'1bdc     0x20  tcp.o [1]
  .rodata            const     0x802'1bfc     0x20  tcp.o [1]
  .rodata            const     0x802'1c1c     0x20  tcp.o [1]
  .rodata            const     0x802'1c3c     0x20  tcp.o [1]
  .rodata            const     0x802'1c5c     0x20  tcp_in.o [1]
  .rodata            const     0x802'1c7c     0x20  tcp_in.o [1]
  .rodata            const     0x802'1c9c     0x20  tcp_in.o [1]
  .rodata            const     0x802'1cbc     0x20  tcp_in.o [1]
  .rodata            const     0x802'1cdc     0x20  tcp_in.o [1]
  .rodata            const     0x802'1cfc     0x20  tcp_in.o [1]
  .rodata            const     0x802'1d1c     0x20  tcp_in.o [1]
  .rodata            const     0x802'1d3c     0x20  tcp_out.o [1]
  .rodata            const     0x802'1d5c     0x20  tcp_out.o [1]
  .rodata            const     0x802'1d7c     0x20  tcp_out.o [1]
  .rodata            const     0x802'1d9c     0x20  tcp_out.o [1]
  .rodata            const     0x802'1dbc     0x20  tcp_out.o [1]
  .rodata            const     0x802'1ddc     0x20  tcp_out.o [1]
  .rodata            const     0x802'1dfc     0x20  tcp_out.o [1]
  .rodata            const     0x802'1e1c     0x20  tcp_out.o [1]
  .rodata            const     0x802'1e3c     0x20  tcp_out.o [1]
  .rodata            const     0x802'1e5c     0x20  tcp_out.o [1]
  .rodata            const     0x802'1e7c     0x20  tcp_out.o [1]
  .rodata            const     0x802'1e9c     0x20  tcpip.o [1]
  .rodata            const     0x802'1ebc     0x20  udp.o [1]
  .rodata            const     0x802'1edc     0x20  udp.o [1]
  .rodata            const     0x802'1efc     0x20  udp.o [1]
  .rodata            const     0x802'1f1c     0x20  udp.o [1]
  .text              ro code   0x802'1f3c     0x1e  cmain.o [4]
  .text              ro code   0x802'1f5a      0x4  low_level_init.o [2]
  .text              ro code   0x802'1f5e      0x4  exit.o [2]
  .text              ro code   0x802'1f64      0xe  cexit.o [4]
  .rodata            const     0x802'1f74     0x1c  dhcp.o [1]
  .rodata            const     0x802'1f90     0x1c  dhcp.o [1]
  .rodata            const     0x802'1fac     0x1c  dhcp.o [1]
  .rodata            const     0x802'1fc8     0x1c  etharp.o [1]
  .rodata            const     0x802'1fe4     0x1c  ethernetif.o [1]
  .rodata            const     0x802'2000     0x1c  httpd.o [1]
  .rodata            const     0x802'201c     0x1c  httpd.o [1]
  .rodata            const     0x802'2038     0x1c  httpd.o [1]
  .rodata            const     0x802'2054     0x1c  ip4_frag.o [1]
  .rodata            const     0x802'2070     0x1c  ip4_frag.o [1]
  .rodata            const     0x802'208c     0x1c  ip4_frag.o [1]
  .rodata            const     0x802'20a8     0x1c  lwip.o [1]
  .rodata            const     0x802'20c4     0x1c  main.o [1]
  .rodata            const     0x802'20e0     0x1c  main.o [1]
  .rodata            const     0x802'20fc     0x1c  main.o [1]
  .rodata            const     0x802'2118     0x1c  mem.o [1]
  .rodata            const     0x802'2134     0x1c  mem.o [1]
  .rodata            const     0x802'2150     0x1c  mem.o [1]
  .rodata            const     0x802'216c     0x1c  mem.o [1]
  .rodata            const     0x802'2188     0x1c  mem.o [1]
  .rodata            const     0x802'21a4     0x1c  memp.o [1]
  .rodata            const     0x802'21c0     0x1c  netif.o [1]
  .rodata            const     0x802'21dc     0x1c  netif.o [1]
  .rodata            const     0x802'21f8     0x1c  pbuf.o [1]
  .rodata            const     0x802'2214     0x1c  pbuf.o [1]
  .rodata            const     0x802'2230     0x1c  pbuf.o [1]
  .rodata            const     0x802'224c     0x1c  tcp.o [1]
  .rodata            const     0x802'2268     0x1c  tcp.o [1]
  .rodata            const     0x802'2284     0x1c  tcp.o [1]
  .rodata            const     0x802'22a0     0x1c  tcp.o [1]
  .rodata            const     0x802'22bc     0x1c  tcp.o [1]
  .rodata            const     0x802'22d8     0x1c  tcp.o [1]
  .rodata            const     0x802'22f4     0x1c  tcp.o [1]
  .rodata            const     0x802'2310     0x1c  tcp.o [1]
  .rodata            const     0x802'232c     0x1c  tcp.o [1]
  .rodata            const     0x802'2348     0x1c  tcp.o [1]
  .rodata            const     0x802'2364     0x1c  tcp.o [1]
  .rodata            const     0x802'2380     0x1c  tcp_in.o [1]
  .rodata            const     0x802'239c     0x1c  tcp_in.o [1]
  .rodata            const     0x802'23b8     0x1c  tcp_in.o [1]
  .rodata            const     0x802'23d4     0x1c  tcp_in.o [1]
  .rodata            const     0x802'23f0     0x1c  tcp_in.o [1]
  .rodata            const     0x802'240c     0x1c  tcp_out.o [1]
  .rodata            const     0x802'2428     0x1c  tcp_out.o [1]
  .rodata            const     0x802'2444     0x1c  tcp_out.o [1]
  .rodata            const     0x802'2460     0x1c  tcp_out.o [1]
  .rodata            const     0x802'247c     0x1c  tcp_out.o [1]
  .rodata            const     0x802'2498     0x1c  udp.o [1]
  .rodata            const     0x802'24b4     0x1c  udp.o [1]
  .rodata            const     0x802'24d0     0x1c  udp.o [1]
  .rodata            const     0x802'24ec     0x1c  udp.o [1]
  .rodata            const     0x802'2508     0x1c  udp.o [1]
  .rodata            const     0x802'2524     0x1c  udp.o [1]
  .rodata            const     0x802'2540     0x18  dhcp.o [1]
  .rodata            const     0x802'2558     0x18  dhcp.o [1]
  .rodata            const     0x802'2570     0x18  dhcp.o [1]
  .rodata            const     0x802'2588     0x18  etharp.o [1]
  .rodata            const     0x802'25a0     0x18  httpd.o [1]
  .rodata            const     0x802'25b8     0x18  httpd.o [1]
  .rodata            const     0x802'25d0     0x18  httpd.o [1]
  .rodata            const     0x802'25e8     0x18  mem.o [1]
  .rodata            const     0x802'2600     0x18  mem.o [1]
  .rodata            const     0x802'2618     0x18  pbuf.o [1]
  .rodata            const     0x802'2630     0x18  pbuf.o [1]
  .rodata            const     0x802'2648     0x18  pbuf.o [1]
  .rodata            const     0x802'2660     0x18  pbuf.o [1]
  .rodata            const     0x802'2678     0x18  tcp.o [1]
  .rodata            const     0x802'2690     0x18  tcp.o [1]
  .rodata            const     0x802'26a8     0x18  tcp.o [1]
  .rodata            const     0x802'26c0     0x18  tcp.o [1]
  .rodata            const     0x802'26d8     0x18  tcp.o [1]
  .rodata            const     0x802'26f0     0x18  tcp.o [1]
  .rodata            const     0x802'2708     0x18  tcp.o [1]
  .rodata            const     0x802'2720     0x18  tcp_in.o [1]
  .rodata            const     0x802'2738     0x18  tcp_in.o [1]
  .rodata            const     0x802'2750     0x18  tcp_out.o [1]
  .rodata            const     0x802'2768     0x18  tcp_out.o [1]
  .rodata            const     0x802'2780     0x18  tcp_out.o [1]
  .rodata            const     0x802'2798     0x18  tcp_out.o [1]
  .rodata            const     0x802'27b0     0x18  tcp_out.o [1]
  .rodata            const     0x802'27c8     0x18  tcp_out.o [1]
  .rodata            const     0x802'27e0     0x18  tcp_out.o [1]
  .rodata            const     0x802'27f8     0x18  udp.o [1]
  .rodata            const     0x802'2810     0x18  udp.o [1]
  .rodata            const     0x802'2828     0x18  udp.o [1]
  .rodata            const     0x802'2840     0x18  udp.o [1]
  .text              ro code   0x802'2858     0x16  xprout.o [2]
  .text              ro code   0x802'2870      0xc  putchar.o [2]
  .rodata            const     0x802'287c     0x14  dhcp.o [1]
  .rodata            const     0x802'2890     0x14  dhcp.o [1]
  .rodata            const     0x802'28a4     0x14  dhcp.o [1]
  .rodata            const     0x802'28b8     0x14  dhcp.o [1]
  .rodata            const     0x802'28cc     0x14  dhcp.o [1]
  .rodata            const     0x802'28e0     0x14  etharp.o [1]
  .rodata            const     0x802'28f4     0x14  fs.o [1]
  .rodata            const     0x802'2908     0x14  fs.o [1]
  .rodata            const     0x802'291c     0x14  fs.o [1]
  .rodata            const     0x802'2930     0x14  fs.o [1]
  .rodata            const     0x802'2944     0x14  httpd.o [1]
  .rodata            const     0x802'2958     0x14  httpd_cgi_ssi.o [1]
  .rodata            const     0x802'296c     0x14  httpd_cgi_ssi.o [1]
  .rodata            const     0x802'2980     0x14  httpd_cgi_ssi.o [1]
  .rodata            const     0x802'2994     0x14  httpd_cgi_ssi.o [1]
  .rodata            const     0x802'29a8     0x14  ip4_frag.o [1]
  .rodata            const     0x802'29bc     0x14  main.o [1]
  .rodata            const     0x802'29d0     0x14  mem.o [1]
  .rodata            const     0x802'29e4     0x14  netif.o [1]
  .rodata            const     0x802'29f8     0x14  pbuf.o [1]
  .rodata            const     0x802'2a0c     0x14  pbuf.o [1]
  .rodata            const     0x802'2a20     0x14  pbuf.o [1]
  .rodata            const     0x802'2a34     0x14  pbuf.o [1]
  .rodata            const     0x802'2a48     0x14  tcp.o [1]
  .rodata            const     0x802'2a5c     0x14  tcp_in.o [1]
  .rodata            const     0x802'2a70     0x14  tcp_out.o [1]
  .rodata            const     0x802'2a84     0x14  tcp_out.o [1]
  .rodata            const     0x802'2a98     0x14  tcp_out.o [1]
  .rodata            const     0x802'2aac     0x14  timeouts.o [1]
  .rodata            const     0x802'2ac0     0x10  dhcp.o [1]
  .rodata            const     0x802'2ad0     0x10  etharp.o [1]
  .rodata            const     0x802'2ae0     0x10  etharp.o [1]
  .rodata            const     0x802'2af0     0x10  etharp.o [1]
  .rodata            const     0x802'2b00     0x10  ethernetif.o [1]
  .rodata            const     0x802'2b10     0x10  httpd.o [1]
  .rodata            const     0x802'2b20     0x10  httpd.o [1]
  .rodata            const     0x802'2b30     0x10  httpd.o [1]
  .rodata            const     0x802'2b40     0x10  httpd.o [1]
  .rodata            const     0x802'2b50     0x10  httpd.o [1]
  .rodata            const     0x802'2b60     0x10  httpd_cgi_ssi.o [1]
  .rodata            const     0x802'2b70     0x10  httpd_cgi_ssi.o [1]
  .rodata            const     0x802'2b80     0x10  httpd_cgi_ssi.o [1]
  .rodata            const     0x802'2b90     0x10  httpd_cgi_ssi.o [1]
  .rodata            const     0x802'2ba0     0x10  httpd_cgi_ssi.o [1]
  .rodata            const     0x802'2bb0     0x10  httpd_cgi_ssi.o [1]
  .rodata            const     0x802'2bc0     0x10  httpd_cgi_ssi.o [1]
  .rodata            const     0x802'2bd0     0x10  ip4_frag.o [1]
  .rodata            const     0x802'2be0     0x10  ip4_frag.o [1]
  .rodata            const     0x802'2bf0     0x10  main.o [1]
  .rodata            const     0x802'2c00     0x10  netif.o [1]
  .rodata            const     0x802'2c10     0x10  pbuf.o [1]
  .rodata            const     0x802'2c20     0x10  pbuf.o [1]
  .rodata            const     0x802'2c30     0x10  sys_arch.o [1]
  .rodata            const     0x802'2c40     0x10  system_stm32f7xx.o [1]
  .rodata            const     0x802'2c50     0x10  tcp.o [1]
  .rodata            const     0x802'2c60     0x10  tcp.o [1]
  .rodata            const     0x802'2c70     0x10  tcp.o [1]
  .rodata            const     0x802'2c80     0x10  tcp_in.o [1]
  .rodata            const     0x802'2c90     0x10  tcp_in.o [1]
  .rodata            const     0x802'2ca0     0x10  tcp_in.o [1]
  .rodata            const     0x802'2cb0     0x10  tcp_in.o [1]
  .rodata            const     0x802'2cc0     0x10  tcp_out.o [1]
  .rodata            const     0x802'2cd0     0x10  tcp_out.o [1]
  .rodata            const     0x802'2ce0     0x10  tcp_out.o [1]
  .rodata            const     0x802'2cf0     0x10  tcpip.o [1]
  .rodata            const     0x802'2d00     0x10  tcpip.o [1]
  .text              ro code   0x802'2d10     0x10  startup_stm32f745xx.o [1]
  .text              ro code   0x802'2d20     0x10  system_stm32f7xx.o [1]
  .rodata            const     0x802'2d30      0xc  analog.o [1]
  .rodata            const     0x802'2d3c      0xc  dhcp.o [1]
  .rodata            const     0x802'2d48      0xc  dhcp.o [1]
  .rodata            const     0x802'2d54      0xc  etharp.o [1]
  .rodata            const     0x802'2d60      0xc  httpd.o [1]
  .rodata            const     0x802'2d6c      0xc  httpd.o [1]
  .rodata            const     0x802'2d78      0xc  httpd.o [1]
  .rodata            const     0x802'2d84      0xc  httpd.o [1]
  .rodata            const     0x802'2d90      0xc  httpd.o [1]
  .rodata            const     0x802'2d9c      0xc  httpd.o [1]
  .rodata            const     0x802'2da8      0xc  httpd.o [1]
  .rodata            const     0x802'2db4      0xc  httpd.o [1]
  .rodata            const     0x802'2dc0      0xc  httpd.o [1]
  .rodata            const     0x802'2dcc      0xc  httpd_cgi_ssi.o [1]
  .rodata            const     0x802'2dd8      0xc  httpd_cgi_ssi.o [1]
  .rodata            const     0x802'2de4      0xc  httpd_cgi_ssi.o [1]
  .rodata            const     0x802'2df0      0xc  httpd_cgi_ssi.o [1]
  .rodata            const     0x802'2dfc      0xc  httpd_cgi_ssi.o [1]
  .rodata            const     0x802'2e08      0xc  httpd_cgi_ssi.o [1]
  .rodata            const     0x802'2e14      0xc  httpd_cgi_ssi.o [1]
  .rodata            const     0x802'2e20      0xc  httpd_cgi_ssi.o [1]
  .rodata            const     0x802'2e2c      0xc  httpd_cgi_ssi.o [1]
  .rodata            const     0x802'2e38      0xc  httpd_cgi_ssi.o [1]
  .rodata            const     0x802'2e44      0xc  httpd_cgi_ssi.o [1]
  .rodata            const     0x802'2e50      0xc  httpd_cgi_ssi.o [1]
  .rodata            const     0x802'2e5c      0xc  httpd_cgi_ssi.o [1]
  .rodata            const     0x802'2e68      0xc  httpd_cgi_ssi.o [1]
  .rodata            const     0x802'2e74      0xc  httpd_cgi_ssi.o [1]
  .rodata            const     0x802'2e80      0xc  httpd_cgi_ssi.o [1]
  .rodata            const     0x802'2e8c      0xc  httpd_cgi_ssi.o [1]
  .rodata            const     0x802'2e98      0xc  httpd_cgi_ssi.o [1]
  .rodata            const     0x802'2ea4      0xc  httpd_cgi_ssi.o [1]
  .rodata            const     0x802'2eb0      0xc  httpd_cgi_ssi.o [1]
  .rodata            const     0x802'2ebc      0xc  httpd_cgi_ssi.o [1]
  .rodata            const     0x802'2ec8      0xc  httpd_cgi_ssi.o [1]
  .rodata            const     0x802'2ed4      0xc  httpd_cgi_ssi.o [1]
  .rodata            const     0x802'2ee0      0xc  httpd_cgi_ssi.o [1]
  .rodata            const     0x802'2eec      0xc  httpd_cgi_ssi.o [1]
  .rodata            const     0x802'2ef8      0xc  httpd_cgi_ssi.o [1]
  .rodata            const     0x802'2f04      0xc  httpd_cgi_ssi.o [1]
  .rodata            const     0x802'2f10      0xc  httpd_cgi_ssi.o [1]
  .rodata            const     0x802'2f1c      0xc  httpd_cgi_ssi.o [1]
  .rodata            const     0x802'2f28      0xc  httpd_cgi_ssi.o [1]
  .rodata            const     0x802'2f34      0xc  httpd_cgi_ssi.o [1]
  .rodata            const     0x802'2f40      0xc  httpd_cgi_ssi.o [1]
  .rodata            const     0x802'2f4c      0xc  ip4.o [1]
  .rodata            const     0x802'2f58      0xc  ip4_frag.o [1]
  .rodata            const     0x802'2f64      0xc  ip4_frag.o [1]
  .rodata            const     0x802'2f70      0xc  ip4_frag.o [1]
  .rodata            const     0x802'2f7c      0xc  ip4_frag.o [1]
  .rodata            const     0x802'2f88      0xc  ip4_frag.o [1]
  .rodata            const     0x802'2f94      0xc  main.o [1]
  .rodata            const     0x802'2fa0      0xc  memp.o [1]
  .rodata            const     0x802'2fac      0xc  memp.o [1]
  .rodata            const     0x802'2fb8      0xc  memp.o [1]
  .rodata            const     0x802'2fc4      0xc  memp.o [1]
  .rodata            const     0x802'2fd0      0xc  memp.o [1]
  .rodata            const     0x802'2fdc      0xc  memp.o [1]
  .rodata            const     0x802'2fe8      0xc  memp.o [1]
  .rodata            const     0x802'2ff4      0xc  memp.o [1]
  .rodata            const     0x802'3000      0xc  memp.o [1]
  .rodata            const     0x802'300c      0xc  memp.o [1]
  .rodata            const     0x802'3018      0xc  memp.o [1]
  .rodata            const     0x802'3024      0xc  memp.o [1]
  .rodata            const     0x802'3030      0xc  memp.o [1]
  .rodata            const     0x802'303c      0xc  pbuf.o [1]
  .rodata            const     0x802'3048      0xc  tcp.o [1]
  .rodata            const     0x802'3054      0xc  tcp_in.o [1]
  .rodata            const     0x802'3060      0xc  tcp_out.o [1]
  .text              ro code   0x802'306c      0xc  cstartup_M.o [4]
  .rodata            const     0x802'3078      0x8  eeprom.o [1]
  .rodata            const     0x802'3080      0x8  ethernet.o [1]
  .rodata            const     0x802'3088      0x8  ethernet.o [1]
  .rodata            const     0x802'3090      0x8  ethernetif.o [1]
  .rodata            const     0x802'3098      0x8  ethernetif.o [1]
  .rodata            const     0x802'30a0      0x8  httpd.o [1]
  .rodata            const     0x802'30a8      0x8  httpd.o [1]
  .rodata            const     0x802'30b0      0x8  httpd.o [1]
  .rodata            const     0x802'30b8      0x8  httpd.o [1]
  .rodata            const     0x802'30c0      0x8  httpd.o [1]
  .rodata            const     0x802'30c8      0x8  httpd.o [1]
  .rodata            const     0x802'30d0      0x8  httpd.o [1]
  .rodata            const     0x802'30d8      0x8  httpd.o [1]
  .rodata            const     0x802'30e0      0x8  httpd_cgi_ssi.o [1]
  .rodata            const     0x802'30e8      0x8  httpd_cgi_ssi.o [1]
  .rodata            const     0x802'30f0      0x8  httpd_cgi_ssi.o [1]
  .rodata            const     0x802'30f8      0x8  httpd_cgi_ssi.o [1]
  .rodata            const     0x802'3100      0x8  httpd_cgi_ssi.o [1]
  .rodata            const     0x802'3108      0x8  httpd_cgi_ssi.o [1]
  .rodata            const     0x802'3110      0x8  httpd_cgi_ssi.o [1]
  .rodata            const     0x802'3118      0x8  httpd_cgi_ssi.o [1]
  .rodata            const     0x802'3120      0x8  httpd_cgi_ssi.o [1]
  .rodata            const     0x802'3128      0x8  httpd_cgi_ssi.o [1]
  .rodata            const     0x802'3130      0x8  httpd_cgi_ssi.o [1]
  .rodata            const     0x802'3138      0x8  httpd_cgi_ssi.o [1]
  .rodata            const     0x802'3140      0x8  httpd_cgi_ssi.o [1]
  .rodata            const     0x802'3148      0x8  httpd_cgi_ssi.o [1]
  .rodata            const     0x802'3150      0x8  httpd_cgi_ssi.o [1]
  .rodata            const     0x802'3158      0x8  httpd_cgi_ssi.o [1]
  .rodata            const     0x802'3160      0x8  httpd_cgi_ssi.o [1]
  .rodata            const     0x802'3168      0x8  httpd_cgi_ssi.o [1]
  .rodata            const     0x802'3170      0x8  httpd_cgi_ssi.o [1]
  .rodata            const     0x802'3178      0x8  httpd_cgi_ssi.o [1]
  .rodata            const     0x802'3180      0x8  httpd_cgi_ssi.o [1]
  .rodata            const     0x802'3188      0x8  lwip.o [1]
  .rodata            const     0x802'3190      0x8  lwip.o [1]
  .rodata            const     0x802'3198      0x8  main.o [1]
  .rodata            const     0x802'31a0      0x8  stm32f7xx_hal_dma.o [1]
  .rodata            const     0x802'31a8      0x8  sys_arch.o [1]
  .rodata            const     0x802'31b0      0x8  sys_arch.o [1]
  .rodata            const     0x802'31b8      0x8  tasks.o [1]
  .rodata            const     0x802'31c0      0x8  tcp.o [1]
  .rodata            const     0x802'31c8      0x8  tcp_in.o [1]
  .rodata            const     0x802'31d0      0x8  tcp_in.o [1]
  .rodata            const     0x802'31d8      0x6  xlocale_c.o [2]
  .rodata            const     0x802'31e0      0x4  heap_4.o [1]
  .rodata            const     0x802'31e4      0x4  httpd.o [1]
  .rodata            const     0x802'31e8      0x4  httpd.o [1]
  .rodata            const     0x802'31ec      0x4  httpd.o [1]
  .rodata            const     0x802'31f0      0x4  ip4_addr.o [1]
  .rodata            const     0x802'31f4      0x4  ip4_addr.o [1]
  .rodata            const     0x802'31f8      0x4  port.o [1]
  .text              ro code   0x802'31fc      0x4  startup_stm32f745xx.o [1]
  .text              ro code   0x802'3200      0x4  startup_stm32f745xx.o [1]
  .text              ro code   0x802'3204      0x4  startup_stm32f745xx.o [1]
  .text              ro code   0x802'3208      0x4  startup_stm32f745xx.o [1]
  .text              ro code   0x802'320c      0x4  startup_stm32f745xx.o [1]
  .text              ro code   0x802'3210      0x4  startup_stm32f745xx.o [1]
  .text              ro code   0x802'3214      0x4  startup_stm32f745xx.o [1]
  .text              ro code   0x802'3218      0x4  startup_stm32f745xx.o [1]
  .text              ro code   0x802'321c      0x4  startup_stm32f745xx.o [1]
  .text              ro code   0x802'3220      0x4  startup_stm32f745xx.o [1]
  .text              ro code   0x802'3224      0x4  startup_stm32f745xx.o [1]
  .text              ro code   0x802'3228      0x4  startup_stm32f745xx.o [1]
  .text              ro code   0x802'322c      0x4  startup_stm32f745xx.o [1]
  .text              ro code   0x802'3230      0x4  startup_stm32f745xx.o [1]
  .text              ro code   0x802'3234      0x4  startup_stm32f745xx.o [1]
  .text              ro code   0x802'3238      0x4  startup_stm32f745xx.o [1]
  .text              ro code   0x802'323c      0x4  startup_stm32f745xx.o [1]
  .text              ro code   0x802'3240      0x4  startup_stm32f745xx.o [1]
  .text              ro code   0x802'3244      0x4  startup_stm32f745xx.o [1]
  .text              ro code   0x802'3248      0x4  startup_stm32f745xx.o [1]
  .text              ro code   0x802'324c      0x4  startup_stm32f745xx.o [1]
  .text              ro code   0x802'3250      0x4  startup_stm32f745xx.o [1]
  .text              ro code   0x802'3254      0x4  startup_stm32f745xx.o [1]
  .text              ro code   0x802'3258      0x4  startup_stm32f745xx.o [1]
  .text              ro code   0x802'325c      0x4  startup_stm32f745xx.o [1]
  .text              ro code   0x802'3260      0x4  startup_stm32f745xx.o [1]
  .text              ro code   0x802'3264      0x4  startup_stm32f745xx.o [1]
  .text              ro code   0x802'3268      0x4  startup_stm32f745xx.o [1]
  .text              ro code   0x802'326c      0x4  startup_stm32f745xx.o [1]
  .text              ro code   0x802'3270      0x4  startup_stm32f745xx.o [1]
  .text              ro code   0x802'3274      0x4  startup_stm32f745xx.o [1]
  .text              ro code   0x802'3278      0x4  startup_stm32f745xx.o [1]
  .text              ro code   0x802'327c      0x4  startup_stm32f745xx.o [1]
  .text              ro code   0x802'3280      0x4  startup_stm32f745xx.o [1]
  .text              ro code   0x802'3284      0x4  startup_stm32f745xx.o [1]
  .text              ro code   0x802'3288      0x4  startup_stm32f745xx.o [1]
  .text              ro code   0x802'328c      0x4  startup_stm32f745xx.o [1]
  .text              ro code   0x802'3290      0x4  startup_stm32f745xx.o [1]
  .text              ro code   0x802'3294      0x4  startup_stm32f745xx.o [1]
  .text              ro code   0x802'3298      0x4  startup_stm32f745xx.o [1]
  .text              ro code   0x802'329c      0x4  startup_stm32f745xx.o [1]
  .text              ro code   0x802'32a0      0x4  startup_stm32f745xx.o [1]
  .text              ro code   0x802'32a4      0x4  startup_stm32f745xx.o [1]
  .text              ro code   0x802'32a8      0x4  startup_stm32f745xx.o [1]
  .text              ro code   0x802'32ac      0x4  startup_stm32f745xx.o [1]
  .text              ro code   0x802'32b0      0x4  startup_stm32f745xx.o [1]
  .text              ro code   0x802'32b4      0x4  startup_stm32f745xx.o [1]
  .text              ro code   0x802'32b8      0x4  startup_stm32f745xx.o [1]
  .text              ro code   0x802'32bc      0x4  startup_stm32f745xx.o [1]
  .text              ro code   0x802'32c0      0x4  startup_stm32f745xx.o [1]
  .text              ro code   0x802'32c4      0x4  startup_stm32f745xx.o [1]
  .text              ro code   0x802'32c8      0x4  startup_stm32f745xx.o [1]
  .text              ro code   0x802'32cc      0x4  startup_stm32f745xx.o [1]
  .text              ro code   0x802'32d0      0x4  startup_stm32f745xx.o [1]
  .text              ro code   0x802'32d4      0x4  startup_stm32f745xx.o [1]
  .text              ro code   0x802'32d8      0x4  startup_stm32f745xx.o [1]
  .text              ro code   0x802'32dc      0x4  startup_stm32f745xx.o [1]
  .text              ro code   0x802'32e0      0x4  startup_stm32f745xx.o [1]
  .text              ro code   0x802'32e4      0x4  startup_stm32f745xx.o [1]
  .text              ro code   0x802'32e8      0x4  startup_stm32f745xx.o [1]
  .text              ro code   0x802'32ec      0x4  startup_stm32f745xx.o [1]
  .text              ro code   0x802'32f0      0x4  startup_stm32f745xx.o [1]
  .text              ro code   0x802'32f4      0x4  startup_stm32f745xx.o [1]
  .text              ro code   0x802'32f8      0x4  startup_stm32f745xx.o [1]
  .text              ro code   0x802'32fc      0x4  startup_stm32f745xx.o [1]
  .text              ro code   0x802'3300      0x4  startup_stm32f745xx.o [1]
  .text              ro code   0x802'3304      0x4  startup_stm32f745xx.o [1]
  .text              ro code   0x802'3308      0x4  startup_stm32f745xx.o [1]
  .text              ro code   0x802'330c      0x4  startup_stm32f745xx.o [1]
  .text              ro code   0x802'3310      0x4  startup_stm32f745xx.o [1]
  .text              ro code   0x802'3314      0x4  startup_stm32f745xx.o [1]
  .text              ro code   0x802'3318      0x4  startup_stm32f745xx.o [1]
  .text              ro code   0x802'331c      0x4  startup_stm32f745xx.o [1]
  .text              ro code   0x802'3320      0x4  startup_stm32f745xx.o [1]
  .text              ro code   0x802'3324      0x4  startup_stm32f745xx.o [1]
  .text              ro code   0x802'3328      0x4  startup_stm32f745xx.o [1]
  .text              ro code   0x802'332c      0x4  startup_stm32f745xx.o [1]
  .text              ro code   0x802'3330      0x4  startup_stm32f745xx.o [1]
  .text              ro code   0x802'3334      0x4  startup_stm32f745xx.o [1]
  .text              ro code   0x802'3338      0x4  startup_stm32f745xx.o [1]
  .text              ro code   0x802'333c      0x4  startup_stm32f745xx.o [1]
  .text              ro code   0x802'3340      0x4  startup_stm32f745xx.o [1]
  .text              ro code   0x802'3344      0x4  startup_stm32f745xx.o [1]
  .text              ro code   0x802'3348      0x4  startup_stm32f745xx.o [1]
  .text              ro code   0x802'334c      0x4  startup_stm32f745xx.o [1]
  .text              ro code   0x802'3350      0x4  startup_stm32f745xx.o [1]
  .text              ro code   0x802'3354      0x4  startup_stm32f745xx.o [1]
  .text              ro code   0x802'3358      0x4  startup_stm32f745xx.o [1]
  .text              ro code   0x802'335c      0x4  startup_stm32f745xx.o [1]
  .text              ro code   0x802'3360      0x4  startup_stm32f745xx.o [1]
  .text              ro code   0x802'3364      0x4  startup_stm32f745xx.o [1]
  .text              ro code   0x802'3368      0x4  startup_stm32f745xx.o [1]
  .text              ro code   0x802'336c      0x0  cstart_closeall.o [4]
  .rodata            const     0x802'336c      0x0  zero_init3.o [4]
  .rodata            const     0x802'336c      0x0  lz77_init_single.o [4]
  Initializer bytes  const     0x802'336c    0x177  <for P2-1>
                             - 0x802'34e3  0x2331b

"P2", part 1 of 3:                           0x292
  P2-1                        0x2000'0000    0x292  <Init block>
    .data            inited   0x2000'0000      0x4  analog.o [1]
    .data            inited   0x2000'0004      0x4  analog.o [1]
    .data            inited   0x2000'0008      0x4  dhcp.o [1]
    .data            inited   0x2000'000c     0x10  httpd.o [1]
    .data            inited   0x2000'001c     0x2c  httpd_cgi_ssi.o [1]
    .data            inited   0x2000'0048      0x4  httpd_cgi_ssi.o [1]
    .data            inited   0x2000'004c      0x4  httpd_cgi_ssi.o [1]
    .data            inited   0x2000'0050      0x4  port.o [1]
    .data            inited   0x2000'0054     0x94  process.o [1]
    .data            inited   0x2000'00e8      0x4  process.o [1]
    .data            inited   0x2000'00ec      0x4  process.o [1]
    .data            inited   0x2000'00f0      0x4  process.o [1]
    .data            inited   0x2000'00f4      0x4  process.o [1]
    .data            inited   0x2000'00f8      0x4  stm32f7xx_hal.o [1]
    .data            inited   0x2000'00fc      0x4  system_stm32f7xx.o [1]
    .data            inited   0x2000'0100      0x4  tcp.o [1]
    .data            inited   0x2000'0104      0x8  rand.o [2]
    .data            inited   0x2000'010c     0x38  xlocale_c.o [2]
    .data            inited   0x2000'0144     0x48  xlocale_c.o [2]
    .data            inited   0x2000'018c     0x48  xfiles.o [2]
    .data            inited   0x2000'01d4     0x48  xfiles.o [2]
    .data            inited   0x2000'021c     0x48  xfiles.o [2]
    .data            inited   0x2000'0264     0x20  xfiles.o [2]
    .data            inited   0x2000'0284      0x8  XShttio.o [2]
    .data            inited   0x2000'028c      0x2  tcp.o [1]
    .data            inited   0x2000'028e      0x2  udp.o [1]
    .data            inited   0x2000'0290      0x1  process.o [1]
    .data            inited   0x2000'0291      0x1  stm32f7xx_hal.o [1]
                            - 0x2000'0292    0x292

"P2", part 2 of 3:                         0x10534
  .bss               zero     0x2000'0294   0x8c00  heap_4.o [1]
  .bss               zero     0x2000'8e94   0x2604  memp.o [1]
  .bss               zero     0x2000'b498   0x17d0  ethernetif.o [1]
  .bss               zero     0x2000'cc68   0x17d0  ethernetif.o [1]
  .bss               zero     0x2000'e438    0x654  mem.o [1]
  .bss               zero     0x2000'ea8c    0x400  httpd.o [1]
  .bss               zero     0x2000'ee8c    0x310  memp.o [1]
  .bss               zero     0x2000'f19c    0x200  freertos.o [1]
  .bss               zero     0x2000'f39c    0x16c  memp.o [1]
  .bss               zero     0x2000'f508    0x104  memp.o [1]
  .bss               zero     0x2000'f60c    0x104  memp.o [1]
  .bss               zero     0x2000'f710     0xf0  etharp.o [1]
  .bss               zero     0x2000'f800     0xf0  fs.o [1]
  .bss               zero     0x2000'f8f0     0xe4  memp.o [1]
  .bss               zero     0x2000'f9d4     0xcc  process.o [1]
  .bss               zero     0x2000'faa0     0xa4  memp.o [1]
  .bss               zero     0x2000'fb44     0xa4  memp.o [1]
  .bss               zero     0x2000'fbe8     0x8c  tasks.o [1]
  .bss               zero     0x2000'fc74     0x84  memp.o [1]
  .bss               zero     0x2000'fcf8     0x84  memp.o [1]
  .bss               zero     0x2000'fd7c     0x84  memp.o [1]
  .bss               zero     0x2000'fe00     0x84  rand.o [2]
  .bss               zero     0x2000'fe84     0x80  ethernetif.o [1]
  .bss               zero     0x2000'ff04     0x80  ethernetif.o [1]
  .bss               zero     0x2000'ff84     0x80  XShHandles.o [2]
  .bss               zero     0x2001'0004     0x64  main.o [1]
  .bss               zero     0x2001'0068     0x60  main.o [1]
  .bss               zero     0x2001'00c8     0x54  freertos.o [1]
  .bss               zero     0x2001'011c     0x54  memp.o [1]
  .bss               zero     0x2001'0170     0x50  xfiles.o [2]
  .bss               zero     0x2001'01c0     0x50  xfiles.o [2]
  .bss               zero     0x2001'0210     0x4c  main.o [1]
  .bss               zero     0x2001'025c     0x4c  main.o [1]
  .bss               zero     0x2001'02a8     0x4c  main.o [1]
  .bss               zero     0x2001'02f4     0x48  ethernetif.o [1]
  .bss               zero     0x2001'033c     0x48  main.o [1]
  .bss               zero     0x2001'0384     0x48  main.o [1]
  .bss               zero     0x2001'03d0     0x38  httpd_cgi_ssi.o [1]
  .bss               zero     0x2001'0408     0x38  lwip.o [1]
  .bss               zero     0x2001'0440     0x38  process.o [1]
  .bss               zero     0x2001'0478     0x34  main.o [1]
  .bss               zero     0x2001'04ac     0x24  memp.o [1]
  .bss               zero     0x2001'04d0     0x28  analog.o [1]
  .bss               zero     0x2001'04f8     0x20  dhcp.o [1]
  .bss               zero     0x2001'0518     0x20  httpd_cgi_ssi.o [1]
  .bss               zero     0x2001'0538     0x18  ip.o [1]
  .bss               zero     0x2001'0550     0x14  main.o [1]
  .bss               zero     0x2001'0564     0x14  tasks.o [1]
  .bss               zero     0x2001'0578     0x14  tasks.o [1]
  .bss               zero     0x2001'058c     0x14  tasks.o [1]
  .bss               zero     0x2001'05a0     0x14  tasks.o [1]
  .bss               zero     0x2001'05b4     0x14  tasks.o [1]
  .bss               zero     0x2001'05c8     0x10  tcp_in.o [1]
  .bss               zero     0x2001'05d8      0x8  dhcp.o [1]
  .bss               zero     0x2001'05e0      0x8  heap_4.o [1]
  .bss               zero     0x2001'05e8      0x8  lwip.o [1]
  .bss               zero     0x2001'05f0      0x8  heap0.o [2]
  .bss               zero     0x2001'05f8      0x4  analog.o [1]
  .bss               zero     0x2001'05fc      0x4  analog.o [1]
  .bss               zero     0x2001'0600      0x4  analog.o [1]
  .bss               zero     0x2001'0604      0x4  analog.o [1]
  .bss               zero     0x2001'0608      0x4  analog.o [1]
  .bss               zero     0x2001'060c      0x4  analog.o [1]
  .bss               zero     0x2001'0610      0x4  analog.o [1]
  .bss               zero     0x2001'0614      0x4  analog.o [1]
  .bss               zero     0x2001'0618      0x4  analog.o [1]
  .bss               zero     0x2001'061c      0x4  analog.o [1]
  .bss               zero     0x2001'0620      0x4  analog.o [1]
  .bss               zero     0x2001'0624      0x4  analog.o [1]
  .bss               zero     0x2001'0628      0x4  analog.o [1]
  .bss               zero     0x2001'062c      0x4  analog.o [1]
  .bss               zero     0x2001'0630      0x4  analog.o [1]
  .bss               zero     0x2001'0634      0x4  dhcp.o [1]
  .bss               zero     0x2001'0638      0x4  dhcp.o [1]
  .bss               zero     0x2001'063c      0x4  eeprom.o [1]
  .bss               zero     0x2001'0640      0x4  ethernetif.o [1]
  .bss               zero     0x2001'0644      0x4  heap_4.o [1]
  .bss               zero     0x2001'0648      0x4  heap_4.o [1]
  .bss               zero     0x2001'064c      0x4  heap_4.o [1]
  .bss               zero     0x2001'0650      0x4  heap_4.o [1]
  .bss               zero     0x2001'0654      0x4  httpd.o [1]
  .bss               zero     0x2001'0658      0x4  httpd.o [1]
  .bss               zero     0x2001'065c      0x4  httpd.o [1]
  .bss               zero     0x2001'0660      0x4  httpd.o [1]
  .bss               zero     0x2001'0664      0x4  httpd.o [1]
  .bss               zero     0x2001'0668      0x4  ip4_frag.o [1]
  .bss               zero     0x2001'066c      0x4  lwip.o [1]
  .bss               zero     0x2001'0670      0x4  lwip.o [1]
  .bss               zero     0x2001'0674      0x4  lwip.o [1]
  .bss               zero     0x2001'0678      0x4  lwip.o [1]
  .bss               zero     0x2001'067c      0x4  lwip.o [1]
  .bss               zero     0x2001'0680      0x4  lwip.o [1]
  .bss               zero     0x2001'0684      0x4  lwip.o [1]
  .bss               zero     0x2001'0688      0x4  main.o [1]
  .bss               zero     0x2001'068c      0x4  main.o [1]
  .bss               zero     0x2001'0690      0x4  main.o [1]
  .bss               zero     0x2001'0694      0x4  mem.o [1]
  .bss               zero     0x2001'0698      0x4  mem.o [1]
  .bss               zero     0x2001'069c      0x4  mem.o [1]
  .bss               zero     0x2001'06a0      0x4  mem.o [1]
  .bss               zero     0x2001'06a4      0x4  memp.o [1]
  .bss               zero     0x2001'06a8      0x4  memp.o [1]
  .bss               zero     0x2001'06ac      0x4  memp.o [1]
  .bss               zero     0x2001'06b0      0x4  memp.o [1]
  .bss               zero     0x2001'06b4      0x4  memp.o [1]
  .bss               zero     0x2001'06b8      0x4  memp.o [1]
  .bss               zero     0x2001'06bc      0x4  memp.o [1]
  .bss               zero     0x2001'06c0      0x4  memp.o [1]
  .bss               zero     0x2001'06c4      0x4  memp.o [1]
  .bss               zero     0x2001'06c8      0x4  memp.o [1]
  .bss               zero     0x2001'06cc      0x4  memp.o [1]
  .bss               zero     0x2001'06d0      0x4  memp.o [1]
  .bss               zero     0x2001'06d4      0x4  memp.o [1]
  .bss               zero     0x2001'06d8      0x4  netif.o [1]
  .bss               zero     0x2001'06dc      0x4  netif.o [1]
  .bss               zero     0x2001'06e0      0x4  port.o [1]
  .bss               zero     0x2001'06e4      0x4  process.o [1]
  .bss               zero     0x2001'06e8      0x4  process.o [1]
  .bss               zero     0x2001'06ec      0x4  process.o [1]
  .bss               zero     0x2001'06f0      0x4  process.o [1]
  .bss               zero     0x2001'06f4      0x4  process.o [1]
  .bss               zero     0x2001'06f8      0x4  process.o [1]
  .bss               zero     0x2001'06fc      0x4  stm32f7xx_hal.o [1]
  .bss               zero     0x2001'0700      0x4  stm32f7xx_hal_msp.o [1]
  .bss               zero     0x2001'0704      0x4  sys_arch.o [1]
  .bss               zero     0x2001'0708      0x4  tasks.o [1]
  .bss               zero     0x2001'070c      0x4  tasks.o [1]
  .bss               zero     0x2001'0710      0x4  tasks.o [1]
  .bss               zero     0x2001'0714      0x4  tasks.o [1]
  .bss               zero     0x2001'0718      0x4  tasks.o [1]
  .bss               zero     0x2001'071c      0x4  tasks.o [1]
  .bss               zero     0x2001'0720      0x4  tasks.o [1]
  .bss               zero     0x2001'0724      0x4  tasks.o [1]
  .bss               zero     0x2001'0728      0x4  tasks.o [1]
  .bss               zero     0x2001'072c      0x4  tasks.o [1]
  .bss               zero     0x2001'0730      0x4  tasks.o [1]
  .bss               zero     0x2001'0734      0x4  tasks.o [1]
  .bss               zero     0x2001'0738      0x4  tasks.o [1]
  .bss               zero     0x2001'073c      0x4  tasks.o [1]
  .bss               zero     0x2001'0740      0x4  tasks.o [1]
  .bss               zero     0x2001'0744      0x4  tcp.o [1]
  .bss               zero     0x2001'0748      0x4  tcp.o [1]
  .bss               zero     0x2001'074c      0x4  tcp.o [1]
  .bss               zero     0x2001'0750      0x4  tcp.o [1]
  .bss               zero     0x2001'0754      0x4  tcp.o [1]
  .bss               zero     0x2001'0758      0x4  tcp_in.o [1]
  .bss               zero     0x2001'075c      0x4  tcp_in.o [1]
  .bss               zero     0x2001'0760      0x4  tcp_in.o [1]
  .bss               zero     0x2001'0764      0x4  tcp_in.o [1]
  .bss               zero     0x2001'0768      0x4  tcp_in.o [1]
  .bss               zero     0x2001'076c      0x4  tcp_in.o [1]
  .bss               zero     0x2001'0770      0x4  tcpip.o [1]
  .bss               zero     0x2001'0774      0x4  tcpip.o [1]
  .bss               zero     0x2001'0778      0x4  tcpip.o [1]
  .bss               zero     0x2001'077c      0x4  tcpip.o [1]
  .bss               zero     0x2001'0780      0x4  timeouts.o [1]
  .bss               zero     0x2001'0784      0x4  timeouts.o [1]
  .bss               zero     0x2001'0788      0x4  timeouts.o [1]
  .bss               zero     0x2001'078c      0x4  udp.o [1]
  .bss               zero     0x2001'0790      0x4  xfail_s.o [2]
  .bss               zero     0x2001'0794      0x4  xgetmemchunk.o [2]
  .bss               zero     0x2001'0798      0x2  analog.o [1]
  .bss               zero     0x2001'079a      0x2  analog.o [1]
  .bss               zero     0x2001'079c      0x2  analog.o [1]
  .bss               zero     0x2001'079e      0x2  analog.o [1]
  .bss               zero     0x2001'07a0      0x2  analog.o [1]
  .bss               zero     0x2001'07a2      0x2  analog.o [1]
  .bss               zero     0x2001'07a4      0x2  ip4.o [1]
  .bss               zero     0x2001'07a6      0x2  ip4_frag.o [1]
  .bss               zero     0x2001'07a8      0x2  process.o [1]
  .bss               zero     0x2001'07aa      0x2  tcp_in.o [1]
  .bss               zero     0x2001'07ac      0x2  tcp_in.o [1]
  .bss               zero     0x2001'07ae      0x2  tcp_in.o [1]
  .bss               zero     0x2001'07b0      0x2  tcp_in.o [1]
  .bss               zero     0x2001'07b2      0x2  tcp_in.o [1]
  .bss               zero     0x2001'07b4      0x1  analog.o [1]
  .bss               zero     0x2001'07b5      0x1  analog.o [1]
  .bss               zero     0x2001'07b6      0x1  dhcp.o [1]
  .bss               zero     0x2001'07b7      0x1  etharp.o [1]
  .bss               zero     0x2001'07b8      0x1  netif.o [1]
  .bss               zero     0x2001'07b9      0x1  pbuf.o [1]
  .bss               zero     0x2001'07ba      0x1  port.o [1]
  .bss               zero     0x2001'07bb      0x1  process.o [1]
  .bss               zero     0x2001'07bc      0x1  process.o [1]
  .bss               zero     0x2001'07bd      0x1  process.o [1]
  .bss               zero     0x2001'07be      0x1  process.o [1]
  .bss               zero     0x2001'07bf      0x1  process.o [1]
  .bss               zero     0x2001'07c0      0x1  process.o [1]
  .bss               zero     0x2001'07c1      0x1  tcp.o [1]
  .bss               zero     0x2001'07c2      0x1  tcp.o [1]
  .bss               zero     0x2001'07c3      0x1  tcp.o [1]
  .bss               zero     0x2001'07c4      0x1  tcp_in.o [1]
  .bss               zero     0x2001'07c5      0x1  tcp_in.o [1]
  .bss               zero     0x2001'07c6      0x1  XShttio.o [2]
                            - 0x2001'07c7  0x10533

"P2", part 3 of 3:                           0x600
  CSTACK                      0x2001'07c8    0x400  <Block>
    CSTACK           uninit   0x2001'07c8    0x400  <Block tail>
  HEAP                        0x2001'0bc8    0x200  <Block>
    HEAP             uninit   0x2001'0bc8    0x200  <Block tail>
                            - 0x2001'0dc8    0x600

"P3":                                       0x4e20
  VARIABLE_MASS      zero     0x2004'b000   0x3e80  analog.o [1]
  VARIABLE_MASS      zero     0x2004'ee80    0x7d0  analog.o [1]
  VARIABLE_MASS      zero     0x2004'f650    0x7d0  analog.o [1]
                            - 0x2004'fe20   0x4e20

Unused ranges:

         From           To      Size
         ----           --      ----
   0x802'34e3   0x80f'ffff  0xd'cb1d
  0x2000'0292  0x2000'0293       0x2
  0x2001'0dc8  0x2004'afff  0x3'a238
  0x2004'fe20  0x2004'ffff     0x1e0


*******************************************************************************
*** INIT TABLE
***

          Address      Size
          -------      ----
Zero (__iar_zero_init3)
    2 destination ranges, total size 0x15353:
          0x2000'0294  0x10533
          0x2004'b000   0x4e20

Copy/lz77 (__iar_lz77_init_single3)
    1 source range, total size 0x177 (56% of destination):
           0x802'336c    0x177
    1 destination range, total size 0x292:
          0x2000'0000    0x292



*******************************************************************************
*** MODULE SUMMARY
***

    Module                  ro code  ro data  rw data
    ------                  -------  -------  -------
command line/config:
    -------------------------------------------------
    Total:

D:\Work\Gerkon\system software\EWARM\config\Obj: [1]
    analog.o                  3 328       16   20 122
    cmsis_os.o                1 848
    def.o                        44
    dhcp.o                    5 754      906       53
    eeprom.o                    160        8        4
    etharp.o                  2 864      608      241
    ethernet.o                  344      192
    ethernetif.o              1 666      156   12 524
    freertos.o                   24               596
    fs.o                        268   28 268      240
    heap_4.o                    648        4   35 864
    httpd.o                   4 124      797    1 060
    httpd_cgi_ssi.o           4 192      776      140
    icmp.o                      704      276
    init.o                       72      184
    ip.o                                           24
    ip4.o                     1 096      180        2
    ip4_addr.o                   80        8
    ip4_frag.o                2 688      580        6
    list.o                      154
    lwip.o                      432       44       92
    main.o                    2 554      140      652
    mem.o                     1 720      660    1 636
    memp.o                      324      452   12 524
    netif.o                   1 116      436        9
    pbuf.o                    2 544      896        1
    port.o                      580        6        9
    portasm.o                   180
    process.o                 2 996       95      457
    queue.o                   2 916
    startup_stm32f745xx.o       840
    stm32f7xx_hal.o             188        3        9
    stm32f7xx_hal_adc.o       1 214
    stm32f7xx_hal_adc_ex.o      634
    stm32f7xx_hal_cortex.o      344
    stm32f7xx_hal_dac.o         298
    stm32f7xx_hal_dma.o       1 416        8
    stm32f7xx_hal_eth.o       3 280
    stm32f7xx_hal_gpio.o        696
    stm32f7xx_hal_i2c.o       2 020
    stm32f7xx_hal_i2c_ex.o      198
    stm32f7xx_hal_msp.o         988                 4
    stm32f7xx_hal_pwr_ex.o      120
    stm32f7xx_hal_rcc.o       1 644
    stm32f7xx_hal_rcc_ex.o    1 388
    stm32f7xx_hal_sdram.o       128
    stm32f7xx_hal_spi.o       1 310
    stm32f7xx_hal_tim.o       2 134
    stm32f7xx_hal_tim_ex.o      350
    stm32f7xx_it.o               60
    stm32f7xx_ll_fmc.o          336
    sys_arch.o                  356       32        4
    system_stm32f7xx.o           16       18        4
    tasks.o                   3 160        8      300
    tcp.o                     5 430    1 836       29
    tcp_in.o                  7 188    1 180       52
    tcp_out.o                 6 564    2 104
[...]
prvCopyDataToQueue       0x801'4677    0x9c  Code  Lc  queue.o [1]
prvDeleteTCB             0x801'3883    0x48  Code  Lc  tasks.o [1]
prvGetDisinheritPriorityAfterTimeout
                         0x801'4661    0x16  Code  Lc  queue.o [1]
prvHeapInit              0x801'4999    0x62  Code  Lc  heap_4.o [1]
prvIdleTask              0x801'37c9    0x24  Code  Lc  tasks.o [1]
prvInitialiseMutex       0x801'3e8d    0x22  Code  Lc  queue.o [1]
prvInitialiseNewQueue    0x801'3e5b    0x32  Code  Lc  queue.o [1]
prvInitialiseNewTask     0x801'3159    0xd6  Code  Lc  tasks.o [1]
prvInitialiseTaskLists   0x801'37ed    0x54  Code  Lc  tasks.o [1]
prvInsertBlockIntoFreeList
                         0x801'49fb    0x5e  Code  Lc  heap_4.o [1]
prvIsQueueEmpty          0x801'47b7    0x1c  Code  Lc  queue.o [1]
prvIsQueueFull           0x801'47d3    0x1e  Code  Lc  queue.o [1]
prvResetNextTaskUnblockTime
                         0x801'38cb    0x2a  Code  Lc  tasks.o [1]
prvTaskExitError         0x801'4aa1    0x32  Code  Lc  port.o [1]
prvUnlockQueue           0x801'4749    0x6e  Code  Lc  queue.o [1]
ptr_to_mem               0x800'c03d     0xc  Code  Lc  mem.o [1]
putchar                  0x802'2871     0xc  Code  Gb  putchar.o [2]
pvPortMalloc             0x801'47f1   0x12c  Code  Gb  heap_4.o [1]
pvTaskIncrementMutexHeldCount
                         0x801'3b8f    0x16  Code  Gb  tasks.o [1]
pxCurrentTCB            0x2001'0708     0x4  Data  Gb  tasks.o [1]
pxDelayedTaskList       0x2001'070c     0x4  Data  Lc  tasks.o [1]
pxEnd                   0x2001'0644     0x4  Data  Lc  heap_4.o [1]
pxOverflowDelayedTaskList
                        0x2001'0710     0x4  Data  Lc  tasks.o [1]
pxPortInitialiseStack    0x801'4a79    0x28  Code  Gb  port.o [1]
pxReadyTasksLists       0x2000'fbe8    0x8c  Data  Lc  tasks.o [1]
ram                     0x2001'0694     0x4  Data  Lc  mem.o [1]
ram_end                 0x2001'0698     0x4  Data  Lc  mem.o [1]
ram_heap                0x2000'e438   0x654  Data  Gb  mem.o [1]
rand                     0x800'c7b9    0x94  Code  Gb  rand.o [2]
reassdatagrams          0x2001'0668     0x4  Data  Lc  ip4_frag.o [1]
recv_acked              0x2001'07b0     0x2  Data  Lc  tcp_in.o [1]
recv_data               0x2001'0768     0x4  Data  Lc  tcp_in.o [1]
recv_flags              0x2001'07c5     0x1  Data  Lc  tcp_in.o [1]
remove                   0x801'f9fb    0x14  Code  Gb  remove.o [5]
rs_current              0x2001'0600     0x4  Data  Lc  analog.o [1]
sFileInfo               0x2000'ff84    0x80  Data  Lc  XShHandles.o [2]
s_xSemaphore            0x2001'0640     0x4  Data  Gb  ethernetif.o [1]
scalbln                  0x800'eee5          Code  Gb  ldexp.o [3]
scalblnl                 0x800'eee5          Code  Gb  ldexp.o [3]
scalbn                   0x800'eee5          Code  Gb  ldexp.o [3]
scalbnl                  0x800'eee5          Code  Gb  ldexp.o [3]
scale                    0x800'b35b    0x46  Code  Lc  xprintffull.o [2]
sec_hand                0x2001'0790     0x4  Data  Lc  xfail_s.o [2]
semaphoreId             0x2001'063c     0x4  Data  Gb  eeprom.o [1]
seqno                   0x2001'0760     0x4  Data  Lc  tcp_in.o [1]
sprintf                  0x801'c27d    0x40  Code  Gb  sprintf.o [2]
sqrt                     0x801'd195          Code  Gb  sqrt.o [3]
sqrtl                    0x801'd195          Code  Gb  sqrt.o [3]
strchr                   0x800'e94d          Code  Gb  strchr.o [4]
strcmp                   0x801'a5ed          Code  Gb  strcmp.o [4]
strcpy                   0x801'c2bd          Code  Gb  strcpy.o [4]
strlen                   0x800'e9a5          Code  Gb  strlen.o [4]
strncmp                  0x801'a4b9    0x28  Code  Gb  strncmp.o [2]
strnstr                  0x801'9335    0x58  Code  Lc  httpd.o [1]
strstr                   0x801'a637    0x30  Code  Gb  strstr.o [2]
sys_arch_mbox_fetch      0x800'bb7d    0x50  Code  Gb  sys_arch.o [1]
sys_arch_protect         0x800'bc61    0x12  Code  Gb  sys_arch.o [1]
sys_arch_unprotect       0x800'bc73     0xe  Code  Gb  sys_arch.o [1]
sys_check_timeouts       0x800'a679    0x3e  Code  Gb  timeouts.o [1]
sys_init                 0x800'bbdd     0xe  Code  Gb  sys_arch.o [1]
sys_mbox_new             0x800'bb2d    0x30  Code  Gb  sys_arch.o [1]
sys_mbox_trypost         0x800'bb5d    0x20  Code  Gb  sys_arch.o [1]
sys_mbox_valid           0x800'bbcd    0x10  Code  Gb  sys_arch.o [1]
sys_mutex_lock           0x800'bc11    0x10  Code  Gb  sys_arch.o [1]
sys_mutex_new            0x800'bbeb    0x26  Code  Gb  sys_arch.o [1]
sys_mutex_unlock         0x800'bc21     0xc  Code  Gb  sys_arch.o [1]
sys_now                  0x800'd24b     0x8  Code  Gb  ethernetif.o [1]
sys_thread_new           0x800'bc2d    0x34  Code  Gb  sys_arch.o [1]
sys_timeout              0x800'a649    0x30  Code  Gb  timeouts.o [1]
sys_timeout_abs          0x800'a56f    0x82  Code  Lc  timeouts.o [1]
sys_timeouts_init        0x800'a62b    0x1e  Code  Gb  timeouts.o [1]
sys_timeouts_sleeptime   0x800'a6b7    0x44  Code  Gb  timeouts.o [1]
tcp_abandon              0x800'78ed   0x120  Code  Gb  tcp.o [1]
tcp_abort                0x800'7a0d     0xe  Code  Gb  tcp.o [1]
tcp_accept               0x800'87a9    0x10  Code  Gb  tcp.o [1]
tcp_accept_null          0x800'7b07    0x2c  Code  Lc  tcp.o [1]
tcp_active_pcbs         0x2001'0750     0x4  Data  Gb  tcp.o [1]
tcp_active_pcbs_changed
                        0x2001'07c1     0x1  Data  Gb  tcp.o [1]
tcp_alloc                0x800'865d    0xc8  Code  Gb  tcp.o [1]
tcp_arg                  0x800'872f     0x8  Code  Gb  tcp.o [1]
tcp_backoff              0x802'2c60    0x10  Data  Lc  tcp.o [1]
tcp_bind                 0x800'7a1b    0xec  Code  Gb  tcp.o [1]
tcp_bound_pcbs          0x2001'0748     0x4  Data  Gb  tcp.o [1]
tcp_close                0x800'78b3    0x3a  Code  Gb  tcp.o [1]
tcp_close_shutdown       0x800'76c7   0x14c  Code  Lc  tcp.o [1]
tcp_close_shutdown_fin   0x800'7813    0xa0  Code  Lc  tcp.o [1]
tcp_create_segment       0x800'8b97   0x11c  Code  Lc  tcp_out.o [1]
tcp_eff_send_mss_netif   0x800'896d    0x56  Code  Gb  tcp.o [1]
tcp_enqueue_flags        0x800'9779   0x196  Code  Gb  tcp_out.o [1]
tcp_err                  0x800'8783    0x26  Code  Gb  tcp.o [1]
tcp_fasttmr              0x800'82cf    0x7e  Code  Gb  tcp.o [1]
tcp_free                 0x800'75db    0x26  Code  Gb  tcp.o [1]
tcp_free_acked_segments
                         0x800'5e71    0xb6  Code  Lc  tcp_in.o [1]
tcp_free_listen          0x800'7601    0x26  Code  Lc  tcp.o [1]
tcp_free_ooseq           0x800'8ae5    0x16  Code  Gb  tcp.o [1]
tcp_get_next_optbyte     0x800'69b7    0x3a  Code  Lc  tcp_in.o [1]
tcp_handle_closepend     0x800'8629    0x2a  Code  Lc  tcp.o [1]
tcp_init                 0x800'75c5    0x16  Code  Gb  tcp.o [1]
tcp_input                0x800'4f1d   0x646  Code  Gb  tcp_in.o [1]
tcp_input_delayed_close
                         0x800'5563    0x54  Code  Lc  tcp_in.o [1]
tcp_input_pcb           0x2001'076c     0x4  Data  Gb  tcp_in.o [1]
tcp_keepalive            0x800'a341    0x5a  Code  Gb  tcp_out.o [1]
tcp_kill_prio            0x800'850d    0x70  Code  Lc  tcp.o [1]
tcp_kill_state           0x800'8585    0x68  Code  Lc  tcp.o [1]
tcp_kill_timewait        0x800'85ed    0x36  Code  Lc  tcp.o [1]
tcp_listen_closed        0x800'7675    0x52  Code  Lc  tcp.o [1]
tcp_listen_input         0x800'55b7   0x150  Code  Lc  tcp_in.o [1]
tcp_listen_pcbs         0x2001'074c     0x4  Data  Gb  tcp.o [1]
tcp_listen_with_backlog
                         0x800'7b33    0x14  Code  Gb  tcp.o [1]
tcp_listen_with_backlog_and_err
                         0x800'7b47    0xe4  Code  Gb  tcp.o [1]
tcp_netif_ip_addr_changed
                         0x800'8a05    0x4a  Code  Gb  tcp.o [1]
tcp_netif_ip_addr_changed_pcblist
                         0x800'89c3    0x38  Code  Lc  tcp.o [1]
tcp_new                  0x800'8725     0xa  Code  Gb  tcp.o [1]
tcp_new_port             0x800'7d17    0x62  Code  Lc  tcp.o [1]
tcp_next_iss             0x800'893d    0x26  Code  Gb  tcp.o [1]
tcp_next_iss::iss       0x2000'0100     0x4  Data  Lc  tcp.o [1]
tcp_oos_insert_segment   0x800'5dc5    0xa2  Code  Lc  tcp_in.o [1]
tcp_optidx              0x2001'07ae     0x2  Data  Lc  tcp_in.o [1]
tcp_output               0x800'9931   0x2d0  Code  Gb  tcp_out.o [1]
tcp_output_alloc_header
                         0x800'a091    0x50  Code  Lc  tcp_out.o [1]
tcp_output_alloc_header_common
                         0x800'9fd5    0xb4  Code  Lc  tcp_out.o [1]
tcp_output_control_segment
                         0x800'a169    0x76  Code  Lc  tcp_out.o [1]
tcp_output_fill_options
                         0x800'a0e9    0x80  Code  Lc  tcp_out.o [1]
tcp_output_segment       0x800'9c39   0x16e  Code  Lc  tcp_out.o [1]
tcp_output_segment_busy
                         0x800'9c05    0x2c  Code  Lc  tcp_out.o [1]
tcp_parseopt             0x800'69f9    0xbc  Code  Lc  tcp_in.o [1]
tcp_pbuf_prealloc        0x800'8cb3    0xde  Code  Lc  tcp_out.o [1]
tcp_pcb_lists            0x802'2c70    0x10  Data  Gb  tcp.o [1]
tcp_pcb_purge            0x800'87f1    0x68  Code  Gb  tcp.o [1]
tcp_pcb_remove           0x800'8871    0xc4  Code  Gb  tcp.o [1]
tcp_persist_backoff      0x802'31c0     0x8  Data  Lc  tcp.o [1]
tcp_poll                 0x800'87b9    0x38  Code  Gb  tcp.o [1]
tcp_port                0x2000'028c     0x2  Data  Lc  tcp.o [1]
tcp_process              0x800'57e9   0x5ce  Code  Lc  tcp_in.o [1]
tcp_process_refused_data
                         0x800'8359    0xb4  Code  Gb  tcp.o [1]
tcp_receive              0x800'5f71   0xa46  Code  Lc  tcp_in.o [1]
tcp_recv                 0x800'8737    0x26  Code  Gb  tcp.o [1]
tcp_recv_null            0x800'84bd    0x50  Code  Gb  tcp.o [1]
tcp_recved               0x800'7ca3    0x74  Code  Gb  tcp.o [1]
tcp_remove_listener      0x800'7643    0x32  Code  Lc  tcp.o [1]
tcp_rexmit               0x800'9eb5    0x92  Code  Gb  tcp_out.o [1]
tcp_rexmit_fast          0x800'9f4d    0x84  Code  Gb  tcp_out.o [1]
tcp_rexmit_rto           0x800'9e7d    0x2e  Code  Gb  tcp_out.o [1]
tcp_rexmit_rto_commit    0x800'9e47    0x36  Code  Gb  tcp_out.o [1]
tcp_rexmit_rto_prepare   0x800'9db1    0x96  Code  Gb  tcp_out.o [1]
tcp_route                0x800'8b75    0x22  Code  Lc  tcp_out.o [1]
tcp_rst                  0x800'a1e5    0x90  Code  Gb  tcp_out.o [1]
tcp_seg_copy             0x800'8469    0x4a  Code  Gb  tcp.o [1]
tcp_seg_free             0x800'8423    0x1e  Code  Gb  tcp.o [1]
tcp_segs_free            0x800'840d    0x16  Code  Gb  tcp.o [1]
tcp_send_empty_ack       0x800'a285    0xbc  Code  Gb  tcp_out.o [1]
tcp_send_fin             0x800'96ff    0x5e  Code  Gb  tcp_out.o [1]
tcp_sent                 0x800'875d    0x26  Code  Gb  tcp.o [1]
tcp_setprio              0x800'8441    0x24  Code  Gb  tcp.o [1]
tcp_slowtmr              0x800'7dcd   0x502  Code  Gb  tcp.o [1]
tcp_split_unsent_seg     0x800'94f1   0x20e  Code  Gb  tcp_out.o [1]
tcp_ticks               0x2001'0744     0x4  Data  Gb  tcp.o [1]
tcp_timer               0x2001'07c2     0x1  Data  Lc  tcp.o [1]
tcp_timer_ctr           0x2001'07c3     0x1  Data  Lc  tcp.o [1]
tcp_timer_needed         0x800'a545    0x2a  Code  Gb  timeouts.o [1]
tcp_timewait_input       0x800'5707    0x9a  Code  Lc  tcp_in.o [1]
tcp_tmr                  0x800'7627    0x1c  Code  Gb  tcp.o [1]
tcp_trigger_input_pcb_close
                         0x800'6ab9     0xc  Code  Gb  tcp_in.o [1]
tcp_tw_pcbs             0x2001'0754     0x4  Data  Gb  tcp.o [1]
tcp_update_rcv_ann_wnd   0x800'7c2b    0x78  Code  Gb  tcp.o [1]
tcp_write                0x800'8e57   0x69a  Code  Gb  tcp_out.o [1]
tcp_write_checks         0x800'8d91    0xc6  Code  Lc  tcp_out.o [1]
tcp_zero_window_probe    0x800'a3b1    0xfe  Code  Gb  tcp_out.o [1]
tcphdr                  0x2001'0758     0x4  Data  Lc  tcp_in.o [1]
tcphdr_opt1len          0x2001'07ac     0x2  Data  Lc  tcp_in.o [1]
tcphdr_opt2             0x2001'075c     0x4  Data  Lc  tcp_in.o [1]
tcphdr_optlen           0x2001'07aa     0x2  Data  Lc  tcp_in.o [1]
tcpip_init               0x800'be69    0x58  Code  Gb  tcpip.o [1]
tcpip_init_done         0x2001'0770     0x4  Data  Lc  tcpip.o [1]
tcpip_init_done_arg     0x2001'0774     0x4  Data  Lc  tcpip.o [1]
tcpip_inpkt              0x800'bd89    0x60  Code  Gb  tcpip.o [1]
tcpip_input              0x800'bde9    0x28  Code  Gb  tcpip.o [1]
tcpip_mbox              0x2001'0778     0x4  Data  Lc  tcpip.o [1]
tcpip_tcp_timer          0x800'a519    0x2c  Code  Lc  timeouts.o [1]
tcpip_tcp_timer_active  0x2001'0788     0x4  Data  Lc  timeouts.o [1]
tcpip_thread             0x800'bcf7    0x3e  Code  Lc  tcpip.o [1]
tcpip_thread_handle_msg
                         0x800'bd35    0x54  Code  Lc  tcpip.o [1]
tcpip_timeouts_mbox_fetch
                         0x800'bc91    0x66  Code  Lc  tcpip.o [1]
tcpip_try_callback       0x800'be11    0x58  Code  Gb  tcpip.o [1]
tcplen                  0x2001'07b2     0x2  Data  Lc  tcp_in.o [1]
timerLed1               0x2001'06e4     0x4  Data  Gb  process.o [1]
timerLed2               0x2001'06e8     0x4  Data  Gb  process.o [1]
tolower                  0x801'd29b    0x14  Code  Gb  tolower.o [2]
transient_time          0x2001'0630     0x4  Data  Lc  analog.o [1]
ttio_guard              0x2001'07c6     0x1  Data  Lc  XShttio.o [2]
ucHeap                  0x2000'0294  0x8c00  Data  Lc  heap_4.o [1]
ucMaxSysCallPriority    0x2001'07ba     0x1  Data  Lc  port.o [1]
udp_bind                 0x800'e365    0xc8  Code  Gb  udp.o [1]
udp_connect              0x800'e42d    0x88  Code  Gb  udp.o [1]
udp_init                 0x800'de2d    0x16  Code  Gb  udp.o [1]
udp_input                0x800'df33   0x1ce  Code  Gb  udp.o [1]
udp_input_local_match    0x800'de91    0xa2  Code  Lc  udp.o [1]
udp_netif_ip_addr_changed
                         0x800'e54d    0x34  Code  Gb  udp.o [1]
udp_new                  0x800'e527    0x26  Code  Gb  udp.o [1]
udp_new_port             0x800'de43    0x4e  Code  Lc  udp.o [1]
udp_pcbs                0x2001'078c     0x4  Data  Gb  udp.o [1]
udp_port                0x2000'028e     0x2  Data  Lc  udp.o [1]
udp_recv                 0x800'e4b5    0x22  Code  Gb  udp.o [1]
udp_remove               0x800'e4d7    0x50  Code  Gb  udp.o [1]
udp_sendto_if            0x800'e101    0xc8  Code  Gb  udp.o [1]
udp_sendto_if_src        0x800'e1c9   0x19c  Code  Gb  udp.o [1]
ulMaxPRIGROUPValue      0x2001'06e0     0x4  Data  Lc  port.o [1]
uwTick                  0x2001'06fc     0x4  Data  Gb  stm32f7xx_hal.o [1]
uwTickFreq              0x2000'0291     0x1  Data  Gb  stm32f7xx_hal.o [1]
uwTickPrio              0x2000'00f8     0x4  Data  Gb  stm32f7xx_hal.o [1]
uxCriticalNesting       0x2000'0050     0x4  Data  Lc  port.o [1]
uxCurrentNumberOfTasks  0x2001'0718     0x4  Data  Lc  tasks.o [1]
uxDeletedTasksWaitingCleanUp
                        0x2001'0714     0x4  Data  Lc  tasks.o [1]
uxListRemove             0x801'5d4b    0x28  Code  Gb  list.o [1]
uxPendedTicks           0x2001'0728     0x4  Data  Lc  tasks.o [1]
uxSchedulerSuspended    0x2001'0740     0x4  Data  Lc  tasks.o [1]
uxTaskNumber            0x2001'0734     0x4  Data  Lc  tasks.o [1]
uxTopReadyPriority      0x2001'0720     0x4  Data  Lc  tasks.o [1]
vApplicationGetIdleTaskMemory
                         0x801'5d75    0x18  Code  Gb  freertos.o [1]
vListInitialise          0x801'5cd9    0x1e  Code  Gb  list.o [1]
vListInitialiseItem      0x801'5cf7     0x6  Code  Gb  list.o [1]
vListInsert              0x801'5d15    0x36  Code  Gb  list.o [1]
vListInsertEnd           0x801'5cfd    0x18  Code  Gb  list.o [1]
vPortEnableVFP           0x801'5e25          Code  Gb  portasm.o [1]
vPortEnterCritical       0x801'4b73    0x3c  Code  Gb  port.o [1]
vPortExitCritical        0x801'4baf    0x30  Code  Gb  port.o [1]
vPortFree                0x801'491d    0x7c  Code  Gb  heap_4.o [1]
vPortStartFirstTask      0x801'5e05          Code  Gb  portasm.o [1]
vPortValidateInterruptPriority
                         0x801'4c0d    0x56  Code  Gb  port.o [1]
vTaskDelay               0x801'32c9    0x52  Code  Gb  tasks.o [1]
vTaskInternalSetTimeOutState
                         0x801'3701    0x12  Code  Gb  tasks.o [1]
vTaskMissedYield         0x801'37bf     0xa  Code  Gb  tasks.o [1]
vTaskPlaceOnEventList    0x801'3645    0x38  Code  Gb  tasks.o [1]
vTaskPriorityDisinheritAfterTimeout
                         0x801'3a99    0xf6  Code  Gb  tasks.o [1]
vTaskStartScheduler      0x801'331b    0x98  Code  Gb  tasks.o [1]
vTaskSuspendAll          0x801'33b3     0xc  Code  Gb  tasks.o [1]
vTaskSwitchContext       0x801'35d3    0x72  Code  Gb  tasks.o [1]
xBlockAllocatedBit      0x2001'0650     0x4  Data  Lc  heap_4.o [1]
xDelayedTaskList1       0x2001'0564    0x14  Data  Lc  tasks.o [1]
xDelayedTaskList2       0x2001'0578    0x14  Data  Lc  tasks.o [1]
xFreeBytesRemaining     0x2001'0648     0x4  Data  Lc  heap_4.o [1]
xHeapStructSize          0x802'31e0     0x4  Data  Lc  heap_4.o [1]
xIdleStack              0x2000'f19c   0x200  Data  Lc  freertos.o [1]
xIdleTaskHandle         0x2001'073c     0x4  Data  Lc  tasks.o [1]
xIdleTaskTCBBuffer      0x2001'00c8    0x54  Data  Lc  freertos.o [1]
xMinimumEverFreeBytesRemaining
                        0x2001'064c     0x4  Data  Lc  heap_4.o [1]
xNextTaskUnblockTime    0x2001'0738     0x4  Data  Lc  tasks.o [1]
xNumOfOverflows         0x2001'0730     0x4  Data  Lc  tasks.o [1]
xPendingReadyList       0x2001'058c    0x14  Data  Lc  tasks.o [1]
xPortStartScheduler      0x801'4ad3    0xa0  Code  Gb  port.o [1]
xPortSysTickHandler      0x801'4bdf    0x2c  Code  Gb  port.o [1]
xQueueCreateMutex        0x801'3eaf    0x20  Code  Gb  queue.o [1]
xQueueCreateMutexStatic
                         0x801'3ecf    0x2e  Code  Gb  queue.o [1]
xQueueGenericCreate      0x801'3dfb    0x60  Code  Gb  queue.o [1]
xQueueGenericCreateStatic
                         0x801'3d25    0xd6  Code  Gb  queue.o [1]
xQueueGenericReset       0x801'3c8d    0x98  Code  Gb  queue.o [1]
xQueueGenericSend        0x801'3efd   0x1b6  Code  Gb  queue.o [1]
xQueueGenericSendFromISR
                         0x801'40b3    0xf0  Code  Gb  queue.o [1]
xQueueGiveFromISR        0x801'41a3    0xd4  Code  Gb  queue.o [1]
xQueueReceive            0x801'4277   0x176  Code  Gb  queue.o [1]
xQueueReceiveFromISR     0x801'45a5    0xbc  Code  Gb  queue.o [1]
xQueueSemaphoreTake      0x801'43ed   0x1b2  Code  Gb  queue.o [1]
xSchedulerRunning       0x2001'0724     0x4  Data  Lc  tasks.o [1]
xStart                  0x2001'05e0     0x8  Data  Lc  heap_4.o [1]
xSuspendedTaskList      0x2001'05b4    0x14  Data  Lc  tasks.o [1]
xTaskCheckForTimeOut     0x801'3729    0x96  Code  Gb  tasks.o [1]
xTaskCreate              0x801'30df    0x7a  Code  Gb  tasks.o [1]
xTaskCreateStatic        0x801'3035    0xaa  Code  Gb  tasks.o [1]
xTaskGetSchedulerState   0x801'38f5    0x20  Code  Gb  tasks.o [1]
xTaskGetTickCount        0x801'34ab     0x8  Code  Gb  tasks.o [1]
xTaskGetTickCountFromISR
                         0x801'34b3    0x10  Code  Gb  tasks.o [1]
xTaskIncrementTick       0x801'34c3   0x110  Code  Gb  tasks.o [1]
xTaskPriorityDisinherit
                         0x801'39d9    0xba  Code  Gb  tasks.o [1]
xTaskPriorityInherit     0x801'3919    0xba  Code  Gb  tasks.o [1]
xTaskRemoveFromEventList
                         0x801'367d    0x80  Code  Gb  tasks.o [1]
xTaskResumeAll           0x801'33bf    0xec  Code  Gb  tasks.o [1]
xTasksWaitingTermination
                        0x2001'05a0    0x14  Data  Lc  tasks.o [1]
xTickCount              0x2001'071c     0x4  Data  Lc  tasks.o [1]
xYieldPending           0x2001'072c     0x4  Data  Lc  tasks.o [1]


[1] = D:\Work\Gerkon\system software\EWARM\config\Obj
[2] = dl7M_tlf.a
[3] = m7M_tls.a
[4] = rt7M_tl.a
[5] = shb_l.a

  102 162 bytes of readonly  code memory
   42 449 bytes of readonly  data memory
   89 061 bytes of readwrite data memory

Errors: none
Warnings: none
